******************************************************************************
                  TI ARM Linker Unix v18.1.5                   
******************************************************************************
>> Linked Thu May  9 11:57:45 2019

OUTPUT FILE NAME:   <Milestone1.out>
ENTRY POINT SYMBOL: "_c_int00_noargs"  address: 000036a5


MEMORY CONFIGURATION

         name            origin    length      used     unused   attr    fill
----------------------  --------  ---------  --------  --------  ----  --------
  FLASH                 00000000   00040000  0000417e  0003be82  R  X
  SRAM                  20000000   00008000  00000a40  000075c0  RW X


SEGMENT ALLOCATION MAP

run origin  load origin   length   init length attrs members
----------  ----------- ---------- ----------- ----- -------
00000000    00000000    00004180   00004180    r-x
  00000000    00000000    0000026c   0000026c    r-- .intvecs
  0000026c    0000026c    00003872   00003872    r-x .text
  00003ae0    00003ae0    00000648   00000648    r-- .const
  00004128    00004128    00000058   00000058    r-- .cinit
20000000    20000000    00000a40   00000000    rw-
  20000000    20000000    0000026c   00000000    rw- .vtable
  2000026c    2000026c    000003b4   00000000    rw- .bss
  20000620    20000620    00000200   00000000    rw- .stack
  20000820    20000820    00000200   00000000    rw- .sysmem
  20000a20    20000a20    00000020   00000000    rw- .data


SECTION ALLOCATION MAP

 output                                  attributes/
section   page    origin      length       input sections
--------  ----  ----------  ----------   ----------------
.intvecs   0    00000000    0000026c     
                  00000000    0000026c     tm4c123gh6pm_startup_ccs.obj (.intvecs)

.text      0    0000026c    00003872     
                  0000026c    00000c84     ustdlib.obj (.text)
                  00000ef0    00000950     OrbitOledGrph.obj (.text)
                  00001840    000003bc     project.obj (.text)
                  00001bfc    0000037c     OrbitOled.obj (.text)
                  00001f78    00000220     buttons4.obj (.text)
                  00002198    00000208     yaw.obj (.text)
                  000023a0    00000204     OrbitOledChar.obj (.text)
                  000025a4    000001f4     heliPWM.obj (.text)
                  00002798    0000014c     display.obj (.text)
                  000028e4    00000132     driverlib.lib : gpio.obj (.text:GPIOPadConfigSet)
                  00002a16    00000118     circBufT.obj (.text)
                  00002b2e    00000002     rtsv7M4_T_le_v4SPD16_eabi.lib : _lock.c.obj (.text:_nop)
                  00002b30    00000114     motorControl.obj (.text)
                  00002c44    00000110     driverlib.lib : sysctl.obj (.text:SysCtlClockGet)
                  00002d54    000000f4                   : sysctl.obj (.text:SysCtlClockSet)
                  00002e48    000000d8     rtsv7M4_T_le_v4SPD16_eabi.lib : memory.c.obj (.text:free)
                  00002f20    0000009c                                   : memcpy_t2.asm.obj (.text)
                  00002fbc    0000007a     driverlib.lib : adc.obj (.text:ADCSequenceStepConfigure)
                  00003036    0000007a     rtsv7M4_T_le_v4SPD16_eabi.lib : memset_t2.asm.obj (.text)
                  000030b0    00000078                                   : memory.c.obj (.text:malloc)
                  00003128    00000074     USBUART.obj (.text)
                  0000319c    0000006c     heliADC.obj (.text)
                  00003208    00000068     driverlib.lib : interrupt.obj (.text:IntEnable)
                  00003270    00000068     rtsv7M4_T_le_v4SPD16_eabi.lib : copy_decompress_lzss.c.obj (.text:decompress:lzss:__TI_decompress_lzss)
                  000032d8    00000060     driverlib.lib : timer.obj (.text:TimerConfigure)
                  00003338    0000005c     delay.obj (.text)
                  00003394    00000058     driverlib.lib : gpio.obj (.text:GPIOIntTypeSet)
                  000033ec    00000050                   : adc.obj (.text:ADCSequenceConfigure)
                  0000343c    00000050                   : adc.obj (.text:_ADCIntNumberGet)
                  0000348c    0000004c                   : gpio.obj (.text:GPIOPinConfigure)
                  000034d8    00000046                   : uart.obj (.text:UARTConfigSetExpClk)
                  0000351e    00000002     rtsv7M4_T_le_v4SPD16_eabi.lib : div0.asm.obj (.text)
                  00003520    00000044     OrbitOLEDInterface.obj (.text)
                  00003564    00000044     driverlib.lib : gpio.obj (.text:_GPIOIntNumberGet)
                  000035a8    00000044     rtsv7M4_T_le_v4SPD16_eabi.lib : autoinit.c.obj (.text:__TI_auto_init_nobinit_nopinit:__TI_auto_init_nobinit_nopinit)
                  000035ec    00000040                                   : u_divt2.asm.obj (.text)
                  0000362c    0000003c     driverlib.lib : ssi.obj (.text:SSIConfigSetExpClk)
                  00003668    0000003c     rtsv7M4_T_le_v4SPD16_eabi.lib : memory.c.obj (.text:minsert)
                  000036a4    00000038                                   : boot_cortex_m.c.obj (.text:_c_int00_noargs:_c_int00_noargs)
                  000036dc    00000038                                   : memory.c.obj (.text:minit)
                  00003714    00000034     driverlib.lib : interrupt.obj (.text:IntRegister)
                  00003748    00000034                   : sysctl.obj (.text:SysCtlPeripheralEnable)
                  0000377c    0000002c                   : gpio.obj (.text:GPIODirModeSet)
                  000037a8    0000002a     rtsv7M4_T_le_v4SPD16_eabi.lib : memory.c.obj (.text:calloc)
                  000037d2    00000002     --HOLE-- [fill = 0]
                  000037d4    00000028                                   : memory.c.obj (.text:mremove)
                  000037fc    00000022     driverlib.lib : pwm.obj (.text:PWMGenConfigure)
                  0000381e    00000002     --HOLE-- [fill = 0]
                  00003820    00000020                   : uart.obj (.text:UARTDisable)
                  00003840    0000001e                   : adc.obj (.text:ADCSequenceDataGet)
                  0000385e    0000001e                   : pwm.obj (.text:PWMPulseWidthSet)
                  0000387c    0000001c                   : systick.obj (.text:SysTickIntRegister)
                  00003898    00000018                   : adc.obj (.text:ADCIntRegister)
                  000038b0    00000018                   : adc.obj (.text:ADCProcessorTrigger)
                  000038c8    00000018                   : gpio.obj (.text:GPIOIntRegister)
                  000038e0    00000018                   : gpio.obj (.text:GPIOPinTypeGPIOOutput)
                  000038f8    00000016                   : gpio.obj (.text:GPIOPinTypeGPIOInput)
                  0000390e    00000016                   : gpio.obj (.text:GPIOPinTypePWM)
                  00003924    00000016                   : gpio.obj (.text:GPIOPinTypeSSI)
                  0000393a    00000016                   : gpio.obj (.text:GPIOPinTypeUART)
                  00003950    00000014                   : sysctl.obj (.text:SysCtlPWMClockSet)
                  00003964    00000014                   : systick.obj (.text:SysTickEnable)
                  00003978    00000014                   : systick.obj (.text:SysTickIntEnable)
                  0000398c    00000014                   : uart.obj (.text:UARTEnable)
                  000039a0    00000012                   : pwm.obj (.text:PWMOutputState)
                  000039b2    00000010                   : adc.obj (.text:ADCIntEnable)
                  000039c2    00000010                   : interrupt.obj (.text:IntMasterEnable)
                  000039d2    00000010                   : pwm.obj (.text:PWMGenPeriodSet)
                  000039e2    00000002     --HOLE-- [fill = 0]
                  000039e4    00000010                   : systick.obj (.text:SysTickPeriodSet)
                  000039f4    0000000e                   : adc.obj (.text:ADCSequenceEnable)
                  00003a02    0000000e                   : gpio.obj (.text:GPIOIntStatus)
                  00003a10    0000000e                   : timer.obj (.text:TimerEnable)
                  00003a1e    0000000e     rtsv7M4_T_le_v4SPD16_eabi.lib : copy_decompress_none.c.obj (.text:decompress:none:__TI_decompress_none)
                  00003a2c    0000000c     driverlib.lib : cpu.obj (.text:CPUcpsie)
                  00003a38    0000000c                   : gpio.obj (.text:GPIOIntEnable)
                  00003a44    0000000c                   : pwm.obj (.text:PWMGenEnable)
                  00003a50    0000000c                   : ssi.obj (.text:SSIDataGet)
                  00003a5c    0000000c     rtsv7M4_T_le_v4SPD16_eabi.lib : copy_zero_init.c.obj (.text:decompress:ZI:__TI_zero_init)
                  00003a68    0000000c     tm4c123gh6pm_startup_ccs.obj (.text)
                  00003a74    0000000a     driverlib.lib : adc.obj (.text:ADCIntClear)
                  00003a7e    0000000a                   : ssi.obj (.text:SSIDataPut)
                  00003a88    0000000a                   : ssi.obj (.text:SSIEnable)
                  00003a92    0000000a                   : timer.obj (.text:TimerValueGet)
                  00003a9c    0000000a                   : uart.obj (.text:UARTCharPut)
                  00003aa6    0000000a                   : uart.obj (.text:UARTFIFOEnable)
                  00003ab0    00000008                   : ssi.obj (.text:SSIBusy)
                  00003ab8    00000006                   : gpio.obj (.text:GPIOIntClear)
                  00003abe    00000006                   : gpio.obj (.text:GPIOPinRead)
                  00003ac4    00000006                   : gpio.obj (.text:GPIOPinWrite)
                  00003aca    00000006                   : ssi.obj (.text:SSIClockSourceSet)
                  00003ad0    00000006                   : sysctl.obj (.text:SysCtlDelay)
                  00003ad6    00000004     rtsv7M4_T_le_v4SPD16_eabi.lib : pre_init.c.obj (.text:_system_pre_init)
                  00003ada    00000004                                   : exit.c.obj (.text:abort:abort)

.const     0    00003ae0    00000648     
                  00003ae0    00000300     ChrFont0.obj (.const:.string:rgbOledFont0)
                  00003de0    000000d8     driverlib.lib : gpio.obj (.const:g_ppui32GPIOIntMapSnowflake)
                  00003eb8    000000c0                   : gpio.obj (.const:g_ppui32GPIOIntMapBlizzard)
                  00003f78    00000090                   : gpio.obj (.const:g_pui32GPIOBaseAddrs)
                  00004008    0000006c                   : sysctl.obj (.const:g_pui32Xtals)
                  00004074    00000040     FillPat.obj (.const:.string:rgbFillPat)
                  000040b4    00000030     ustdlib.obj (.const:g_psDaysToMonth)
                  000040e4    00000018     ustdlib.obj (.const:g_pfExponents)
                  000040fc    00000014     driverlib.lib : interrupt.obj (.const:g_pui32EnRegs)
                  00004110    00000012     ustdlib.obj (.const:.string)
                  00004122    00000002     --HOLE-- [fill = 0]
                  00004124    00000004     ustdlib.obj (.const)

.cinit     0    00004128    00000058     
                  00004128    0000001e     (.cinit..data.load) [load image, compression = lzss]
                  00004146    00000002     --HOLE-- [fill = 0]
                  00004148    0000000c     (__TI_handler_table)
                  00004154    00000004     --HOLE-- [fill = 0]
                  00004158    00000008     (.cinit..bss.load) [load image, compression = zero_init]
                  00004160    00000008     (.cinit..vtable.load) [load image, compression = zero_init]
                  00004168    00000018     (__TI_cinit_table)

.init_array 
*          0    00000000    00000000     UNINITIALIZED

.vtable    0    20000000    0000026c     UNINITIALIZED
                  20000000    0000026c     driverlib.lib : interrupt.obj (.vtable)

.bss       0    2000026c    000003b4     UNINITIALIZED
                  2000026c    00000200     (.common:rgbOledBmp)
                  2000046c    00000100     (.common:rgbOledFontUser)
                  2000056c    00000014     (.common:g_inBuffer)
                  20000580    00000014     (.common:statusStr)
                  20000594    00000010     (.common:mainRotor)
                  200005a4    00000010     (.common:tailRotor)
                  200005b4    0000000d     yaw.obj (.bss)
                  200005c1    00000001     (.common:clrOledCur)
                  200005c2    00000002     (.common:altErrorInt)
                  200005c4    00000007     project.obj (.bss)
                  200005cb    00000004     buttons4.obj (.bss:but_count)
                  200005cf    00000004     buttons4.obj (.bss:but_flag)
                  200005d3    00000004     buttons4.obj (.bss:but_normal)
                  200005d7    00000004     buttons4.obj (.bss:but_state)
                  200005db    00000001     --HOLE--
                  200005dc    00000004     (.common:bnOledCur)
                  200005e0    00000004     (.common:dxcoOledFontCur)
                  200005e4    00000004     (.common:dycoOledFontCur)
                  200005e8    00000004     (.common:fOledCharUpdate)
                  200005ec    00000004     (.common:modOledCur)
                  200005f0    00000004     (.common:pbOledCur)
                  200005f4    00000004     (.common:pbOledFontCur)
                  200005f8    00000004     (.common:pbOledFontUser)
                  200005fc    00000004     (.common:pbOledPatCur)
                  20000600    00000004     (.common:pfnDoRop)
                  20000604    00000004     (.common:xchOledCur)
                  20000608    00000004     (.common:xchOledMax)
                  2000060c    00000004     (.common:xcoOledCur)
                  20000610    00000004     (.common:ychOledCur)
                  20000614    00000004     (.common:ychOledMax)
                  20000618    00000004     (.common:ycoOledCur)
                  2000061c    00000002     (.common:yaw)
                  2000061e    00000002     (.common:yawErrorInt)

.stack     0    20000620    00000200     UNINITIALIZED
                  20000620    00000004     rtsv7M4_T_le_v4SPD16_eabi.lib : boot_cortex_m.c.obj (.stack)
                  20000624    000001fc     --HOLE--

.sysmem    0    20000820    00000200     UNINITIALIZED
                  20000820    00000008     rtsv7M4_T_le_v4SPD16_eabi.lib : memory.c.obj (.sysmem)
                  20000828    000001f8     --HOLE--

.data      0    20000a20    00000020     UNINITIALIZED
                  20000a20    0000000c     rtsv7M4_T_le_v4SPD16_eabi.lib : memory.c.obj (.data:$O1$$)
                  20000a2c    00000008                                   : _lock.c.obj (.data:$O1$$)
                  20000a34    00000007     project.obj (.data)
                  20000a3b    00000001     --HOLE--
                  20000a3c    00000004     ustdlib.obj (.data)

MODULE SUMMARY

       Module                         code    ro data   rw data
       ------                         ----    -------   -------
    ./
       ustdlib.obj                    3204    94        4      
       project.obj                    956     0         92     
       tm4c123gh6pm_startup_ccs.obj   12      620       0      
    +--+------------------------------+-------+---------+---------+
       Total:                         4172    714       96     
                                                               
    ./HeliModules/
       buttons4.obj                   544     0         16     
       yaw.obj                        520     0         13     
       heliPWM.obj                    500     0         0      
       display.obj                    332     0         0      
       circBufT.obj                   280     0         0      
       motorControl.obj               276     0         0      
       USBUART.obj                    116     0         0      
       heliADC.obj                    108     0         0      
    +--+------------------------------+-------+---------+---------+
       Total:                         2676    0         29     
                                                               
    ./OrbitOLED/
       OrbitOLEDInterface.obj         68      0         0      
    +--+------------------------------+-------+---------+---------+
       Total:                         68      0         0      
                                                               
    ./OrbitOLED/lib_OrbitOled/
       OrbitOledGrph.obj              2384    0         8      
       OrbitOled.obj                  892     0         553    
       OrbitOledChar.obj              516     0         272    
       ChrFont0.obj                   0       768       0      
       delay.obj                      92      0         0      
       FillPat.obj                    0       64        0      
    +--+------------------------------+-------+---------+---------+
       Total:                         3884    832       833    
                                                               
    /Applications/ti/ccsv8/tools/compiler/ti-cgt-arm_18.1.4.LTS/include/TivaWare_C_Series-2.1.4.178/driverlib/ccs/Debug/driverlib.lib
       gpio.obj                       762     552       0      
       interrupt.obj                  172     20        620    
       sysctl.obj                     594     108       0      
       adc.obj                        400     0         0      
       uart.obj                       142     0         0      
       timer.obj                      120     0         0      
       pwm.obj                        110     0         0      
       ssi.obj                        106     0         0      
       systick.obj                    84      0         0      
       cpu.obj                        12      0         0      
    +--+------------------------------+-------+---------+---------+
       Total:                         2502    680       620    
                                                               
    /Applications/ti/ccsv8/tools/compiler/ti-cgt-arm_18.1.5.LTS/lib/rtsv7M4_T_le_v4SPD16_eabi.lib
       memory.c.obj                   534     0         12     
       memcpy_t2.asm.obj              156     0         0      
       memset_t2.asm.obj              122     0         0      
       copy_decompress_lzss.c.obj     104     0         0      
       autoinit.c.obj                 68      0         0      
       u_divt2.asm.obj                64      0         0      
       boot_cortex_m.c.obj            56      0         0      
       copy_decompress_none.c.obj     14      0         0      
       copy_zero_init.c.obj           12      0         0      
       _lock.c.obj                    2       0         8      
       exit.c.obj                     4       0         0      
       pre_init.c.obj                 4       0         0      
       div0.asm.obj                   2       0         0      
    +--+------------------------------+-------+---------+---------+
       Total:                         1142    0         20     
                                                               
       Heap:                          0       0         512    
       Stack:                         0       0         512    
       Linker Generated:              0       82        0      
    +--+------------------------------+-------+---------+---------+
       Grand Total:                   14444   2308      2622   


LINKER GENERATED COPY TABLES

__TI_cinit_table @ 00004168 records: 3, size/record: 8, table size: 24
	.data: load addr=00004128, load size=0000001e bytes, run addr=20000a20, run size=00000020 bytes, compression=lzss
	.bss: load addr=00004158, load size=00000008 bytes, run addr=2000026c, run size=000003b4 bytes, compression=zero_init
	.vtable: load addr=00004160, load size=00000008 bytes, run addr=20000000, run size=0000026c bytes, compression=zero_init


LINKER GENERATED HANDLER TABLE

__TI_handler_table @ 00004148 records: 3, size/record: 4, table size: 12
	index: 0, handler: __TI_zero_init
	index: 1, handler: __TI_decompress_lzss
	index: 2, handler: __TI_decompress_none


GLOBAL SYMBOLS: SORTED ALPHABETICALLY BY Name 

address   name                          
-------   ----                          
00003a75  ADCIntClear                   
000039b3  ADCIntEnable                  
0000319d  ADCIntHandler                 
00003899  ADCIntRegister                
000038b1  ADCProcessorTrigger           
000033ed  ADCSequenceConfigure          
00003841  ADCSequenceDataGet            
000039f5  ADCSequenceEnable             
00002fbd  ADCSequenceStepConfigure      
00003adb  C$$EXIT                       
00003a2d  CPUcpsie                      
00003339  DelayInit                     
00003353  DelayMs                       
0000377d  GPIODirModeSet                
00003ab9  GPIOIntClear                  
00003a39  GPIOIntEnable                 
000038c9  GPIOIntRegister               
00003a03  GPIOIntStatus                 
00003395  GPIOIntTypeSet                
000028e5  GPIOPadConfigSet              
0000348d  GPIOPinConfigure              
00003abf  GPIOPinRead                   
000038f9  GPIOPinTypeGPIOInput          
000038e1  GPIOPinTypeGPIOOutput         
0000390f  GPIOPinTypePWM                
00003925  GPIOPinTypeSSI                
0000393b  GPIOPinTypeUART               
00003ac5  GPIOPinWrite                  
00003209  IntEnable                     
000039c3  IntMasterEnable               
00003715  IntRegister                   
00003547  OLEDInitialise                
00003521  OLEDStringDraw                
00002539  OrbitOledAdvanceCursor        
000017e1  OrbitOledClampXco             
00001801  OrbitOledClampYco             
00001dd9  OrbitOledClear                
00001de5  OrbitOledClearBuffer          
00002409  OrbitOledDefUserChar          
00001d55  OrbitOledDevInit              
00001623  OrbitOledDrawChar             
000024c1  OrbitOledDrawGlyph            
00000fe7  OrbitOledDrawPixel            
0000112d  OrbitOledDrawRect             
00001683  OrbitOledDrawString           
00001cdb  OrbitOledDvrInit              
000011b1  OrbitOledFillRect             
000012f5  OrbitOledGetBmp               
00002471  OrbitOledGetCharUpdate        
000023ed  OrbitOledGetCursor            
00000fe1  OrbitOledGetDrawMode          
00001013  OrbitOledGetPixel             
00000f37  OrbitOledGetPos               
00000f6b  OrbitOledGetStdPattern        
00001c11  OrbitOledHostInit             
00001bfd  OrbitOledInit                 
0000102d  OrbitOledLineTo               
00001779  OrbitOledMoveDown             
000017af  OrbitOledMoveLeft             
000017c7  OrbitOledMoveRight            
00000ef1  OrbitOledMoveTo               
00001741  OrbitOledMoveUp               
00001455  OrbitOledPutBmp               
00001e6f  OrbitOledPutBuffer            
00002477  OrbitOledPutChar              
00002495  OrbitOledPutString            
000016ef  OrbitOledRopAnd               
000016cb  OrbitOledRopOr                
000016a1  OrbitOledRopSet               
00001713  OrbitOledRopXor               
00002459  OrbitOledSetCharUpdate        
000023a1  OrbitOledSetCursor            
00000f53  OrbitOledSetDrawColor         
00000f8d  OrbitOledSetDrawMode          
00000f7d  OrbitOledSetFillPattern       
00001e15  OrbitOledUpdate               
000037fd  PWMGenConfigure               
00003a45  PWMGenEnable                  
000039d3  PWMGenPeriodSet               
000039a1  PWMOutputState                
0000385f  PWMPulseWidthSet              
00003a69  ResetISR                      
00003ab1  SSIBusy                       
00003acb  SSIClockSourceSet             
0000362d  SSIConfigSetExpClk            
00003a51  SSIDataGet                    
00003a7f  SSIDataPut                    
00003a89  SSIEnable                     
00001ed5  Ssi3PutByte                   
00002c45  SysCtlClockGet                
00002d55  SysCtlClockSet                
00003ad1  SysCtlDelay                   
00003951  SysCtlPWMClockSet             
00003749  SysCtlPeripheralEnable        
00003965  SysTickEnable                 
00003979  SysTickIntEnable              
00001841  SysTickIntHandler             
0000387d  SysTickIntRegister            
000039e5  SysTickPeriodSet              
000032d9  TimerConfigure                
00003a11  TimerEnable                   
00003a93  TimerValueGet                 
00003a9d  UARTCharPut                   
000034d9  UARTConfigSetExpClk           
00003821  UARTDisable                   
0000398d  UARTEnable                    
00003aa7  UARTFIFOEnable                
0000316f  UARTSend                      
20000820  __STACK_END                   
00000200  __STACK_SIZE                  
20000820  __STACK_TOP                   
00000200  __SYSMEM_SIZE                 
00004168  __TI_CINIT_Base               
00004180  __TI_CINIT_Limit              
00004148  __TI_Handler_Table_Base       
00004154  __TI_Handler_Table_Limit      
000035a9  __TI_auto_init_nobinit_nopinit
00003271  __TI_decompress_lzss          
00003a1f  __TI_decompress_none          
ffffffff  __TI_pprof_out_hndl           
ffffffff  __TI_prof_data_size           
ffffffff  __TI_prof_data_start          
00000000  __TI_static_base__            
00003a5d  __TI_zero_init                
0000351f  __aeabi_idiv0                 
0000351f  __aeabi_ldiv0                 
00003037  __aeabi_memclr                
00003037  __aeabi_memclr4               
00003037  __aeabi_memclr8               
00002f21  __aeabi_memcpy                
00002f21  __aeabi_memcpy4               
00002f21  __aeabi_memcpy8               
00003039  __aeabi_memset                
00003039  __aeabi_memset4               
00003039  __aeabi_memset8               
000035ed  __aeabi_uidiv                 
000035ed  __aeabi_uidivmod              
ffffffff  __binit__                     
ffffffff  __c_args__                    
UNDEFED   __mpu_init                    
20000620  __stack                       
000036a5  _c_int00_noargs               
20000a2c  _lock                         
00002b2f  _nop                          
20000820  _sys_memory                   
UNDEFED   _system_post_cinit            
00003ad7  _system_pre_init              
20000a30  _unlock                       
00003adb  abort                         
200005c2  altErrorInt                   
ffffffff  binit                         
200005dc  bnOledCur                     
00002bcf  calcAltError                  
00002adb  calcMean                      
00002beb  calcYawError                  
000037a9  calloc                        
0000211b  checkButton                   
200005c1  clrOledCur                    
00001957  controlDuty                   
0000281b  displayMeanVal                
00002883  displayPWM                    
00002859  displayYaw                    
200005e0  dxcoOledFontCur               
200005e4  dycoOledFontCur               
200005e8  fOledCharUpdate               
00002e49  free                          
00002ab5  freeCircBuf                   
2000056c  g_inBuffer                    
20000000  g_pfnRAMVectors               
00000000  g_pfnVectors                  
000018c3  handleHMI                     
000031bb  initADC                       
000018af  initAltitude                  
00001f79  initButtons                   
00002a17  initCircBuf                   
00001879  initClock                     
00002799  initDisplay                   
000025a5  initPWMMain                   
00002639  initPWMTail                   
00003129  initUSB_UART                  
0000226b  initYaw                       
00002ba3  integrate                     
00001a9d  main                          
20000594  mainRotor                     
000030b1  malloc                        
000027a1  map                           
000027e1  mapAlt                        
000022fb  mapYaw2Deg                    
00002f21  memcpy                        
0000303f  memset                        
000036dd  minit                         
200005ec  modOledCur                    
0000272f  motorPower                    
200005f0  pbOledCur                     
200005f4  pbOledFontCur                 
200005f8  pbOledFontUser                
200005fc  pbOledPatCur                  
20000600  pfnDoRop                      
00002a81  readCircBuf                   
00004074  rgbFillPat                    
2000026c  rgbOledBmp                    
00003ae0  rgbOledFont0                  
2000046c  rgbOledFontUser               
000026c5  setPWM                        
20000a34  slowTick                      
20000580  statusStr                     
200005a4  tailRotor                     
00000751  ulocaltime                    
0000094f  umktime                       
00002047  updateButtons                 
000019db  updateDesired                 
00002b31  updateMotors                  
00000ec9  urand                         
00000721  usnprintf                     
000006ef  usprintf                      
00000eb9  usrand                        
00000e31  ustrcasecmp                   
00000ea5  ustrcmp                       
00000d35  ustrlen                       
00000d8d  ustrncasecmp                  
00000e45  ustrncmp                      
0000026d  ustrncpy                      
00000d57  ustrstr                       
00000afd  ustrtof                       
000009c5  ustrtoul                      
000002c5  uvsnprintf                    
00002a47  writeCircBuf                  
20000604  xchOledCur                    
20000608  xchOledMax                    
2000060c  xcoOledCur                    
2000061c  yaw                           
2000061e  yawErrorInt                   
00002199  yawIntHandler                 
0000224f  yawRefIntHandler              
20000610  ychOledCur                    
20000614  ychOledMax                    
20000618  ycoOledCur                    


GLOBAL SYMBOLS: SORTED BY Symbol Address 

address   name                          
-------   ----                          
00000000  __TI_static_base__            
00000000  g_pfnVectors                  
00000200  __STACK_SIZE                  
00000200  __SYSMEM_SIZE                 
0000026d  ustrncpy                      
000002c5  uvsnprintf                    
000006ef  usprintf                      
00000721  usnprintf                     
00000751  ulocaltime                    
0000094f  umktime                       
000009c5  ustrtoul                      
00000afd  ustrtof                       
00000d35  ustrlen                       
00000d57  ustrstr                       
00000d8d  ustrncasecmp                  
00000e31  ustrcasecmp                   
00000e45  ustrncmp                      
00000ea5  ustrcmp                       
00000eb9  usrand                        
00000ec9  urand                         
00000ef1  OrbitOledMoveTo               
00000f37  OrbitOledGetPos               
00000f53  OrbitOledSetDrawColor         
00000f6b  OrbitOledGetStdPattern        
00000f7d  OrbitOledSetFillPattern       
00000f8d  OrbitOledSetDrawMode          
00000fe1  OrbitOledGetDrawMode          
00000fe7  OrbitOledDrawPixel            
00001013  OrbitOledGetPixel             
0000102d  OrbitOledLineTo               
0000112d  OrbitOledDrawRect             
000011b1  OrbitOledFillRect             
000012f5  OrbitOledGetBmp               
00001455  OrbitOledPutBmp               
00001623  OrbitOledDrawChar             
00001683  OrbitOledDrawString           
000016a1  OrbitOledRopSet               
000016cb  OrbitOledRopOr                
000016ef  OrbitOledRopAnd               
00001713  OrbitOledRopXor               
00001741  OrbitOledMoveUp               
00001779  OrbitOledMoveDown             
000017af  OrbitOledMoveLeft             
000017c7  OrbitOledMoveRight            
000017e1  OrbitOledClampXco             
00001801  OrbitOledClampYco             
00001841  SysTickIntHandler             
00001879  initClock                     
000018af  initAltitude                  
000018c3  handleHMI                     
00001957  controlDuty                   
000019db  updateDesired                 
00001a9d  main                          
00001bfd  OrbitOledInit                 
00001c11  OrbitOledHostInit             
00001cdb  OrbitOledDvrInit              
00001d55  OrbitOledDevInit              
00001dd9  OrbitOledClear                
00001de5  OrbitOledClearBuffer          
00001e15  OrbitOledUpdate               
00001e6f  OrbitOledPutBuffer            
00001ed5  Ssi3PutByte                   
00001f79  initButtons                   
00002047  updateButtons                 
0000211b  checkButton                   
00002199  yawIntHandler                 
0000224f  yawRefIntHandler              
0000226b  initYaw                       
000022fb  mapYaw2Deg                    
000023a1  OrbitOledSetCursor            
000023ed  OrbitOledGetCursor            
00002409  OrbitOledDefUserChar          
00002459  OrbitOledSetCharUpdate        
00002471  OrbitOledGetCharUpdate        
00002477  OrbitOledPutChar              
00002495  OrbitOledPutString            
000024c1  OrbitOledDrawGlyph            
00002539  OrbitOledAdvanceCursor        
000025a5  initPWMMain                   
00002639  initPWMTail                   
000026c5  setPWM                        
0000272f  motorPower                    
00002799  initDisplay                   
000027a1  map                           
000027e1  mapAlt                        
0000281b  displayMeanVal                
00002859  displayYaw                    
00002883  displayPWM                    
000028e5  GPIOPadConfigSet              
00002a17  initCircBuf                   
00002a47  writeCircBuf                  
00002a81  readCircBuf                   
00002ab5  freeCircBuf                   
00002adb  calcMean                      
00002b2f  _nop                          
00002b31  updateMotors                  
00002ba3  integrate                     
00002bcf  calcAltError                  
00002beb  calcYawError                  
00002c45  SysCtlClockGet                
00002d55  SysCtlClockSet                
00002e49  free                          
00002f21  __aeabi_memcpy                
00002f21  __aeabi_memcpy4               
00002f21  __aeabi_memcpy8               
00002f21  memcpy                        
00002fbd  ADCSequenceStepConfigure      
00003037  __aeabi_memclr                
00003037  __aeabi_memclr4               
00003037  __aeabi_memclr8               
00003039  __aeabi_memset                
00003039  __aeabi_memset4               
00003039  __aeabi_memset8               
0000303f  memset                        
000030b1  malloc                        
00003129  initUSB_UART                  
0000316f  UARTSend                      
0000319d  ADCIntHandler                 
000031bb  initADC                       
00003209  IntEnable                     
00003271  __TI_decompress_lzss          
000032d9  TimerConfigure                
00003339  DelayInit                     
00003353  DelayMs                       
00003395  GPIOIntTypeSet                
000033ed  ADCSequenceConfigure          
0000348d  GPIOPinConfigure              
000034d9  UARTConfigSetExpClk           
0000351f  __aeabi_idiv0                 
0000351f  __aeabi_ldiv0                 
00003521  OLEDStringDraw                
00003547  OLEDInitialise                
000035a9  __TI_auto_init_nobinit_nopinit
000035ed  __aeabi_uidiv                 
000035ed  __aeabi_uidivmod              
0000362d  SSIConfigSetExpClk            
000036a5  _c_int00_noargs               
000036dd  minit                         
00003715  IntRegister                   
00003749  SysCtlPeripheralEnable        
0000377d  GPIODirModeSet                
000037a9  calloc                        
000037fd  PWMGenConfigure               
00003821  UARTDisable                   
00003841  ADCSequenceDataGet            
0000385f  PWMPulseWidthSet              
0000387d  SysTickIntRegister            
00003899  ADCIntRegister                
000038b1  ADCProcessorTrigger           
000038c9  GPIOIntRegister               
000038e1  GPIOPinTypeGPIOOutput         
000038f9  GPIOPinTypeGPIOInput          
0000390f  GPIOPinTypePWM                
00003925  GPIOPinTypeSSI                
0000393b  GPIOPinTypeUART               
00003951  SysCtlPWMClockSet             
00003965  SysTickEnable                 
00003979  SysTickIntEnable              
0000398d  UARTEnable                    
000039a1  PWMOutputState                
000039b3  ADCIntEnable                  
000039c3  IntMasterEnable               
000039d3  PWMGenPeriodSet               
000039e5  SysTickPeriodSet              
000039f5  ADCSequenceEnable             
00003a03  GPIOIntStatus                 
00003a11  TimerEnable                   
00003a1f  __TI_decompress_none          
00003a2d  CPUcpsie                      
00003a39  GPIOIntEnable                 
00003a45  PWMGenEnable                  
00003a51  SSIDataGet                    
00003a5d  __TI_zero_init                
00003a69  ResetISR                      
00003a75  ADCIntClear                   
00003a7f  SSIDataPut                    
00003a89  SSIEnable                     
00003a93  TimerValueGet                 
00003a9d  UARTCharPut                   
00003aa7  UARTFIFOEnable                
00003ab1  SSIBusy                       
00003ab9  GPIOIntClear                  
00003abf  GPIOPinRead                   
00003ac5  GPIOPinWrite                  
00003acb  SSIClockSourceSet             
00003ad1  SysCtlDelay                   
00003ad7  _system_pre_init              
00003adb  C$$EXIT                       
00003adb  abort                         
00003ae0  rgbOledFont0                  
00004074  rgbFillPat                    
00004148  __TI_Handler_Table_Base       
00004154  __TI_Handler_Table_Limit      
00004168  __TI_CINIT_Base               
00004180  __TI_CINIT_Limit              
20000000  g_pfnRAMVectors               
2000026c  rgbOledBmp                    
2000046c  rgbOledFontUser               
2000056c  g_inBuffer                    
20000580  statusStr                     
20000594  mainRotor                     
200005a4  tailRotor                     
200005c1  clrOledCur                    
200005c2  altErrorInt                   
200005dc  bnOledCur                     
200005e0  dxcoOledFontCur               
200005e4  dycoOledFontCur               
200005e8  fOledCharUpdate               
200005ec  modOledCur                    
200005f0  pbOledCur                     
200005f4  pbOledFontCur                 
200005f8  pbOledFontUser                
200005fc  pbOledPatCur                  
20000600  pfnDoRop                      
20000604  xchOledCur                    
20000608  xchOledMax                    
2000060c  xcoOledCur                    
20000610  ychOledCur                    
20000614  ychOledMax                    
20000618  ycoOledCur                    
2000061c  yaw                           
2000061e  yawErrorInt                   
20000620  __stack                       
20000820  __STACK_END                   
20000820  __STACK_TOP                   
20000820  _sys_memory                   
20000a2c  _lock                         
20000a30  _unlock                       
20000a34  slowTick                      
ffffffff  __TI_pprof_out_hndl           
ffffffff  __TI_prof_data_size           
ffffffff  __TI_prof_data_start          
ffffffff  __binit__                     
ffffffff  __c_args__                    
ffffffff  binit                         
UNDEFED   __mpu_init                    
UNDEFED   _system_post_cinit            

[237 symbols]
