<?xml version="1.0" encoding="ISO-8859-1" ?>
<link_info>
   <banner>TI ARM Linker Unix v18.1.5.LTS</banner>
   <copyright>Copyright (c) 1996-2018 Texas Instruments Incorporated</copyright>
   <link_time>0x5cdc9754</link_time>
   <link_errors>0x0</link_errors>
   <output_file>Milestone1.out</output_file>
   <entry_point>
      <name>_c_int00_noargs</name>
      <address>0x3669</address>
   </entry_point>
   <input_file_list>
      <input_file id="fl-2">
         <path>./</path>
         <kind>object</kind>
         <file>project.obj</file>
         <name>project.obj</name>
      </input_file>
      <input_file id="fl-3">
         <path>./</path>
         <kind>object</kind>
         <file>tm4c123gh6pm_startup_ccs.obj</file>
         <name>tm4c123gh6pm_startup_ccs.obj</name>
      </input_file>
      <input_file id="fl-4">
         <path>./</path>
         <kind>object</kind>
         <file>ustdlib.obj</file>
         <name>ustdlib.obj</name>
      </input_file>
      <input_file id="fl-5">
         <path>./HeliModules/</path>
         <kind>object</kind>
         <file>USBUART.obj</file>
         <name>USBUART.obj</name>
      </input_file>
      <input_file id="fl-6">
         <path>./HeliModules/</path>
         <kind>object</kind>
         <file>buttons4.obj</file>
         <name>buttons4.obj</name>
      </input_file>
      <input_file id="fl-7">
         <path>./HeliModules/</path>
         <kind>object</kind>
         <file>circBufT.obj</file>
         <name>circBufT.obj</name>
      </input_file>
      <input_file id="fl-8">
         <path>./HeliModules/</path>
         <kind>object</kind>
         <file>display.obj</file>
         <name>display.obj</name>
      </input_file>
      <input_file id="fl-9">
         <path>./HeliModules/</path>
         <kind>object</kind>
         <file>heliADC.obj</file>
         <name>heliADC.obj</name>
      </input_file>
      <input_file id="fl-a">
         <path>./HeliModules/</path>
         <kind>object</kind>
         <file>heliPWM.obj</file>
         <name>heliPWM.obj</name>
      </input_file>
      <input_file id="fl-b">
         <path>./HeliModules/</path>
         <kind>object</kind>
         <file>motorControl.obj</file>
         <name>motorControl.obj</name>
      </input_file>
      <input_file id="fl-c">
         <path>./HeliModules/</path>
         <kind>object</kind>
         <file>yaw.obj</file>
         <name>yaw.obj</name>
      </input_file>
      <input_file id="fl-d">
         <path>./OrbitOLED/</path>
         <kind>object</kind>
         <file>OrbitOLEDInterface.obj</file>
         <name>OrbitOLEDInterface.obj</name>
      </input_file>
      <input_file id="fl-e">
         <path>./OrbitOLED/lib_OrbitOled/</path>
         <kind>object</kind>
         <file>ChrFont0.obj</file>
         <name>ChrFont0.obj</name>
      </input_file>
      <input_file id="fl-f">
         <path>./OrbitOLED/lib_OrbitOled/</path>
         <kind>object</kind>
         <file>FillPat.obj</file>
         <name>FillPat.obj</name>
      </input_file>
      <input_file id="fl-10">
         <path>./OrbitOLED/lib_OrbitOled/</path>
         <kind>object</kind>
         <file>OrbitOled.obj</file>
         <name>OrbitOled.obj</name>
      </input_file>
      <input_file id="fl-11">
         <path>./OrbitOLED/lib_OrbitOled/</path>
         <kind>object</kind>
         <file>OrbitOledChar.obj</file>
         <name>OrbitOledChar.obj</name>
      </input_file>
      <input_file id="fl-12">
         <path>./OrbitOLED/lib_OrbitOled/</path>
         <kind>object</kind>
         <file>OrbitOledGrph.obj</file>
         <name>OrbitOledGrph.obj</name>
      </input_file>
      <input_file id="fl-13">
         <path>./OrbitOLED/lib_OrbitOled/</path>
         <kind>object</kind>
         <file>delay.obj</file>
         <name>delay.obj</name>
      </input_file>
      <input_file id="fl-18">
         <kind>object</kind>
         <file>&lt;internal&gt;</file>
         <name>&lt;internal&gt;</name>
      </input_file>
      <input_file id="fl-ce">
         <path>/Applications/ti/ccsv8/tools/compiler/ti-cgt-arm_18.1.5.LTS/lib/</path>
         <kind>archive</kind>
         <file>rtsv7M4_T_le_v4SPD16_eabi.lib</file>
         <name>u_divt2.asm.obj</name>
      </input_file>
      <input_file id="fl-cf">
         <path>/Applications/ti/ccsv8/tools/compiler/ti-cgt-arm_18.1.5.LTS/lib/</path>
         <kind>archive</kind>
         <file>rtsv7M4_T_le_v4SPD16_eabi.lib</file>
         <name>copy_zero_init.c.obj</name>
      </input_file>
      <input_file id="fl-d0">
         <path>/Applications/ti/ccsv8/tools/compiler/ti-cgt-arm_18.1.5.LTS/lib/</path>
         <kind>archive</kind>
         <file>rtsv7M4_T_le_v4SPD16_eabi.lib</file>
         <name>copy_decompress_none.c.obj</name>
      </input_file>
      <input_file id="fl-d1">
         <path>/Applications/ti/ccsv8/tools/compiler/ti-cgt-arm_18.1.5.LTS/lib/</path>
         <kind>archive</kind>
         <file>rtsv7M4_T_le_v4SPD16_eabi.lib</file>
         <name>copy_decompress_lzss.c.obj</name>
      </input_file>
      <input_file id="fl-d2">
         <path>/Applications/ti/ccsv8/tools/compiler/ti-cgt-arm_18.1.5.LTS/lib/</path>
         <kind>archive</kind>
         <file>rtsv7M4_T_le_v4SPD16_eabi.lib</file>
         <name>boot_cortex_m.c.obj</name>
      </input_file>
      <input_file id="fl-d3">
         <path>/Applications/ti/ccsv8/tools/compiler/ti-cgt-arm_18.1.5.LTS/lib/</path>
         <kind>archive</kind>
         <file>rtsv7M4_T_le_v4SPD16_eabi.lib</file>
         <name>exit.c.obj</name>
      </input_file>
      <input_file id="fl-d4">
         <path>/Applications/ti/ccsv8/tools/compiler/ti-cgt-arm_18.1.5.LTS/lib/</path>
         <kind>archive</kind>
         <file>rtsv7M4_T_le_v4SPD16_eabi.lib</file>
         <name>memory.c.obj</name>
      </input_file>
      <input_file id="fl-d5">
         <path>/Applications/ti/ccsv8/tools/compiler/ti-cgt-arm_18.1.5.LTS/lib/</path>
         <kind>archive</kind>
         <file>rtsv7M4_T_le_v4SPD16_eabi.lib</file>
         <name>_lock.c.obj</name>
      </input_file>
      <input_file id="fl-d6">
         <path>/Applications/ti/ccsv8/tools/compiler/ti-cgt-arm_18.1.5.LTS/lib/</path>
         <kind>archive</kind>
         <file>rtsv7M4_T_le_v4SPD16_eabi.lib</file>
         <name>args_main.c.obj</name>
      </input_file>
      <input_file id="fl-d7">
         <path>/Applications/ti/ccsv8/tools/compiler/ti-cgt-arm_18.1.5.LTS/lib/</path>
         <kind>archive</kind>
         <file>rtsv7M4_T_le_v4SPD16_eabi.lib</file>
         <name>div0.asm.obj</name>
      </input_file>
      <input_file id="fl-d8">
         <path>/Applications/ti/ccsv8/tools/compiler/ti-cgt-arm_18.1.5.LTS/lib/</path>
         <kind>archive</kind>
         <file>rtsv7M4_T_le_v4SPD16_eabi.lib</file>
         <name>memset_t2.asm.obj</name>
      </input_file>
      <input_file id="fl-d9">
         <path>/Applications/ti/ccsv8/tools/compiler/ti-cgt-arm_18.1.5.LTS/lib/</path>
         <kind>archive</kind>
         <file>rtsv7M4_T_le_v4SPD16_eabi.lib</file>
         <name>memcpy_t2.asm.obj</name>
      </input_file>
      <input_file id="fl-da">
         <path>/Applications/ti/ccsv8/tools/compiler/ti-cgt-arm_18.1.5.LTS/lib/</path>
         <kind>archive</kind>
         <file>rtsv7M4_T_le_v4SPD16_eabi.lib</file>
         <name>autoinit.c.obj</name>
      </input_file>
      <input_file id="fl-db">
         <path>/Applications/ti/ccsv8/tools/compiler/ti-cgt-arm_18.1.5.LTS/lib/</path>
         <kind>archive</kind>
         <file>rtsv7M4_T_le_v4SPD16_eabi.lib</file>
         <name>pre_init.c.obj</name>
      </input_file>
      <input_file id="fl-dc">
         <path>/Applications/ti/ccsv8/tools/compiler/ti-cgt-arm_18.1.5.LTS/lib/</path>
         <kind>archive</kind>
         <file>rtsv7M4_T_le_v4SPD16_eabi.lib</file>
         <name>cpy_tbl.c.obj</name>
      </input_file>
      <input_file id="fl-dd">
         <path>/Applications/ti/ccsv8/tools/compiler/ti-cgt-arm_18.1.4.LTS/include/TivaWare_C_Series-2.1.4.178/driverlib/ccs/Debug/</path>
         <kind>archive</kind>
         <file>driverlib.lib</file>
         <name>adc.obj</name>
      </input_file>
      <input_file id="fl-de">
         <path>/Applications/ti/ccsv8/tools/compiler/ti-cgt-arm_18.1.4.LTS/include/TivaWare_C_Series-2.1.4.178/driverlib/ccs/Debug/</path>
         <kind>archive</kind>
         <file>driverlib.lib</file>
         <name>gpio.obj</name>
      </input_file>
      <input_file id="fl-df">
         <path>/Applications/ti/ccsv8/tools/compiler/ti-cgt-arm_18.1.4.LTS/include/TivaWare_C_Series-2.1.4.178/driverlib/ccs/Debug/</path>
         <kind>archive</kind>
         <file>driverlib.lib</file>
         <name>interrupt.obj</name>
      </input_file>
      <input_file id="fl-e0">
         <path>/Applications/ti/ccsv8/tools/compiler/ti-cgt-arm_18.1.4.LTS/include/TivaWare_C_Series-2.1.4.178/driverlib/ccs/Debug/</path>
         <kind>archive</kind>
         <file>driverlib.lib</file>
         <name>pwm.obj</name>
      </input_file>
      <input_file id="fl-e1">
         <path>/Applications/ti/ccsv8/tools/compiler/ti-cgt-arm_18.1.4.LTS/include/TivaWare_C_Series-2.1.4.178/driverlib/ccs/Debug/</path>
         <kind>archive</kind>
         <file>driverlib.lib</file>
         <name>ssi.obj</name>
      </input_file>
      <input_file id="fl-e2">
         <path>/Applications/ti/ccsv8/tools/compiler/ti-cgt-arm_18.1.4.LTS/include/TivaWare_C_Series-2.1.4.178/driverlib/ccs/Debug/</path>
         <kind>archive</kind>
         <file>driverlib.lib</file>
         <name>sysctl.obj</name>
      </input_file>
      <input_file id="fl-e3">
         <path>/Applications/ti/ccsv8/tools/compiler/ti-cgt-arm_18.1.4.LTS/include/TivaWare_C_Series-2.1.4.178/driverlib/ccs/Debug/</path>
         <kind>archive</kind>
         <file>driverlib.lib</file>
         <name>systick.obj</name>
      </input_file>
      <input_file id="fl-e4">
         <path>/Applications/ti/ccsv8/tools/compiler/ti-cgt-arm_18.1.4.LTS/include/TivaWare_C_Series-2.1.4.178/driverlib/ccs/Debug/</path>
         <kind>archive</kind>
         <file>driverlib.lib</file>
         <name>timer.obj</name>
      </input_file>
      <input_file id="fl-e5">
         <path>/Applications/ti/ccsv8/tools/compiler/ti-cgt-arm_18.1.4.LTS/include/TivaWare_C_Series-2.1.4.178/driverlib/ccs/Debug/</path>
         <kind>archive</kind>
         <file>driverlib.lib</file>
         <name>uart.obj</name>
      </input_file>
      <input_file id="fl-e6">
         <path>/Applications/ti/ccsv8/tools/compiler/ti-cgt-arm_18.1.4.LTS/include/TivaWare_C_Series-2.1.4.178/driverlib/ccs/Debug/</path>
         <kind>archive</kind>
         <file>driverlib.lib</file>
         <name>cpu.obj</name>
      </input_file>
   </input_file_list>
   <object_component_list>
      <object_component id="oc-f">
         <name>.intvecs</name>
         <load_address>0x0</load_address>
         <run_address>0x0</run_address>
         <size>0x26c</size>
         <input_file_ref idref="fl-3"/>
      </object_component>
      <object_component id="oc-1a9">
         <name>.text</name>
         <load_address>0x26c</load_address>
         <run_address>0x26c</run_address>
         <size>0xc84</size>
         <input_file_ref idref="fl-4"/>
      </object_component>
      <object_component id="oc-3d4">
         <name>.text</name>
         <load_address>0xef0</load_address>
         <run_address>0xef0</run_address>
         <size>0x950</size>
         <input_file_ref idref="fl-12"/>
      </object_component>
      <object_component id="oc-eb">
         <name>.text</name>
         <load_address>0x1840</load_address>
         <run_address>0x1840</run_address>
         <size>0x3b4</size>
         <input_file_ref idref="fl-2"/>
      </object_component>
      <object_component id="oc-349">
         <name>.text</name>
         <load_address>0x1bf4</load_address>
         <run_address>0x1bf4</run_address>
         <size>0x37c</size>
         <input_file_ref idref="fl-10"/>
      </object_component>
      <object_component id="oc-172">
         <name>.text</name>
         <load_address>0x1f70</load_address>
         <run_address>0x1f70</run_address>
         <size>0x220</size>
         <input_file_ref idref="fl-6"/>
      </object_component>
      <object_component id="oc-2d">
         <name>.text</name>
         <load_address>0x2190</load_address>
         <run_address>0x2190</run_address>
         <size>0x208</size>
         <input_file_ref idref="fl-c"/>
      </object_component>
      <object_component id="oc-343">
         <name>.text</name>
         <load_address>0x2398</load_address>
         <run_address>0x2398</run_address>
         <size>0x204</size>
         <input_file_ref idref="fl-11"/>
      </object_component>
      <object_component id="oc-1b5">
         <name>.text</name>
         <load_address>0x259c</load_address>
         <run_address>0x259c</run_address>
         <size>0x1f4</size>
         <input_file_ref idref="fl-a"/>
      </object_component>
      <object_component id="oc-1a3">
         <name>.text</name>
         <load_address>0x2790</load_address>
         <run_address>0x2790</run_address>
         <size>0x14c</size>
         <input_file_ref idref="fl-8"/>
      </object_component>
      <object_component id="oc-90">
         <name>.text:GPIOPadConfigSet</name>
         <load_address>0x28dc</load_address>
         <run_address>0x28dc</run_address>
         <size>0x132</size>
         <input_file_ref idref="fl-de"/>
      </object_component>
      <object_component id="oc-1c7">
         <name>.text</name>
         <load_address>0x2a0e</load_address>
         <run_address>0x2a0e</run_address>
         <size>0x118</size>
         <input_file_ref idref="fl-7"/>
      </object_component>
      <object_component id="oc-3b5">
         <name>.text:_nop</name>
         <load_address>0x2b26</load_address>
         <run_address>0x2b26</run_address>
         <size>0x2</size>
         <input_file_ref idref="fl-d5"/>
      </object_component>
      <object_component id="oc-17f">
         <name>.text:SysCtlClockGet</name>
         <load_address>0x2b28</load_address>
         <run_address>0x2b28</run_address>
         <size>0x110</size>
         <input_file_ref idref="fl-e2"/>
      </object_component>
      <object_component id="oc-178">
         <name>.text:SysCtlClockSet</name>
         <load_address>0x2c38</load_address>
         <run_address>0x2c38</run_address>
         <size>0xf4</size>
         <input_file_ref idref="fl-e2"/>
      </object_component>
      <object_component id="oc-1d3">
         <name>.text</name>
         <load_address>0x2d2c</load_address>
         <run_address>0x2d2c</run_address>
         <size>0xe0</size>
         <input_file_ref idref="fl-b"/>
      </object_component>
      <object_component id="oc-2f5">
         <name>.text:free</name>
         <load_address>0x2e0c</load_address>
         <run_address>0x2e0c</run_address>
         <size>0xd8</size>
         <input_file_ref idref="fl-d4"/>
      </object_component>
      <object_component id="oc-41">
         <name>.text</name>
         <load_address>0x2ee4</load_address>
         <run_address>0x2ee4</run_address>
         <size>0x9c</size>
         <input_file_ref idref="fl-d9"/>
      </object_component>
      <object_component id="oc-2d6">
         <name>.text:ADCSequenceStepConfigure</name>
         <load_address>0x2f80</load_address>
         <run_address>0x2f80</run_address>
         <size>0x7a</size>
         <input_file_ref idref="fl-dd"/>
      </object_component>
      <object_component id="oc-df">
         <name>.text</name>
         <load_address>0x2ffa</load_address>
         <run_address>0x2ffa</run_address>
         <size>0x7a</size>
         <input_file_ref idref="fl-d8"/>
      </object_component>
      <object_component id="oc-38a">
         <name>.text:malloc</name>
         <load_address>0x3074</load_address>
         <run_address>0x3074</run_address>
         <size>0x78</size>
         <input_file_ref idref="fl-d4"/>
      </object_component>
      <object_component id="oc-1af">
         <name>.text</name>
         <load_address>0x30ec</load_address>
         <run_address>0x30ec</run_address>
         <size>0x74</size>
         <input_file_ref idref="fl-5"/>
      </object_component>
      <object_component id="oc-1c1">
         <name>.text</name>
         <load_address>0x3160</load_address>
         <run_address>0x3160</run_address>
         <size>0x6c</size>
         <input_file_ref idref="fl-9"/>
      </object_component>
      <object_component id="oc-129">
         <name>.text:IntEnable</name>
         <load_address>0x31cc</load_address>
         <run_address>0x31cc</run_address>
         <size>0x68</size>
         <input_file_ref idref="fl-df"/>
      </object_component>
      <object_component id="oc-12">
         <name>.text:decompress:lzss:__TI_decompress_lzss</name>
         <load_address>0x3234</load_address>
         <run_address>0x3234</run_address>
         <size>0x68</size>
         <input_file_ref idref="fl-d1"/>
      </object_component>
      <object_component id="oc-45c">
         <name>.text:TimerConfigure</name>
         <load_address>0x329c</load_address>
         <run_address>0x329c</run_address>
         <size>0x60</size>
         <input_file_ref idref="fl-e4"/>
      </object_component>
      <object_component id="oc-3e9">
         <name>.text</name>
         <load_address>0x32fc</load_address>
         <run_address>0x32fc</run_address>
         <size>0x5c</size>
         <input_file_ref idref="fl-13"/>
      </object_component>
      <object_component id="oc-9c">
         <name>.text:GPIOIntTypeSet</name>
         <load_address>0x3358</load_address>
         <run_address>0x3358</run_address>
         <size>0x58</size>
         <input_file_ref idref="fl-de"/>
      </object_component>
      <object_component id="oc-2d0">
         <name>.text:ADCSequenceConfigure</name>
         <load_address>0x33b0</load_address>
         <run_address>0x33b0</run_address>
         <size>0x50</size>
         <input_file_ref idref="fl-dd"/>
      </object_component>
      <object_component id="oc-382">
         <name>.text:_ADCIntNumberGet</name>
         <load_address>0x3400</load_address>
         <run_address>0x3400</run_address>
         <size>0x50</size>
         <input_file_ref idref="fl-dd"/>
      </object_component>
      <object_component id="oc-275">
         <name>.text:GPIOPinConfigure</name>
         <load_address>0x3450</load_address>
         <run_address>0x3450</run_address>
         <size>0x4c</size>
         <input_file_ref idref="fl-de"/>
      </object_component>
      <object_component id="oc-27b">
         <name>.text:UARTConfigSetExpClk</name>
         <load_address>0x349c</load_address>
         <run_address>0x349c</run_address>
         <size>0x46</size>
         <input_file_ref idref="fl-e5"/>
      </object_component>
      <object_component id="oc-351">
         <name>.text</name>
         <load_address>0x34e2</load_address>
         <run_address>0x34e2</run_address>
         <size>0x2</size>
         <input_file_ref idref="fl-d7"/>
      </object_component>
      <object_component id="oc-250">
         <name>.text</name>
         <load_address>0x34e4</load_address>
         <run_address>0x34e4</run_address>
         <size>0x44</size>
         <input_file_ref idref="fl-d"/>
      </object_component>
      <object_component id="oc-11d">
         <name>.text:_GPIOIntNumberGet</name>
         <load_address>0x3528</load_address>
         <run_address>0x3528</run_address>
         <size>0x44</size>
         <input_file_ref idref="fl-de"/>
      </object_component>
      <object_component id="oc-1ea">
         <name>.text:__TI_auto_init_nobinit_nopinit:__TI_auto_init_nobinit_nopinit</name>
         <load_address>0x356c</load_address>
         <run_address>0x356c</run_address>
         <size>0x44</size>
         <input_file_ref idref="fl-da"/>
      </object_component>
      <object_component id="oc-257">
         <name>.text</name>
         <load_address>0x35b0</load_address>
         <run_address>0x35b0</run_address>
         <size>0x40</size>
         <input_file_ref idref="fl-ce"/>
      </object_component>
      <object_component id="oc-3fb">
         <name>.text:SSIConfigSetExpClk</name>
         <load_address>0x35f0</load_address>
         <run_address>0x35f0</run_address>
         <size>0x3c</size>
         <input_file_ref idref="fl-e1"/>
      </object_component>
      <object_component id="oc-39d">
         <name>.text:minsert</name>
         <load_address>0x362c</load_address>
         <run_address>0x362c</run_address>
         <size>0x3c</size>
         <input_file_ref idref="fl-d4"/>
      </object_component>
      <object_component id="oc-5f">
         <name>.text:_c_int00_noargs:_c_int00_noargs</name>
         <load_address>0x3668</load_address>
         <run_address>0x3668</run_address>
         <size>0x38</size>
         <input_file_ref idref="fl-d2"/>
      </object_component>
      <object_component id="oc-391">
         <name>.text:minit</name>
         <load_address>0x36a0</load_address>
         <run_address>0x36a0</run_address>
         <size>0x38</size>
         <input_file_ref idref="fl-d4"/>
      </object_component>
      <object_component id="oc-123">
         <name>.text:IntRegister</name>
         <load_address>0x36d8</load_address>
         <run_address>0x36d8</run_address>
         <size>0x34</size>
         <input_file_ref idref="fl-df"/>
      </object_component>
      <object_component id="oc-8a">
         <name>.text:SysCtlPeripheralEnable</name>
         <load_address>0x370c</load_address>
         <run_address>0x370c</run_address>
         <size>0x34</size>
         <input_file_ref idref="fl-e2"/>
      </object_component>
      <object_component id="oc-115">
         <name>.text:GPIODirModeSet</name>
         <load_address>0x3740</load_address>
         <run_address>0x3740</run_address>
         <size>0x2c</size>
         <input_file_ref idref="fl-de"/>
      </object_component>
      <object_component id="oc-2ef">
         <name>.text:calloc</name>
         <load_address>0x376c</load_address>
         <run_address>0x376c</run_address>
         <size>0x2a</size>
         <input_file_ref idref="fl-d4"/>
      </object_component>
      <object_component id="oc-397">
         <name>.text:mremove</name>
         <load_address>0x3798</load_address>
         <run_address>0x3798</run_address>
         <size>0x28</size>
         <input_file_ref idref="fl-d4"/>
      </object_component>
      <object_component id="oc-29b">
         <name>.text:PWMGenConfigure</name>
         <load_address>0x37c0</load_address>
         <run_address>0x37c0</run_address>
         <size>0x22</size>
         <input_file_ref idref="fl-e0"/>
      </object_component>
      <object_component id="oc-367">
         <name>.text:UARTDisable</name>
         <load_address>0x37e4</load_address>
         <run_address>0x37e4</run_address>
         <size>0x20</size>
         <input_file_ref idref="fl-e5"/>
      </object_component>
      <object_component id="oc-2c4">
         <name>.text:ADCSequenceDataGet</name>
         <load_address>0x3804</load_address>
         <run_address>0x3804</run_address>
         <size>0x1e</size>
         <input_file_ref idref="fl-dd"/>
      </object_component>
      <object_component id="oc-2b3">
         <name>.text:PWMPulseWidthSet</name>
         <load_address>0x3822</load_address>
         <run_address>0x3822</run_address>
         <size>0x1e</size>
         <input_file_ref idref="fl-e0"/>
      </object_component>
      <object_component id="oc-18b">
         <name>.text:SysTickIntRegister</name>
         <load_address>0x3840</load_address>
         <run_address>0x3840</run_address>
         <size>0x1c</size>
         <input_file_ref idref="fl-e3"/>
      </object_component>
      <object_component id="oc-2e2">
         <name>.text:ADCIntRegister</name>
         <load_address>0x385c</load_address>
         <run_address>0x385c</run_address>
         <size>0x18</size>
         <input_file_ref idref="fl-dd"/>
      </object_component>
      <object_component id="oc-16c">
         <name>.text:ADCProcessorTrigger</name>
         <load_address>0x3874</load_address>
         <run_address>0x3874</run_address>
         <size>0x18</size>
         <input_file_ref idref="fl-dd"/>
      </object_component>
      <object_component id="oc-a2">
         <name>.text:GPIOIntRegister</name>
         <load_address>0x388c</load_address>
         <run_address>0x388c</run_address>
         <size>0x18</size>
         <input_file_ref idref="fl-de"/>
      </object_component>
      <object_component id="oc-40d">
         <name>.text:GPIOPinTypeGPIOOutput</name>
         <load_address>0x38a4</load_address>
         <run_address>0x38a4</run_address>
         <size>0x18</size>
         <input_file_ref idref="fl-de"/>
      </object_component>
      <object_component id="oc-96">
         <name>.text:GPIOPinTypeGPIOInput</name>
         <load_address>0x38bc</load_address>
         <run_address>0x38bc</run_address>
         <size>0x16</size>
         <input_file_ref idref="fl-de"/>
      </object_component>
      <object_component id="oc-295">
         <name>.text:GPIOPinTypePWM</name>
         <load_address>0x38d2</load_address>
         <run_address>0x38d2</run_address>
         <size>0x16</size>
         <input_file_ref idref="fl-de"/>
      </object_component>
      <object_component id="oc-3ef">
         <name>.text:GPIOPinTypeSSI</name>
         <load_address>0x38e8</load_address>
         <run_address>0x38e8</run_address>
         <size>0x16</size>
         <input_file_ref idref="fl-de"/>
      </object_component>
      <object_component id="oc-26f">
         <name>.text:GPIOPinTypeUART</name>
         <load_address>0x38fe</load_address>
         <run_address>0x38fe</run_address>
         <size>0x16</size>
         <input_file_ref idref="fl-de"/>
      </object_component>
      <object_component id="oc-191">
         <name>.text:SysCtlPWMClockSet</name>
         <load_address>0x3914</load_address>
         <run_address>0x3914</run_address>
         <size>0x14</size>
         <input_file_ref idref="fl-e2"/>
      </object_component>
      <object_component id="oc-19d">
         <name>.text:SysTickEnable</name>
         <load_address>0x3928</load_address>
         <run_address>0x3928</run_address>
         <size>0x14</size>
         <input_file_ref idref="fl-e3"/>
      </object_component>
      <object_component id="oc-197">
         <name>.text:SysTickIntEnable</name>
         <load_address>0x393c</load_address>
         <run_address>0x393c</run_address>
         <size>0x14</size>
         <input_file_ref idref="fl-e3"/>
      </object_component>
      <object_component id="oc-287">
         <name>.text:UARTEnable</name>
         <load_address>0x3950</load_address>
         <run_address>0x3950</run_address>
         <size>0x14</size>
         <input_file_ref idref="fl-e5"/>
      </object_component>
      <object_component id="oc-2a7">
         <name>.text:PWMOutputState</name>
         <load_address>0x3964</load_address>
         <run_address>0x3964</run_address>
         <size>0x12</size>
         <input_file_ref idref="fl-e0"/>
      </object_component>
      <object_component id="oc-2e8">
         <name>.text:ADCIntEnable</name>
         <load_address>0x3976</load_address>
         <run_address>0x3976</run_address>
         <size>0x10</size>
         <input_file_ref idref="fl-dd"/>
      </object_component>
      <object_component id="oc-1cd">
         <name>.text:IntMasterEnable</name>
         <load_address>0x3986</load_address>
         <run_address>0x3986</run_address>
         <size>0x10</size>
         <input_file_ref idref="fl-df"/>
      </object_component>
      <object_component id="oc-2ad">
         <name>.text:PWMGenPeriodSet</name>
         <load_address>0x3996</load_address>
         <run_address>0x3996</run_address>
         <size>0x10</size>
         <input_file_ref idref="fl-e0"/>
      </object_component>
      <object_component id="oc-185">
         <name>.text:SysTickPeriodSet</name>
         <load_address>0x39a8</load_address>
         <run_address>0x39a8</run_address>
         <size>0x10</size>
         <input_file_ref idref="fl-e3"/>
      </object_component>
      <object_component id="oc-2dc">
         <name>.text:ADCSequenceEnable</name>
         <load_address>0x39b8</load_address>
         <run_address>0x39b8</run_address>
         <size>0xe</size>
         <input_file_ref idref="fl-dd"/>
      </object_component>
      <object_component id="oc-78">
         <name>.text:GPIOIntStatus</name>
         <load_address>0x39c6</load_address>
         <run_address>0x39c6</run_address>
         <size>0xe</size>
         <input_file_ref idref="fl-de"/>
      </object_component>
      <object_component id="oc-462">
         <name>.text:TimerEnable</name>
         <load_address>0x39d4</load_address>
         <run_address>0x39d4</run_address>
         <size>0xe</size>
         <input_file_ref idref="fl-e4"/>
      </object_component>
      <object_component id="oc-18">
         <name>.text:decompress:none:__TI_decompress_none</name>
         <load_address>0x39e2</load_address>
         <run_address>0x39e2</run_address>
         <size>0xe</size>
         <input_file_ref idref="fl-d0"/>
      </object_component>
      <object_component id="oc-2fd">
         <name>.text:CPUcpsie</name>
         <load_address>0x39f0</load_address>
         <run_address>0x39f0</run_address>
         <size>0xc</size>
         <input_file_ref idref="fl-e6"/>
      </object_component>
      <object_component id="oc-a8">
         <name>.text:GPIOIntEnable</name>
         <load_address>0x39fc</load_address>
         <run_address>0x39fc</run_address>
         <size>0xc</size>
         <input_file_ref idref="fl-de"/>
      </object_component>
      <object_component id="oc-2a1">
         <name>.text:PWMGenEnable</name>
         <load_address>0x3a08</load_address>
         <run_address>0x3a08</run_address>
         <size>0xc</size>
         <input_file_ref idref="fl-e0"/>
      </object_component>
      <object_component id="oc-41f">
         <name>.text:SSIDataGet</name>
         <load_address>0x3a14</load_address>
         <run_address>0x3a14</run_address>
         <size>0xc</size>
         <input_file_ref idref="fl-e1"/>
      </object_component>
      <object_component id="oc-53">
         <name>.text:decompress:ZI:__TI_zero_init</name>
         <load_address>0x3a20</load_address>
         <run_address>0x3a20</run_address>
         <size>0xc</size>
         <input_file_ref idref="fl-cf"/>
      </object_component>
      <object_component id="oc-27">
         <name>.text</name>
         <load_address>0x3a2c</load_address>
         <run_address>0x3a2c</run_address>
         <size>0xc</size>
         <input_file_ref idref="fl-3"/>
      </object_component>
      <object_component id="oc-2ca">
         <name>.text:ADCIntClear</name>
         <load_address>0x3a38</load_address>
         <run_address>0x3a38</run_address>
         <size>0xa</size>
         <input_file_ref idref="fl-dd"/>
      </object_component>
      <object_component id="oc-419">
         <name>.text:SSIDataPut</name>
         <load_address>0x3a42</load_address>
         <run_address>0x3a42</run_address>
         <size>0xa</size>
         <input_file_ref idref="fl-e1"/>
      </object_component>
      <object_component id="oc-401">
         <name>.text:SSIEnable</name>
         <load_address>0x3a4c</load_address>
         <run_address>0x3a4c</run_address>
         <size>0xa</size>
         <input_file_ref idref="fl-e1"/>
      </object_component>
      <object_component id="oc-468">
         <name>.text:TimerValueGet</name>
         <load_address>0x3a56</load_address>
         <run_address>0x3a56</run_address>
         <size>0xa</size>
         <input_file_ref idref="fl-e4"/>
      </object_component>
      <object_component id="oc-28d">
         <name>.text:UARTCharPut</name>
         <load_address>0x3a60</load_address>
         <run_address>0x3a60</run_address>
         <size>0xa</size>
         <input_file_ref idref="fl-e5"/>
      </object_component>
      <object_component id="oc-281">
         <name>.text:UARTFIFOEnable</name>
         <load_address>0x3a6a</load_address>
         <run_address>0x3a6a</run_address>
         <size>0xa</size>
         <input_file_ref idref="fl-e5"/>
      </object_component>
      <object_component id="oc-413">
         <name>.text:SSIBusy</name>
         <load_address>0x3a74</load_address>
         <run_address>0x3a74</run_address>
         <size>0x8</size>
         <input_file_ref idref="fl-e1"/>
      </object_component>
      <object_component id="oc-7e">
         <name>.text:GPIOIntClear</name>
         <load_address>0x3a7c</load_address>
         <run_address>0x3a7c</run_address>
         <size>0x6</size>
         <input_file_ref idref="fl-de"/>
      </object_component>
      <object_component id="oc-84">
         <name>.text:GPIOPinRead</name>
         <load_address>0x3a82</load_address>
         <run_address>0x3a82</run_address>
         <size>0x6</size>
         <input_file_ref idref="fl-de"/>
      </object_component>
      <object_component id="oc-407">
         <name>.text:GPIOPinWrite</name>
         <load_address>0x3a88</load_address>
         <run_address>0x3a88</run_address>
         <size>0x6</size>
         <input_file_ref idref="fl-de"/>
      </object_component>
      <object_component id="oc-3f5">
         <name>.text:SSIClockSourceSet</name>
         <load_address>0x3a8e</load_address>
         <run_address>0x3a8e</run_address>
         <size>0x6</size>
         <input_file_ref idref="fl-e1"/>
      </object_component>
      <object_component id="oc-17e">
         <name>.text:SysCtlDelay</name>
         <load_address>0x3a94</load_address>
         <run_address>0x3a94</run_address>
         <size>0x6</size>
         <input_file_ref idref="fl-e2"/>
      </object_component>
      <object_component id="oc-e5">
         <name>.text:_system_pre_init</name>
         <load_address>0x3a9a</load_address>
         <run_address>0x3a9a</run_address>
         <size>0x4</size>
         <input_file_ref idref="fl-db"/>
      </object_component>
      <object_component id="oc-1de">
         <name>.text:abort:abort</name>
         <load_address>0x3a9e</load_address>
         <run_address>0x3a9e</run_address>
         <size>0x4</size>
         <input_file_ref idref="fl-d3"/>
      </object_component>
      <object_component id="oc-425">
         <name>.const:.string:rgbOledFont0</name>
         <load_address>0x3aa4</load_address>
         <run_address>0x3aa4</run_address>
         <size>0x300</size>
         <input_file_ref idref="fl-e"/>
      </object_component>
      <object_component id="oc-228">
         <name>.const:g_ppui32GPIOIntMapSnowflake</name>
         <load_address>0x3da4</load_address>
         <run_address>0x3da4</run_address>
         <size>0xd8</size>
         <input_file_ref idref="fl-de"/>
      </object_component>
      <object_component id="oc-225">
         <name>.const:g_ppui32GPIOIntMapBlizzard</name>
         <load_address>0x3e7c</load_address>
         <run_address>0x3e7c</run_address>
         <size>0xc0</size>
         <input_file_ref idref="fl-de"/>
      </object_component>
      <object_component id="oc-363">
         <name>.const:g_pui32GPIOBaseAddrs</name>
         <load_address>0x3f3c</load_address>
         <run_address>0x3f3c</run_address>
         <size>0x90</size>
         <input_file_ref idref="fl-de"/>
      </object_component>
      <object_component id="oc-246">
         <name>.const:g_pui32Xtals</name>
         <load_address>0x3fcc</load_address>
         <run_address>0x3fcc</run_address>
         <size>0x6c</size>
         <input_file_ref idref="fl-e2"/>
      </object_component>
      <object_component id="oc-42b">
         <name>.const:.string:rgbFillPat</name>
         <load_address>0x4038</load_address>
         <run_address>0x4038</run_address>
         <size>0x40</size>
         <input_file_ref idref="fl-f"/>
      </object_component>
      <object_component id="oc-25f">
         <name>.const:g_psDaysToMonth</name>
         <load_address>0x4078</load_address>
         <run_address>0x4078</run_address>
         <size>0x30</size>
         <input_file_ref idref="fl-4"/>
      </object_component>
      <object_component id="oc-262">
         <name>.const:g_pfExponents</name>
         <load_address>0x40a8</load_address>
         <run_address>0x40a8</run_address>
         <size>0x18</size>
         <input_file_ref idref="fl-4"/>
      </object_component>
      <object_component id="oc-231">
         <name>.const:g_pui32EnRegs</name>
         <load_address>0x40c0</load_address>
         <run_address>0x40c0</run_address>
         <size>0x14</size>
         <input_file_ref idref="fl-df"/>
      </object_component>
      <object_component id="oc-357">
         <name>.const:.string</name>
         <load_address>0x40d4</load_address>
         <run_address>0x40d4</run_address>
         <size>0x12</size>
         <input_file_ref idref="fl-4"/>
      </object_component>
      <object_component id="oc-25c">
         <name>.const</name>
         <load_address>0x40e8</load_address>
         <run_address>0x40e8</run_address>
         <size>0x4</size>
         <input_file_ref idref="fl-4"/>
      </object_component>
      <object_component id="oc-4b7">
         <name>.cinit..data.load</name>
         <load_address>0x40f0</load_address>
         <run_address>0x40f0</run_address>
         <size>0x1d</size>
      </object_component>
      <object_component id="oc-4b4">
         <name>__TI_handler_table</name>
         <load_address>0x4110</load_address>
         <run_address>0x4110</run_address>
         <size>0xc</size>
      </object_component>
      <object_component id="oc-4b8">
         <name>.cinit..bss.load</name>
         <load_address>0x4120</load_address>
         <run_address>0x4120</run_address>
         <size>0x8</size>
      </object_component>
      <object_component id="oc-4b6">
         <name>.cinit..vtable.load</name>
         <load_address>0x4128</load_address>
         <run_address>0x4128</run_address>
         <size>0x8</size>
      </object_component>
      <object_component id="oc-4b5">
         <name>__TI_cinit_table</name>
         <load_address>0x4130</load_address>
         <run_address>0x4130</run_address>
         <size>0x18</size>
      </object_component>
      <object_component id="oc-22c">
         <name>.vtable</name>
         <uninitialized>true</uninitialized>
         <run_address>0x20000000</run_address>
         <size>0x26c</size>
         <input_file_ref idref="fl-df"/>
      </object_component>
      <object_component id="oc-1be">
         <name>.data</name>
         <load_address>0x20000a30</load_address>
         <run_address>0x20000a30</run_address>
         <size>0xd</size>
         <input_file_ref idref="fl-2"/>
      </object_component>
      <object_component id="oc-265">
         <name>.data</name>
         <load_address>0x20000a54</load_address>
         <run_address>0x20000a54</run_address>
         <size>0x4</size>
         <input_file_ref idref="fl-4"/>
      </object_component>
      <object_component id="oc-3a3">
         <name>.data:$O1$$</name>
         <load_address>0x20000a40</load_address>
         <run_address>0x20000a40</run_address>
         <size>0xc</size>
         <input_file_ref idref="fl-d4"/>
      </object_component>
      <object_component id="oc-30d">
         <name>.data:$O1$$</name>
         <load_address>0x20000a4c</load_address>
         <run_address>0x20000a4c</run_address>
         <size>0x8</size>
         <input_file_ref idref="fl-d5"/>
      </object_component>
      <object_component id="oc-1bb">
         <name>.bss</name>
         <uninitialized>true</uninitialized>
         <run_address>0x200005b4</run_address>
         <size>0xf</size>
         <input_file_ref idref="fl-2"/>
      </object_component>
      <object_component id="oc-23a">
         <name>.bss:but_state</name>
         <uninitialized>true</uninitialized>
         <run_address>0x200005e8</run_address>
         <size>0x4</size>
         <input_file_ref idref="fl-6"/>
      </object_component>
      <object_component id="oc-23d">
         <name>.bss:but_count</name>
         <uninitialized>true</uninitialized>
         <run_address>0x200005dc</run_address>
         <size>0x4</size>
         <input_file_ref idref="fl-6"/>
      </object_component>
      <object_component id="oc-240">
         <name>.bss:but_flag</name>
         <uninitialized>true</uninitialized>
         <run_address>0x200005e0</run_address>
         <size>0x4</size>
         <input_file_ref idref="fl-6"/>
      </object_component>
      <object_component id="oc-237">
         <name>.bss:but_normal</name>
         <uninitialized>true</uninitialized>
         <run_address>0x200005e4</run_address>
         <size>0x4</size>
         <input_file_ref idref="fl-6"/>
      </object_component>
      <object_component id="oc-304">
         <name>.bss</name>
         <uninitialized>true</uninitialized>
         <run_address>0x200005d4</run_address>
         <size>0x8</size>
         <input_file_ref idref="fl-b"/>
      </object_component>
      <object_component id="oc-ae">
         <name>.bss</name>
         <uninitialized>true</uninitialized>
         <run_address>0x200005c4</run_address>
         <size>0xd</size>
         <input_file_ref idref="fl-c"/>
      </object_component>
      <object_component id="oc-b1">
         <name>.common:yaw</name>
         <uninitialized>true</uninitialized>
         <run_address>0x200005d2</run_address>
         <size>0x2</size>
      </object_component>
      <object_component id="oc-1dc">
         <name>.common:g_inBuffer</name>
         <uninitialized>true</uninitialized>
         <run_address>0x2000056c</run_address>
         <size>0x14</size>
      </object_component>
      <object_component id="oc-1d9">
         <name>.common:statusStr</name>
         <uninitialized>true</uninitialized>
         <run_address>0x20000580</run_address>
         <size>0x14</size>
      </object_component>
      <object_component id="oc-1da">
         <name>.common:mainRotor</name>
         <uninitialized>true</uninitialized>
         <run_address>0x20000594</run_address>
         <size>0x10</size>
      </object_component>
      <object_component id="oc-1db">
         <name>.common:tailRotor</name>
         <uninitialized>true</uninitialized>
         <run_address>0x200005a4</run_address>
         <size>0x10</size>
      </object_component>
      <object_component id="oc-450">
         <name>.common:xcoOledCur</name>
         <uninitialized>true</uninitialized>
         <run_address>0x2000061c</run_address>
         <size>0x4</size>
      </object_component>
      <object_component id="oc-451">
         <name>.common:ycoOledCur</name>
         <uninitialized>true</uninitialized>
         <run_address>0x20000628</run_address>
         <size>0x4</size>
      </object_component>
      <object_component id="oc-3e7">
         <name>.common:pbOledCur</name>
         <uninitialized>true</uninitialized>
         <run_address>0x20000600</run_address>
         <size>0x4</size>
      </object_component>
      <object_component id="oc-452">
         <name>.common:bnOledCur</name>
         <uninitialized>true</uninitialized>
         <run_address>0x200005ec</run_address>
         <size>0x4</size>
      </object_component>
      <object_component id="oc-429">
         <name>.common:clrOledCur</name>
         <uninitialized>true</uninitialized>
         <run_address>0x200005c3</run_address>
         <size>0x1</size>
      </object_component>
      <object_component id="oc-42a">
         <name>.common:pbOledPatCur</name>
         <uninitialized>true</uninitialized>
         <run_address>0x2000060c</run_address>
         <size>0x4</size>
      </object_component>
      <object_component id="oc-3e5">
         <name>.common:fOledCharUpdate</name>
         <uninitialized>true</uninitialized>
         <run_address>0x200005f8</run_address>
         <size>0x4</size>
      </object_component>
      <object_component id="oc-3e0">
         <name>.common:dxcoOledFontCur</name>
         <uninitialized>true</uninitialized>
         <run_address>0x200005f0</run_address>
         <size>0x4</size>
      </object_component>
      <object_component id="oc-3e3">
         <name>.common:dycoOledFontCur</name>
         <uninitialized>true</uninitialized>
         <run_address>0x200005f4</run_address>
         <size>0x4</size>
      </object_component>
      <object_component id="oc-3e6">
         <name>.common:pbOledFontCur</name>
         <uninitialized>true</uninitialized>
         <run_address>0x20000604</run_address>
         <size>0x4</size>
      </object_component>
      <object_component id="oc-3e4">
         <name>.common:pbOledFontUser</name>
         <uninitialized>true</uninitialized>
         <run_address>0x20000608</run_address>
         <size>0x4</size>
      </object_component>
      <object_component id="oc-42e">
         <name>.common:rgbOledBmp</name>
         <uninitialized>true</uninitialized>
         <run_address>0x2000026c</run_address>
         <size>0x200</size>
      </object_component>
      <object_component id="oc-3de">
         <name>.common:xchOledCur</name>
         <uninitialized>true</uninitialized>
         <run_address>0x20000614</run_address>
         <size>0x4</size>
      </object_component>
      <object_component id="oc-3df">
         <name>.common:ychOledCur</name>
         <uninitialized>true</uninitialized>
         <run_address>0x20000620</run_address>
         <size>0x4</size>
      </object_component>
      <object_component id="oc-3da">
         <name>.common:xchOledMax</name>
         <uninitialized>true</uninitialized>
         <run_address>0x20000618</run_address>
         <size>0x4</size>
      </object_component>
      <object_component id="oc-3dd">
         <name>.common:ychOledMax</name>
         <uninitialized>true</uninitialized>
         <run_address>0x20000624</run_address>
         <size>0x4</size>
      </object_component>
      <object_component id="oc-428">
         <name>.common:rgbOledFontUser</name>
         <uninitialized>true</uninitialized>
         <run_address>0x2000046c</run_address>
         <size>0x100</size>
      </object_component>
      <object_component id="oc-456">
         <name>.common:pfnDoRop</name>
         <uninitialized>true</uninitialized>
         <run_address>0x20000610</run_address>
         <size>0x4</size>
      </object_component>
      <object_component id="oc-453">
         <name>.common:modOledCur</name>
         <uninitialized>true</uninitialized>
         <run_address>0x200005fc</run_address>
         <size>0x4</size>
      </object_component>
      <object_component id="oc-24">
         <name>.sysmem</name>
         <uninitialized>true</uninitialized>
         <run_address>0x20000830</run_address>
         <size>0x8</size>
         <input_file_ref idref="fl-d4"/>
      </object_component>
      <object_component id="oc-4ba">
         <name>.sysmem</name>
         <uninitialized>true</uninitialized>
         <run_address>0x20000830</run_address>
         <size>0x0</size>
      </object_component>
      <object_component id="oc-21">
         <name>.stack</name>
         <uninitialized>true</uninitialized>
         <run_address>0x20000630</run_address>
         <size>0x4</size>
         <input_file_ref idref="fl-d2"/>
      </object_component>
      <object_component id="oc-4b9">
         <name>.stack</name>
         <uninitialized>true</uninitialized>
         <run_address>0x20000630</run_address>
         <size>0x0</size>
      </object_component>
      <object_component id="oc-b2">
         <name>.debug_info</name>
         <load_address>0x0</load_address>
         <run_address>0x0</run_address>
         <size>0x951</size>
         <input_file_ref idref="fl-2"/>
      </object_component>
      <object_component id="oc-1bc">
         <name>.debug_info</name>
         <load_address>0x951</load_address>
         <run_address>0x951</run_address>
         <size>0x16b</size>
         <input_file_ref idref="fl-2"/>
      </object_component>
      <object_component id="oc-1bf">
         <name>.debug_info</name>
         <load_address>0xabc</load_address>
         <run_address>0xabc</run_address>
         <size>0x11e</size>
         <input_file_ref idref="fl-2"/>
      </object_component>
      <object_component id="oc-ec">
         <name>.debug_info</name>
         <load_address>0xbda</load_address>
         <run_address>0xbda</run_address>
         <size>0x824</size>
         <input_file_ref idref="fl-2"/>
      </object_component>
      <object_component id="oc-135">
         <name>.debug_info</name>
         <load_address>0x13fe</load_address>
         <run_address>0x13fe</run_address>
         <size>0x9a</size>
         <input_file_ref idref="fl-2"/>
      </object_component>
      <object_component id="oc-13a">
         <name>.debug_info</name>
         <load_address>0x1498</load_address>
         <run_address>0x1498</run_address>
         <size>0xa6</size>
         <input_file_ref idref="fl-2"/>
      </object_component>
      <object_component id="oc-c5">
         <name>.debug_info</name>
         <load_address>0x153e</load_address>
         <run_address>0x153e</run_address>
         <size>0x26b</size>
         <input_file_ref idref="fl-2"/>
      </object_component>
      <object_component id="oc-144">
         <name>.debug_info</name>
         <load_address>0x17a9</load_address>
         <run_address>0x17a9</run_address>
         <size>0x196</size>
         <input_file_ref idref="fl-2"/>
      </object_component>
      <object_component id="oc-be">
         <name>.debug_info</name>
         <load_address>0x193f</load_address>
         <run_address>0x193f</run_address>
         <size>0x8b</size>
         <input_file_ref idref="fl-2"/>
      </object_component>
      <object_component id="oc-157">
         <name>.debug_info</name>
         <load_address>0x19ca</load_address>
         <run_address>0x19ca</run_address>
         <size>0x297</size>
         <input_file_ref idref="fl-2"/>
      </object_component>
      <object_component id="oc-b9">
         <name>.debug_info</name>
         <load_address>0x1c61</load_address>
         <run_address>0x1c61</run_address>
         <size>0xbb</size>
         <input_file_ref idref="fl-2"/>
      </object_component>
      <object_component id="oc-26a">
         <name>.debug_info</name>
         <load_address>0x1d1c</load_address>
         <run_address>0x1d1c</run_address>
         <size>0x2c</size>
         <input_file_ref idref="fl-2"/>
      </object_component>
      <object_component id="oc-13f">
         <name>.debug_info</name>
         <load_address>0x1d48</load_address>
         <run_address>0x1d48</run_address>
         <size>0x35</size>
         <input_file_ref idref="fl-2"/>
      </object_component>
      <object_component id="oc-149">
         <name>.debug_info</name>
         <load_address>0x1d7d</load_address>
         <run_address>0x1d7d</run_address>
         <size>0x83</size>
         <input_file_ref idref="fl-2"/>
      </object_component>
      <object_component id="oc-152">
         <name>.debug_info</name>
         <load_address>0x1e00</load_address>
         <run_address>0x1e00</run_address>
         <size>0x7a</size>
         <input_file_ref idref="fl-2"/>
      </object_component>
      <object_component id="oc-2bd">
         <name>.debug_info</name>
         <load_address>0x1e7a</load_address>
         <run_address>0x1e7a</run_address>
         <size>0x51</size>
         <input_file_ref idref="fl-2"/>
      </object_component>
      <object_component id="oc-35">
         <name>.debug_info</name>
         <load_address>0x1ecb</load_address>
         <run_address>0x1ecb</run_address>
         <size>0x2fa</size>
         <input_file_ref idref="fl-3"/>
      </object_component>
      <object_component id="oc-10">
         <name>.debug_info</name>
         <load_address>0x21c5</load_address>
         <run_address>0x21c5</run_address>
         <size>0xef</size>
         <input_file_ref idref="fl-3"/>
      </object_component>
      <object_component id="oc-28">
         <name>.debug_info</name>
         <load_address>0x22b4</load_address>
         <run_address>0x22b4</run_address>
         <size>0x26b</size>
         <input_file_ref idref="fl-3"/>
      </object_component>
      <object_component id="oc-3c">
         <name>.debug_info</name>
         <load_address>0x251f</load_address>
         <run_address>0x251f</run_address>
         <size>0x84</size>
         <input_file_ref idref="fl-3"/>
      </object_component>
      <object_component id="oc-269">
         <name>.debug_info</name>
         <load_address>0x25a3</load_address>
         <run_address>0x25a3</run_address>
         <size>0x2cc</size>
         <input_file_ref idref="fl-4"/>
      </object_component>
      <object_component id="oc-25d">
         <name>.debug_info</name>
         <load_address>0x286f</load_address>
         <run_address>0x286f</run_address>
         <size>0xd3</size>
         <input_file_ref idref="fl-4"/>
      </object_component>
      <object_component id="oc-260">
         <name>.debug_info</name>
         <load_address>0x2942</load_address>
         <run_address>0x2942</run_address>
         <size>0xe4</size>
         <input_file_ref idref="fl-4"/>
      </object_component>
      <object_component id="oc-263">
         <name>.debug_info</name>
         <load_address>0x2a26</load_address>
         <run_address>0x2a26</run_address>
         <size>0xe0</size>
         <input_file_ref idref="fl-4"/>
      </object_component>
      <object_component id="oc-266">
         <name>.debug_info</name>
         <load_address>0x2b06</load_address>
         <run_address>0x2b06</run_address>
         <size>0xe0</size>
         <input_file_ref idref="fl-4"/>
      </object_component>
      <object_component id="oc-1aa">
         <name>.debug_info</name>
         <load_address>0x2be6</load_address>
         <run_address>0x2be6</run_address>
         <size>0xe52</size>
         <input_file_ref idref="fl-4"/>
      </object_component>
      <object_component id="oc-294">
         <name>.debug_info</name>
         <load_address>0x3a38</load_address>
         <run_address>0x3a38</run_address>
         <size>0x40a</size>
         <input_file_ref idref="fl-5"/>
      </object_component>
      <object_component id="oc-1b0">
         <name>.debug_info</name>
         <load_address>0x3e42</load_address>
         <run_address>0x3e42</run_address>
         <size>0x2af</size>
         <input_file_ref idref="fl-5"/>
      </object_component>
      <object_component id="oc-244">
         <name>.debug_info</name>
         <load_address>0x40f1</load_address>
         <run_address>0x40f1</run_address>
         <size>0x37a</size>
         <input_file_ref idref="fl-6"/>
      </object_component>
      <object_component id="oc-23b">
         <name>.debug_info</name>
         <load_address>0x446b</load_address>
         <run_address>0x446b</run_address>
         <size>0xe4</size>
         <input_file_ref idref="fl-6"/>
      </object_component>
      <object_component id="oc-23e">
         <name>.debug_info</name>
         <load_address>0x454f</load_address>
         <run_address>0x454f</run_address>
         <size>0xe4</size>
         <input_file_ref idref="fl-6"/>
      </object_component>
      <object_component id="oc-241">
         <name>.debug_info</name>
         <load_address>0x4633</load_address>
         <run_address>0x4633</run_address>
         <size>0xe2</size>
         <input_file_ref idref="fl-6"/>
      </object_component>
      <object_component id="oc-238">
         <name>.debug_info</name>
         <load_address>0x4715</load_address>
         <run_address>0x4715</run_address>
         <size>0xe6</size>
         <input_file_ref idref="fl-6"/>
      </object_component>
      <object_component id="oc-173">
         <name>.debug_info</name>
         <load_address>0x47fb</load_address>
         <run_address>0x47fb</run_address>
         <size>0x3f4</size>
         <input_file_ref idref="fl-6"/>
      </object_component>
      <object_component id="oc-2fc">
         <name>.debug_info</name>
         <load_address>0x4bef</load_address>
         <run_address>0x4bef</run_address>
         <size>0x2e9</size>
         <input_file_ref idref="fl-7"/>
      </object_component>
      <object_component id="oc-1c8">
         <name>.debug_info</name>
         <load_address>0x4ed8</load_address>
         <run_address>0x4ed8</run_address>
         <size>0x47d</size>
         <input_file_ref idref="fl-7"/>
      </object_component>
      <object_component id="oc-3a9">
         <name>.debug_info</name>
         <load_address>0x5355</load_address>
         <run_address>0x5355</run_address>
         <size>0x110</size>
         <input_file_ref idref="fl-7"/>
      </object_component>
      <object_component id="oc-b4">
         <name>.debug_info</name>
         <load_address>0x5465</load_address>
         <run_address>0x5465</run_address>
         <size>0x360</size>
         <input_file_ref idref="fl-8"/>
      </object_component>
      <object_component id="oc-1a4">
         <name>.debug_info</name>
         <load_address>0x57c5</load_address>
         <run_address>0x57c5</run_address>
         <size>0x659</size>
         <input_file_ref idref="fl-8"/>
      </object_component>
      <object_component id="oc-1c2">
         <name>.debug_info</name>
         <load_address>0x5e1e</load_address>
         <run_address>0x5e1e</run_address>
         <size>0x280</size>
         <input_file_ref idref="fl-9"/>
      </object_component>
      <object_component id="oc-2ba">
         <name>.debug_info</name>
         <load_address>0x609e</load_address>
         <run_address>0x609e</run_address>
         <size>0x45a</size>
         <input_file_ref idref="fl-a"/>
      </object_component>
      <object_component id="oc-1b6">
         <name>.debug_info</name>
         <load_address>0x64f8</load_address>
         <run_address>0x64f8</run_address>
         <size>0x5f5</size>
         <input_file_ref idref="fl-a"/>
      </object_component>
      <object_component id="oc-308">
         <name>.debug_info</name>
         <load_address>0x6aed</load_address>
         <run_address>0x6aed</run_address>
         <size>0x296</size>
         <input_file_ref idref="fl-b"/>
      </object_component>
      <object_component id="oc-305">
         <name>.debug_info</name>
         <load_address>0x6d83</load_address>
         <run_address>0x6d83</run_address>
         <size>0x112</size>
         <input_file_ref idref="fl-b"/>
      </object_component>
      <object_component id="oc-1d4">
         <name>.debug_info</name>
         <load_address>0x6e95</load_address>
         <run_address>0x6e95</run_address>
         <size>0x528</size>
         <input_file_ref idref="fl-b"/>
      </object_component>
      <object_component id="oc-b6">
         <name>.debug_info</name>
         <load_address>0x73bd</load_address>
         <run_address>0x73bd</run_address>
         <size>0x48e</size>
         <input_file_ref idref="fl-c"/>
      </object_component>
      <object_component id="oc-af">
         <name>.debug_info</name>
         <load_address>0x784b</load_address>
         <run_address>0x784b</run_address>
         <size>0x147</size>
         <input_file_ref idref="fl-c"/>
      </object_component>
      <object_component id="oc-2e">
         <name>.debug_info</name>
         <load_address>0x7992</load_address>
         <run_address>0x7992</run_address>
         <size>0x49f</size>
         <input_file_ref idref="fl-c"/>
      </object_component>
      <object_component id="oc-350">
         <name>.debug_info</name>
         <load_address>0x7e31</load_address>
         <run_address>0x7e31</run_address>
         <size>0x34e</size>
         <input_file_ref idref="fl-d"/>
      </object_component>
      <object_component id="oc-251">
         <name>.debug_info</name>
         <load_address>0x817f</load_address>
         <run_address>0x817f</run_address>
         <size>0x2f9</size>
         <input_file_ref idref="fl-d"/>
      </object_component>
      <object_component id="oc-47b">
         <name>.debug_info</name>
         <load_address>0x8478</load_address>
         <run_address>0x8478</run_address>
         <size>0xe3</size>
         <input_file_ref idref="fl-e"/>
      </object_component>
      <object_component id="oc-426">
         <name>.debug_info</name>
         <load_address>0x855b</load_address>
         <run_address>0x855b</run_address>
         <size>0xf7</size>
         <input_file_ref idref="fl-e"/>
      </object_component>
      <object_component id="oc-47e">
         <name>.debug_info</name>
         <load_address>0x8652</load_address>
         <run_address>0x8652</run_address>
         <size>0xe0</size>
         <input_file_ref idref="fl-f"/>
      </object_component>
      <object_component id="oc-42c">
         <name>.debug_info</name>
         <load_address>0x8732</load_address>
         <run_address>0x8732</run_address>
         <size>0xf2</size>
         <input_file_ref idref="fl-f"/>
      </object_component>
      <object_component id="oc-3e1">
         <name>.debug_info</name>
         <load_address>0x8824</load_address>
         <run_address>0x8824</run_address>
         <size>0x850</size>
         <input_file_ref idref="fl-10"/>
      </object_component>
      <object_component id="oc-34a">
         <name>.debug_info</name>
         <load_address>0x9074</load_address>
         <run_address>0x9074</run_address>
         <size>0xbde</size>
         <input_file_ref idref="fl-10"/>
      </object_component>
      <object_component id="oc-3db">
         <name>.debug_info</name>
         <load_address>0x9c52</load_address>
         <run_address>0x9c52</run_address>
         <size>0x4cd</size>
         <input_file_ref idref="fl-11"/>
      </object_component>
      <object_component id="oc-345">
         <name>.debug_info</name>
         <load_address>0xa11f</load_address>
         <run_address>0xa11f</run_address>
         <size>0x8b1</size>
         <input_file_ref idref="fl-11"/>
      </object_component>
      <object_component id="oc-454">
         <name>.debug_info</name>
         <load_address>0xa9d0</load_address>
         <run_address>0xa9d0</run_address>
         <size>0x4a7</size>
         <input_file_ref idref="fl-12"/>
      </object_component>
      <object_component id="oc-3d5">
         <name>.debug_info</name>
         <load_address>0xae77</load_address>
         <run_address>0xae77</run_address>
         <size>0x1b49</size>
         <input_file_ref idref="fl-12"/>
      </object_component>
      <object_component id="oc-3ea">
         <name>.debug_info</name>
         <load_address>0xc9c0</load_address>
         <run_address>0xc9c0</run_address>
         <size>0x244</size>
         <input_file_ref idref="fl-13"/>
      </object_component>
      <object_component id="oc-259">
         <name>.debug_info</name>
         <load_address>0xcc04</load_address>
         <run_address>0xcc04</run_address>
         <size>0x145</size>
         <input_file_ref idref="fl-ce"/>
      </object_component>
      <object_component id="oc-de">
         <name>.debug_info</name>
         <load_address>0xcd49</load_address>
         <run_address>0xcd49</run_address>
         <size>0x31e</size>
         <input_file_ref idref="fl-cf"/>
      </object_component>
      <object_component id="oc-54">
         <name>.debug_info</name>
         <load_address>0xd067</load_address>
         <run_address>0xd067</run_address>
         <size>0x1b5</size>
         <input_file_ref idref="fl-cf"/>
      </object_component>
      <object_component id="oc-d9">
         <name>.debug_info</name>
         <load_address>0xd21c</load_address>
         <run_address>0xd21c</run_address>
         <size>0x46</size>
         <input_file_ref idref="fl-cf"/>
      </object_component>
      <object_component id="oc-163">
         <name>.debug_info</name>
         <load_address>0xd262</load_address>
         <run_address>0xd262</run_address>
         <size>0x2c</size>
         <input_file_ref idref="fl-cf"/>
      </object_component>
      <object_component id="oc-4c">
         <name>.debug_info</name>
         <load_address>0xd28e</load_address>
         <run_address>0xd28e</run_address>
         <size>0x2a8</size>
         <input_file_ref idref="fl-d0"/>
      </object_component>
      <object_component id="oc-19">
         <name>.debug_info</name>
         <load_address>0xd536</load_address>
         <run_address>0xd536</run_address>
         <size>0x1ea</size>
         <input_file_ref idref="fl-d0"/>
      </object_component>
      <object_component id="oc-47">
         <name>.debug_info</name>
         <load_address>0xd720</load_address>
         <run_address>0xd720</run_address>
         <size>0x46</size>
         <input_file_ref idref="fl-d0"/>
      </object_component>
      <object_component id="oc-d1">
         <name>.debug_info</name>
         <load_address>0xd766</load_address>
         <run_address>0xd766</run_address>
         <size>0x2c</size>
         <input_file_ref idref="fl-d0"/>
      </object_component>
      <object_component id="oc-cf">
         <name>.debug_info</name>
         <load_address>0xd792</load_address>
         <run_address>0xd792</run_address>
         <size>0x29e</size>
         <input_file_ref idref="fl-d1"/>
      </object_component>
      <object_component id="oc-13">
         <name>.debug_info</name>
         <load_address>0xda30</load_address>
         <run_address>0xda30</run_address>
         <size>0x250</size>
         <input_file_ref idref="fl-d1"/>
      </object_component>
      <object_component id="oc-37">
         <name>.debug_info</name>
         <load_address>0xdc80</load_address>
         <run_address>0xdc80</run_address>
         <size>0x60</size>
         <input_file_ref idref="fl-d1"/>
      </object_component>
      <object_component id="oc-15c">
         <name>.debug_info</name>
         <load_address>0xdce0</load_address>
         <run_address>0xdce0</run_address>
         <size>0x46</size>
         <input_file_ref idref="fl-d1"/>
      </object_component>
      <object_component id="oc-ca">
         <name>.debug_info</name>
         <load_address>0xdd26</load_address>
         <run_address>0xdd26</run_address>
         <size>0x39</size>
         <input_file_ref idref="fl-d1"/>
      </object_component>
      <object_component id="oc-22">
         <name>.debug_info</name>
         <load_address>0xdd5f</load_address>
         <run_address>0xdd5f</run_address>
         <size>0x10b</size>
         <input_file_ref idref="fl-d2"/>
      </object_component>
      <object_component id="oc-60">
         <name>.debug_info</name>
         <load_address>0xde6a</load_address>
         <run_address>0xde6a</run_address>
         <size>0x1af</size>
         <input_file_ref idref="fl-d2"/>
      </object_component>
      <object_component id="oc-1df">
         <name>.debug_info</name>
         <load_address>0xe019</load_address>
         <run_address>0xe019</run_address>
         <size>0x122</size>
         <input_file_ref idref="fl-d3"/>
      </object_component>
      <object_component id="oc-75">
         <name>.debug_info</name>
         <load_address>0xe13b</load_address>
         <run_address>0xe13b</run_address>
         <size>0x3c6</size>
         <input_file_ref idref="fl-d4"/>
      </object_component>
      <object_component id="oc-25">
         <name>.debug_info</name>
         <load_address>0xe501</load_address>
         <run_address>0xe501</run_address>
         <size>0x10c</size>
         <input_file_ref idref="fl-d4"/>
      </object_component>
      <object_component id="oc-3a4">
         <name>.debug_info</name>
         <load_address>0xe60d</load_address>
         <run_address>0xe60d</run_address>
         <size>0x157</size>
         <input_file_ref idref="fl-d4"/>
      </object_component>
      <object_component id="oc-392">
         <name>.debug_info</name>
         <load_address>0xe764</load_address>
         <run_address>0xe764</run_address>
         <size>0x144</size>
         <input_file_ref idref="fl-d4"/>
      </object_component>
      <object_component id="oc-398">
         <name>.debug_info</name>
         <load_address>0xe8a8</load_address>
         <run_address>0xe8a8</run_address>
         <size>0x17f</size>
         <input_file_ref idref="fl-d4"/>
      </object_component>
      <object_component id="oc-39e">
         <name>.debug_info</name>
         <load_address>0xea27</load_address>
         <run_address>0xea27</run_address>
         <size>0x17d</size>
         <input_file_ref idref="fl-d4"/>
      </object_component>
      <object_component id="oc-38b">
         <name>.debug_info</name>
         <load_address>0xeba4</load_address>
         <run_address>0xeba4</run_address>
         <size>0x1e6</size>
         <input_file_ref idref="fl-d4"/>
      </object_component>
      <object_component id="oc-2f6">
         <name>.debug_info</name>
         <load_address>0xed8a</load_address>
         <run_address>0xed8a</run_address>
         <size>0x1f1</size>
         <input_file_ref idref="fl-d4"/>
      </object_component>
      <object_component id="oc-2f0">
         <name>.debug_info</name>
         <load_address>0xef7b</load_address>
         <run_address>0xef7b</run_address>
         <size>0x1bc</size>
         <input_file_ref idref="fl-d4"/>
      </object_component>
      <object_component id="oc-ff">
         <name>.debug_info</name>
         <load_address>0xf137</load_address>
         <run_address>0xf137</run_address>
         <size>0x2c</size>
         <input_file_ref idref="fl-d4"/>
      </object_component>
      <object_component id="oc-104">
         <name>.debug_info</name>
         <load_address>0xf163</load_address>
         <run_address>0xf163</run_address>
         <size>0x62</size>
         <input_file_ref idref="fl-d4"/>
      </object_component>
      <object_component id="oc-3bd">
         <name>.debug_info</name>
         <load_address>0xf1c5</load_address>
         <run_address>0xf1c5</run_address>
         <size>0x2c9</size>
         <input_file_ref idref="fl-d5"/>
      </object_component>
      <object_component id="oc-30e">
         <name>.debug_info</name>
         <load_address>0xf48e</load_address>
         <run_address>0xf48e</run_address>
         <size>0x11e</size>
         <input_file_ref idref="fl-d5"/>
      </object_component>
      <object_component id="oc-3b6">
         <name>.debug_info</name>
         <load_address>0xf5ac</load_address>
         <run_address>0xf5ac</run_address>
         <size>0x12e</size>
         <input_file_ref idref="fl-d5"/>
      </object_component>
      <object_component id="oc-352">
         <name>.debug_info</name>
         <load_address>0xf6da</load_address>
         <run_address>0xf6da</run_address>
         <size>0x118</size>
         <input_file_ref idref="fl-d7"/>
      </object_component>
      <object_component id="oc-e0">
         <name>.debug_info</name>
         <load_address>0xf7f2</load_address>
         <run_address>0xf7f2</run_address>
         <size>0x14a</size>
         <input_file_ref idref="fl-d8"/>
      </object_component>
      <object_component id="oc-42">
         <name>.debug_info</name>
         <load_address>0xf93c</load_address>
         <run_address>0xf93c</run_address>
         <size>0x11c</size>
         <input_file_ref idref="fl-d9"/>
      </object_component>
      <object_component id="oc-314">
         <name>.debug_info</name>
         <load_address>0xfa58</load_address>
         <run_address>0xfa58</run_address>
         <size>0x552</size>
         <input_file_ref idref="fl-da"/>
      </object_component>
      <object_component id="oc-1eb">
         <name>.debug_info</name>
         <load_address>0xffaa</load_address>
         <run_address>0xffaa</run_address>
         <size>0x1a6</size>
         <input_file_ref idref="fl-da"/>
      </object_component>
      <object_component id="oc-3c3">
         <name>.debug_info</name>
         <load_address>0x10150</load_address>
         <run_address>0x10150</run_address>
         <size>0x39</size>
         <input_file_ref idref="fl-da"/>
      </object_component>
      <object_component id="oc-444">
         <name>.debug_info</name>
         <load_address>0x10189</load_address>
         <run_address>0x10189</run_address>
         <size>0x39</size>
         <input_file_ref idref="fl-da"/>
      </object_component>
      <object_component id="oc-3c8">
         <name>.debug_info</name>
         <load_address>0x101c2</load_address>
         <run_address>0x101c2</run_address>
         <size>0x39</size>
         <input_file_ref idref="fl-da"/>
      </object_component>
      <object_component id="oc-3cd">
         <name>.debug_info</name>
         <load_address>0x101fb</load_address>
         <run_address>0x101fb</run_address>
         <size>0xcd</size>
         <input_file_ref idref="fl-da"/>
      </object_component>
      <object_component id="oc-e8">
         <name>.debug_info</name>
         <load_address>0x102c8</load_address>
         <run_address>0x102c8</run_address>
         <size>0x153</size>
         <input_file_ref idref="fl-db"/>
      </object_component>
      <object_component id="oc-236">
         <name>.debug_info</name>
         <load_address>0x1041b</load_address>
         <run_address>0x1041b</run_address>
         <size>0x356</size>
         <input_file_ref idref="fl-dd"/>
      </object_component>
      <object_component id="oc-2d7">
         <name>.debug_info</name>
         <load_address>0x10771</load_address>
         <run_address>0x10771</run_address>
         <size>0x29c</size>
         <input_file_ref idref="fl-dd"/>
      </object_component>
      <object_component id="oc-2dd">
         <name>.debug_info</name>
         <load_address>0x10a0d</load_address>
         <run_address>0x10a0d</run_address>
         <size>0x209</size>
         <input_file_ref idref="fl-dd"/>
      </object_component>
      <object_component id="oc-2c5">
         <name>.debug_info</name>
         <load_address>0x10c16</load_address>
         <run_address>0x10c16</run_address>
         <size>0x268</size>
         <input_file_ref idref="fl-dd"/>
      </object_component>
      <object_component id="oc-2d1">
         <name>.debug_info</name>
         <load_address>0x10e7e</load_address>
         <run_address>0x10e7e</run_address>
         <size>0x28f</size>
         <input_file_ref idref="fl-dd"/>
      </object_component>
      <object_component id="oc-16d">
         <name>.debug_info</name>
         <load_address>0x1110d</load_address>
         <run_address>0x1110d</run_address>
         <size>0x20d</size>
         <input_file_ref idref="fl-dd"/>
      </object_component>
      <object_component id="oc-383">
         <name>.debug_info</name>
         <load_address>0x1131a</load_address>
         <run_address>0x1131a</run_address>
         <size>0x228</size>
         <input_file_ref idref="fl-dd"/>
      </object_component>
      <object_component id="oc-2e3">
         <name>.debug_info</name>
         <load_address>0x11542</load_address>
         <run_address>0x11542</run_address>
         <size>0x248</size>
         <input_file_ref idref="fl-dd"/>
      </object_component>
      <object_component id="oc-2e9">
         <name>.debug_info</name>
         <load_address>0x1178a</load_address>
         <run_address>0x1178a</run_address>
         <size>0x1ff</size>
         <input_file_ref idref="fl-dd"/>
      </object_component>
      <object_component id="oc-2cb">
         <name>.debug_info</name>
         <load_address>0x11989</load_address>
         <run_address>0x11989</run_address>
         <size>0x1fd</size>
         <input_file_ref idref="fl-dd"/>
      </object_component>
      <object_component id="oc-10a">
         <name>.debug_info</name>
         <load_address>0x11b86</load_address>
         <run_address>0x11b86</run_address>
         <size>0x18b</size>
         <input_file_ref idref="fl-dd"/>
      </object_component>
      <object_component id="oc-10f">
         <name>.debug_info</name>
         <load_address>0x11d11</load_address>
         <run_address>0x11d11</run_address>
         <size>0x385</size>
         <input_file_ref idref="fl-de"/>
      </object_component>
      <object_component id="oc-226">
         <name>.debug_info</name>
         <load_address>0x12096</load_address>
         <run_address>0x12096</run_address>
         <size>0x11e</size>
         <input_file_ref idref="fl-de"/>
      </object_component>
      <object_component id="oc-229">
         <name>.debug_info</name>
         <load_address>0x121b4</load_address>
         <run_address>0x121b4</run_address>
         <size>0x120</size>
         <input_file_ref idref="fl-de"/>
      </object_component>
      <object_component id="oc-364">
         <name>.debug_info</name>
         <load_address>0x122d4</load_address>
         <run_address>0x122d4</run_address>
         <size>0x112</size>
         <input_file_ref idref="fl-de"/>
      </object_component>
      <object_component id="oc-408">
         <name>.debug_info</name>
         <load_address>0x123e6</load_address>
         <run_address>0x123e6</run_address>
         <size>0x20c</size>
         <input_file_ref idref="fl-de"/>
      </object_component>
      <object_component id="oc-116">
         <name>.debug_info</name>
         <load_address>0x125f2</load_address>
         <run_address>0x125f2</run_address>
         <size>0x21c</size>
         <input_file_ref idref="fl-de"/>
      </object_component>
      <object_component id="oc-91">
         <name>.debug_info</name>
         <load_address>0x1280e</load_address>
         <run_address>0x1280e</run_address>
         <size>0x27f</size>
         <input_file_ref idref="fl-de"/>
      </object_component>
      <object_component id="oc-270">
         <name>.debug_info</name>
         <load_address>0x12a8d</load_address>
         <run_address>0x12a8d</run_address>
         <size>0x1fb</size>
         <input_file_ref idref="fl-de"/>
      </object_component>
      <object_component id="oc-3f0">
         <name>.debug_info</name>
         <load_address>0x12c88</load_address>
         <run_address>0x12c88</run_address>
         <size>0x1f9</size>
         <input_file_ref idref="fl-de"/>
      </object_component>
      <object_component id="oc-296">
         <name>.debug_info</name>
         <load_address>0x12e81</load_address>
         <run_address>0x12e81</run_address>
         <size>0x1f9</size>
         <input_file_ref idref="fl-de"/>
      </object_component>
      <object_component id="oc-40e">
         <name>.debug_info</name>
         <load_address>0x1307a</load_address>
         <run_address>0x1307a</run_address>
         <size>0x220</size>
         <input_file_ref idref="fl-de"/>
      </object_component>
      <object_component id="oc-97">
         <name>.debug_info</name>
         <load_address>0x1329a</load_address>
         <run_address>0x1329a</run_address>
         <size>0x205</size>
         <input_file_ref idref="fl-de"/>
      </object_component>
      <object_component id="oc-85">
         <name>.debug_info</name>
         <load_address>0x1349f</load_address>
         <run_address>0x1349f</run_address>
         <size>0x1e4</size>
         <input_file_ref idref="fl-de"/>
      </object_component>
      <object_component id="oc-276">
         <name>.debug_info</name>
         <load_address>0x13683</load_address>
[...]
         <value>0x24b9</value>
         <object_component_ref idref="oc-343"/>
      </symbol>
      <symbol id="sm-3a3">
         <name>OrbitOledDefUserChar</name>
         <value>0x2401</value>
         <object_component_ref idref="oc-343"/>
      </symbol>
      <symbol id="sm-3a4">
         <name>OrbitOledGetCursor</name>
         <value>0x23e5</value>
         <object_component_ref idref="oc-343"/>
      </symbol>
      <symbol id="sm-3a5">
         <name>OrbitOledSetCursor</name>
         <value>0x2399</value>
         <object_component_ref idref="oc-343"/>
      </symbol>
      <symbol id="sm-3a6">
         <name>OrbitOledPutChar</name>
         <value>0x246f</value>
         <object_component_ref idref="oc-343"/>
      </symbol>
      <symbol id="sm-3a7">
         <name>OrbitOledAdvanceCursor</name>
         <value>0x2531</value>
         <object_component_ref idref="oc-343"/>
      </symbol>
      <symbol id="sm-444">
         <name>pfnDoRop</name>
         <value>0x20000610</value>
      </symbol>
      <symbol id="sm-445">
         <name>modOledCur</name>
         <value>0x200005fc</value>
      </symbol>
      <symbol id="sm-446">
         <name>OrbitOledGetPixel</name>
         <value>0x1013</value>
         <object_component_ref idref="oc-3d4"/>
      </symbol>
      <symbol id="sm-447">
         <name>OrbitOledMoveUp</name>
         <value>0x1741</value>
         <object_component_ref idref="oc-3d4"/>
      </symbol>
      <symbol id="sm-448">
         <name>OrbitOledMoveTo</name>
         <value>0xef1</value>
         <object_component_ref idref="oc-3d4"/>
      </symbol>
      <symbol id="sm-449">
         <name>OrbitOledGetDrawMode</name>
         <value>0xfe1</value>
         <object_component_ref idref="oc-3d4"/>
      </symbol>
      <symbol id="sm-44a">
         <name>OrbitOledDrawPixel</name>
         <value>0xfe7</value>
         <object_component_ref idref="oc-3d4"/>
      </symbol>
      <symbol id="sm-44b">
         <name>OrbitOledDrawString</name>
         <value>0x1683</value>
         <object_component_ref idref="oc-3d4"/>
      </symbol>
      <symbol id="sm-44c">
         <name>OrbitOledDrawChar</name>
         <value>0x1623</value>
         <object_component_ref idref="oc-3d4"/>
      </symbol>
      <symbol id="sm-44d">
         <name>OrbitOledMoveDown</name>
         <value>0x1779</value>
         <object_component_ref idref="oc-3d4"/>
      </symbol>
      <symbol id="sm-44e">
         <name>OrbitOledMoveRight</name>
         <value>0x17c7</value>
         <object_component_ref idref="oc-3d4"/>
      </symbol>
      <symbol id="sm-44f">
         <name>OrbitOledFillRect</name>
         <value>0x11b1</value>
         <object_component_ref idref="oc-3d4"/>
      </symbol>
      <symbol id="sm-450">
         <name>OrbitOledLineTo</name>
         <value>0x102d</value>
         <object_component_ref idref="oc-3d4"/>
      </symbol>
      <symbol id="sm-451">
         <name>OrbitOledGetStdPattern</name>
         <value>0xf6b</value>
         <object_component_ref idref="oc-3d4"/>
      </symbol>
      <symbol id="sm-452">
         <name>OrbitOledSetDrawColor</name>
         <value>0xf53</value>
         <object_component_ref idref="oc-3d4"/>
      </symbol>
      <symbol id="sm-453">
         <name>OrbitOledDrawRect</name>
         <value>0x112d</value>
         <object_component_ref idref="oc-3d4"/>
      </symbol>
      <symbol id="sm-454">
         <name>OrbitOledClampYco</name>
         <value>0x1801</value>
         <object_component_ref idref="oc-3d4"/>
      </symbol>
      <symbol id="sm-455">
         <name>OrbitOledGetPos</name>
         <value>0xf37</value>
         <object_component_ref idref="oc-3d4"/>
      </symbol>
      <symbol id="sm-456">
         <name>OrbitOledRopSet</name>
         <value>0x16a1</value>
         <object_component_ref idref="oc-3d4"/>
      </symbol>
      <symbol id="sm-457">
         <name>OrbitOledRopXor</name>
         <value>0x1713</value>
         <object_component_ref idref="oc-3d4"/>
      </symbol>
      <symbol id="sm-458">
         <name>OrbitOledGetBmp</name>
         <value>0x12f5</value>
         <object_component_ref idref="oc-3d4"/>
      </symbol>
      <symbol id="sm-459">
         <name>OrbitOledMoveLeft</name>
         <value>0x17af</value>
         <object_component_ref idref="oc-3d4"/>
      </symbol>
      <symbol id="sm-45a">
         <name>OrbitOledRopAnd</name>
         <value>0x16ef</value>
         <object_component_ref idref="oc-3d4"/>
      </symbol>
      <symbol id="sm-45b">
         <name>OrbitOledPutBmp</name>
         <value>0x1455</value>
         <object_component_ref idref="oc-3d4"/>
      </symbol>
      <symbol id="sm-45c">
         <name>OrbitOledSetDrawMode</name>
         <value>0xf8d</value>
         <object_component_ref idref="oc-3d4"/>
      </symbol>
      <symbol id="sm-45d">
         <name>OrbitOledClampXco</name>
         <value>0x17e1</value>
         <object_component_ref idref="oc-3d4"/>
      </symbol>
      <symbol id="sm-45e">
         <name>OrbitOledSetFillPattern</name>
         <value>0xf7d</value>
         <object_component_ref idref="oc-3d4"/>
      </symbol>
      <symbol id="sm-45f">
         <name>OrbitOledRopOr</name>
         <value>0x16cb</value>
         <object_component_ref idref="oc-3d4"/>
      </symbol>
      <symbol id="sm-471">
         <name>DelayMs</name>
         <value>0x3317</value>
         <object_component_ref idref="oc-3e9"/>
      </symbol>
      <symbol id="sm-472">
         <name>DelayInit</name>
         <value>0x32fd</value>
         <object_component_ref idref="oc-3e9"/>
      </symbol>
      <symbol id="sm-481">
         <name>__aeabi_uidivmod</name>
         <value>0x35b1</value>
         <object_component_ref idref="oc-257"/>
      </symbol>
      <symbol id="sm-482">
         <name>__aeabi_uidiv</name>
         <value>0x35b1</value>
         <object_component_ref idref="oc-257"/>
      </symbol>
      <symbol id="sm-499">
         <name>__TI_zero_init</name>
         <value>0x3a21</value>
         <object_component_ref idref="oc-53"/>
      </symbol>
      <symbol id="sm-4b0">
         <name>__TI_decompress_none</name>
         <value>0x39e3</value>
         <object_component_ref idref="oc-18"/>
      </symbol>
      <symbol id="sm-4d3">
         <name>__TI_decompress_lzss</name>
         <value>0x3235</value>
         <object_component_ref idref="oc-12"/>
      </symbol>
      <symbol id="sm-4e6">
         <name>__stack</name>
         <value>0x20000630</value>
         <object_component_ref idref="oc-21"/>
      </symbol>
      <symbol id="sm-4e7">
         <name>_c_int00_noargs</name>
         <value>0x3669</value>
         <object_component_ref idref="oc-5f"/>
      </symbol>
      <symbol id="sm-4f2">
         <name>C$$EXIT</name>
         <value>0x3a9f</value>
         <object_component_ref idref="oc-1de"/>
      </symbol>
      <symbol id="sm-4f3">
         <name>abort</name>
         <value>0x3a9f</value>
         <object_component_ref idref="oc-1de"/>
      </symbol>
      <symbol id="sm-579">
         <name>_sys_memory</name>
         <value>0x20000830</value>
         <object_component_ref idref="oc-24"/>
      </symbol>
      <symbol id="sm-57a">
         <name>free</name>
         <value>0x2e0d</value>
         <object_component_ref idref="oc-2f5"/>
      </symbol>
      <symbol id="sm-57b">
         <name>calloc</name>
         <value>0x376d</value>
         <object_component_ref idref="oc-2ef"/>
      </symbol>
      <symbol id="sm-57c">
         <name>malloc</name>
         <value>0x3075</value>
         <object_component_ref idref="oc-38a"/>
      </symbol>
      <symbol id="sm-57d">
         <name>minit</name>
         <value>0x36a1</value>
         <object_component_ref idref="oc-391"/>
      </symbol>
      <symbol id="sm-592">
         <name>_nop</name>
         <value>0x2b27</value>
         <object_component_ref idref="oc-3b5"/>
      </symbol>
      <symbol id="sm-593">
         <name>_lock</name>
         <value>0x20000a4c</value>
         <object_component_ref idref="oc-30d"/>
      </symbol>
      <symbol id="sm-594">
         <name>_unlock</name>
         <value>0x20000a50</value>
         <object_component_ref idref="oc-30d"/>
      </symbol>
      <symbol id="sm-59f">
         <name>__aeabi_idiv0</name>
         <value>0x34e3</value>
         <object_component_ref idref="oc-351"/>
      </symbol>
      <symbol id="sm-5a0">
         <name>__aeabi_ldiv0</name>
         <value>0x34e3</value>
         <object_component_ref idref="oc-351"/>
      </symbol>
      <symbol id="sm-5af">
         <name>__aeabi_memset</name>
         <value>0x2ffd</value>
         <object_component_ref idref="oc-df"/>
      </symbol>
      <symbol id="sm-5b0">
         <name>memset</name>
         <value>0x3003</value>
         <object_component_ref idref="oc-df"/>
      </symbol>
      <symbol id="sm-5b1">
         <name>__aeabi_memset8</name>
         <value>0x2ffd</value>
         <object_component_ref idref="oc-df"/>
      </symbol>
      <symbol id="sm-5b2">
         <name>__aeabi_memset4</name>
         <value>0x2ffd</value>
         <object_component_ref idref="oc-df"/>
      </symbol>
      <symbol id="sm-5b3">
         <name>__aeabi_memclr8</name>
         <value>0x2ffb</value>
         <object_component_ref idref="oc-df"/>
      </symbol>
      <symbol id="sm-5b4">
         <name>__aeabi_memclr4</name>
         <value>0x2ffb</value>
         <object_component_ref idref="oc-df"/>
      </symbol>
      <symbol id="sm-5b5">
         <name>__aeabi_memclr</name>
         <value>0x2ffb</value>
         <object_component_ref idref="oc-df"/>
      </symbol>
      <symbol id="sm-5d0">
         <name>memcpy</name>
         <value>0x2ee5</value>
         <object_component_ref idref="oc-41"/>
      </symbol>
      <symbol id="sm-5d1">
         <name>__aeabi_memcpy</name>
         <value>0x2ee5</value>
         <object_component_ref idref="oc-41"/>
      </symbol>
      <symbol id="sm-5d2">
         <name>__aeabi_memcpy8</name>
         <value>0x2ee5</value>
         <object_component_ref idref="oc-41"/>
      </symbol>
      <symbol id="sm-5d3">
         <name>__aeabi_memcpy4</name>
         <value>0x2ee5</value>
         <object_component_ref idref="oc-41"/>
      </symbol>
      <symbol id="sm-5fb">
         <name>__TI_auto_init_nobinit_nopinit</name>
         <value>0x356d</value>
         <object_component_ref idref="oc-1ea"/>
      </symbol>
      <symbol id="sm-605">
         <name>_system_pre_init</name>
         <value>0x3a9b</value>
         <object_component_ref idref="oc-e5"/>
      </symbol>
      <symbol id="sm-669">
         <name>ADCProcessorTrigger</name>
         <value>0x3875</value>
         <object_component_ref idref="oc-16c"/>
      </symbol>
      <symbol id="sm-66a">
         <name>ADCSequenceEnable</name>
         <value>0x39b9</value>
         <object_component_ref idref="oc-2dc"/>
      </symbol>
      <symbol id="sm-66b">
         <name>ADCSequenceConfigure</name>
         <value>0x33b1</value>
         <object_component_ref idref="oc-2d0"/>
      </symbol>
      <symbol id="sm-66c">
         <name>ADCIntEnable</name>
         <value>0x3977</value>
         <object_component_ref idref="oc-2e8"/>
      </symbol>
      <symbol id="sm-66d">
         <name>ADCSequenceStepConfigure</name>
         <value>0x2f81</value>
         <object_component_ref idref="oc-2d6"/>
      </symbol>
      <symbol id="sm-66e">
         <name>ADCIntClear</name>
         <value>0x3a39</value>
         <object_component_ref idref="oc-2ca"/>
      </symbol>
      <symbol id="sm-66f">
         <name>ADCIntRegister</name>
         <value>0x385d</value>
         <object_component_ref idref="oc-2e2"/>
      </symbol>
      <symbol id="sm-670">
         <name>ADCSequenceDataGet</name>
         <value>0x3805</value>
         <object_component_ref idref="oc-2c4"/>
      </symbol>
      <symbol id="sm-71a">
         <name>GPIOPinTypePWM</name>
         <value>0x38d3</value>
         <object_component_ref idref="oc-295"/>
      </symbol>
      <symbol id="sm-71b">
         <name>GPIOIntRegister</name>
         <value>0x388d</value>
         <object_component_ref idref="oc-a2"/>
      </symbol>
      <symbol id="sm-71c">
         <name>GPIOPinConfigure</name>
         <value>0x3451</value>
         <object_component_ref idref="oc-275"/>
      </symbol>
      <symbol id="sm-71d">
         <name>GPIOIntEnable</name>
         <value>0x39fd</value>
         <object_component_ref idref="oc-a8"/>
      </symbol>
      <symbol id="sm-71e">
         <name>GPIOIntTypeSet</name>
         <value>0x3359</value>
         <object_component_ref idref="oc-9c"/>
      </symbol>
      <symbol id="sm-71f">
         <name>GPIOPinTypeGPIOInput</name>
         <value>0x38bd</value>
         <object_component_ref idref="oc-96"/>
      </symbol>
      <symbol id="sm-720">
         <name>GPIOIntClear</name>
         <value>0x3a7d</value>
         <object_component_ref idref="oc-7e"/>
      </symbol>
      <symbol id="sm-721">
         <name>GPIOPinTypeUART</name>
         <value>0x38ff</value>
         <object_component_ref idref="oc-26f"/>
      </symbol>
      <symbol id="sm-722">
         <name>GPIOIntStatus</name>
         <value>0x39c7</value>
         <object_component_ref idref="oc-78"/>
      </symbol>
      <symbol id="sm-723">
         <name>GPIOPinTypeGPIOOutput</name>
         <value>0x38a5</value>
         <object_component_ref idref="oc-40d"/>
      </symbol>
      <symbol id="sm-724">
         <name>GPIOPinRead</name>
         <value>0x3a83</value>
         <object_component_ref idref="oc-84"/>
      </symbol>
      <symbol id="sm-725">
         <name>GPIODirModeSet</name>
         <value>0x3741</value>
         <object_component_ref idref="oc-115"/>
      </symbol>
      <symbol id="sm-726">
         <name>GPIOPinWrite</name>
         <value>0x3a89</value>
         <object_component_ref idref="oc-407"/>
      </symbol>
      <symbol id="sm-727">
         <name>GPIOPadConfigSet</name>
         <value>0x28dd</value>
         <object_component_ref idref="oc-90"/>
      </symbol>
      <symbol id="sm-728">
         <name>GPIOPinTypeSSI</name>
         <value>0x38e9</value>
         <object_component_ref idref="oc-3ef"/>
      </symbol>
      <symbol id="sm-762">
         <name>IntEnable</name>
         <value>0x31cd</value>
         <object_component_ref idref="oc-129"/>
      </symbol>
      <symbol id="sm-763">
         <name>IntRegister</name>
         <value>0x36d9</value>
         <object_component_ref idref="oc-123"/>
      </symbol>
      <symbol id="sm-764">
         <name>g_pfnRAMVectors</name>
         <value>0x20000000</value>
         <object_component_ref idref="oc-22c"/>
      </symbol>
      <symbol id="sm-765">
         <name>IntMasterEnable</name>
         <value>0x3987</value>
         <object_component_ref idref="oc-1cd"/>
      </symbol>
      <symbol id="sm-792">
         <name>PWMGenPeriodSet</name>
         <value>0x3997</value>
         <object_component_ref idref="oc-2ad"/>
      </symbol>
      <symbol id="sm-793">
         <name>PWMPulseWidthSet</name>
         <value>0x3823</value>
         <object_component_ref idref="oc-2b3"/>
      </symbol>
      <symbol id="sm-794">
         <name>PWMOutputState</name>
         <value>0x3965</value>
         <object_component_ref idref="oc-2a7"/>
      </symbol>
      <symbol id="sm-795">
         <name>PWMGenEnable</name>
         <value>0x3a09</value>
         <object_component_ref idref="oc-2a1"/>
      </symbol>
      <symbol id="sm-796">
         <name>PWMGenConfigure</name>
         <value>0x37c1</value>
         <object_component_ref idref="oc-29b"/>
      </symbol>
      <symbol id="sm-7ce">
         <name>SSIDataPut</name>
         <value>0x3a43</value>
         <object_component_ref idref="oc-419"/>
      </symbol>
      <symbol id="sm-7cf">
         <name>SSIDataGet</name>
         <value>0x3a15</value>
         <object_component_ref idref="oc-41f"/>
      </symbol>
      <symbol id="sm-7d0">
         <name>SSIConfigSetExpClk</name>
         <value>0x35f1</value>
         <object_component_ref idref="oc-3fb"/>
      </symbol>
      <symbol id="sm-7d1">
         <name>SSIEnable</name>
         <value>0x3a4d</value>
         <object_component_ref idref="oc-401"/>
      </symbol>
      <symbol id="sm-7d2">
         <name>SSIClockSourceSet</name>
         <value>0x3a8f</value>
         <object_component_ref idref="oc-3f5"/>
      </symbol>
      <symbol id="sm-7d3">
         <name>SSIBusy</name>
         <value>0x3a75</value>
         <object_component_ref idref="oc-413"/>
      </symbol>
      <symbol id="sm-82e">
         <name>SysCtlClockSet</name>
         <value>0x2c39</value>
         <object_component_ref idref="oc-178"/>
      </symbol>
      <symbol id="sm-82f">
         <name>SysCtlDelay</name>
         <value>0x3a95</value>
         <object_component_ref idref="oc-17e"/>
      </symbol>
      <symbol id="sm-830">
         <name>SysCtlPeripheralEnable</name>
         <value>0x370d</value>
         <object_component_ref idref="oc-8a"/>
      </symbol>
      <symbol id="sm-831">
         <name>SysCtlClockGet</name>
         <value>0x2b29</value>
         <object_component_ref idref="oc-17f"/>
      </symbol>
      <symbol id="sm-832">
         <name>SysCtlPWMClockSet</name>
         <value>0x3915</value>
         <object_component_ref idref="oc-191"/>
      </symbol>
      <symbol id="sm-85f">
         <name>SysTickEnable</name>
         <value>0x3929</value>
         <object_component_ref idref="oc-19d"/>
      </symbol>
      <symbol id="sm-860">
         <name>SysTickIntRegister</name>
         <value>0x3841</value>
         <object_component_ref idref="oc-18b"/>
      </symbol>
      <symbol id="sm-861">
         <name>SysTickIntEnable</name>
         <value>0x393d</value>
         <object_component_ref idref="oc-197"/>
      </symbol>
      <symbol id="sm-862">
         <name>SysTickPeriodSet</name>
         <value>0x39a9</value>
         <object_component_ref idref="oc-185"/>
      </symbol>
      <symbol id="sm-886">
         <name>TimerEnable</name>
         <value>0x39d5</value>
         <object_component_ref idref="oc-462"/>
      </symbol>
      <symbol id="sm-887">
         <name>TimerValueGet</name>
         <value>0x3a57</value>
         <object_component_ref idref="oc-468"/>
      </symbol>
      <symbol id="sm-888">
         <name>TimerConfigure</name>
         <value>0x329d</value>
         <object_component_ref idref="oc-45c"/>
      </symbol>
      <symbol id="sm-8ba">
         <name>UARTConfigSetExpClk</name>
         <value>0x349d</value>
         <object_component_ref idref="oc-27b"/>
      </symbol>
      <symbol id="sm-8bb">
         <name>UARTDisable</name>
         <value>0x37e5</value>
         <object_component_ref idref="oc-367"/>
      </symbol>
      <symbol id="sm-8bc">
         <name>UARTCharPut</name>
         <value>0x3a61</value>
         <object_component_ref idref="oc-28d"/>
      </symbol>
      <symbol id="sm-8bd">
         <name>UARTEnable</name>
         <value>0x3951</value>
         <object_component_ref idref="oc-287"/>
      </symbol>
      <symbol id="sm-8be">
         <name>UARTFIFOEnable</name>
         <value>0x3a6b</value>
         <object_component_ref idref="oc-281"/>
      </symbol>
      <symbol id="sm-8c8">
         <name>CPUcpsie</name>
         <value>0x39f1</value>
         <object_component_ref idref="oc-2fd"/>
      </symbol>
      <symbol id="sm-8c9">
         <name>__TI_static_base__</name>
         <value>0x0</value>
      </symbol>
      <symbol id="sm-8cc">
         <name>__mpu_init</name>
         <value>0x0</value>
      </symbol>
      <symbol id="sm-8cd">
         <name>_system_post_cinit</name>
         <value>0x0</value>
      </symbol>
   </symbol_table>
   <title>Link successful</title>
</link_info>
