******************************************************************************
                  TI ARM Linker Unix v18.1.5                   
******************************************************************************
>> Linked Mon May 20 11:06:26 2019

OUTPUT FILE NAME:   <Milestone1.out>
ENTRY POINT SYMBOL: "_c_int00_noargs"  address: 000036b5


MEMORY CONFIGURATION

         name            origin    length      used     unused   attr    fill
----------------------  --------  ---------  --------  --------  ----  --------
  FLASH                 00000000   00040000  0000418e  0003be72  R  X
  SRAM                  20000000   00008000  00000a64  0000759c  RW X


SEGMENT ALLOCATION MAP

run origin  load origin   length   init length attrs members
----------  ----------- ---------- ----------- ----- -------
00000000    00000000    00004190   00004190    r-x
  00000000    00000000    0000026c   0000026c    r-- .intvecs
  0000026c    0000026c    00003882   00003882    r-x .text
  00003af0    00003af0    00000648   00000648    r-- .const
  00004138    00004138    00000058   00000058    r-- .cinit
20000000    20000000    00000a68   00000000    rw-
  20000000    20000000    0000026c   00000000    rw- .vtable
  2000026c    2000026c    000003d0   00000000    rw- .bss
  20000640    20000640    00000200   00000000    rw- .stack
  20000840    20000840    00000200   00000000    rw- .sysmem
  20000a40    20000a40    00000028   00000000    rw- .data


SECTION ALLOCATION MAP

 output                                  attributes/
section   page    origin      length       input sections
--------  ----  ----------  ----------   ----------------
.intvecs   0    00000000    0000026c     
                  00000000    0000026c     tm4c123gh6pm_startup_ccs.obj (.intvecs)

.text      0    0000026c    00003882     
                  0000026c    00000c84     ustdlib.obj (.text)
                  00000ef0    00000950     OrbitOledGrph.obj (.text)
                  00001840    000003b4     project.obj (.text)
                  00001bf4    0000037c     OrbitOled.obj (.text)
                  00001f70    0000026c     buttons4.obj (.text)
                  000021dc    00000208     yaw.obj (.text)
                  000023e4    00000204     OrbitOledChar.obj (.text)
                  000025e8    000001f4     heliPWM.obj (.text)
                  000027dc    0000014c     display.obj (.text)
                  00002928    00000132     driverlib.lib : gpio.obj (.text:GPIOPadConfigSet)
                  00002a5a    00000118     circBufT.obj (.text)
                  00002b72    00000002     rtsv7M4_T_le_v4SPD16_eabi.lib : _lock.c.obj (.text:_nop)
                  00002b74    00000110     driverlib.lib : sysctl.obj (.text:SysCtlClockGet)
                  00002c84    000000f4                   : sysctl.obj (.text:SysCtlClockSet)
                  00002d78    000000e0     motorControl.obj (.text)
                  00002e58    000000d8     rtsv7M4_T_le_v4SPD16_eabi.lib : memory.c.obj (.text:free)
                  00002f30    0000009c                                   : memcpy_t2.asm.obj (.text)
                  00002fcc    0000007a     driverlib.lib : adc.obj (.text:ADCSequenceStepConfigure)
                  00003046    0000007a     rtsv7M4_T_le_v4SPD16_eabi.lib : memset_t2.asm.obj (.text)
                  000030c0    00000078                                   : memory.c.obj (.text:malloc)
                  00003138    00000074     USBUART.obj (.text)
                  000031ac    0000006c     heliADC.obj (.text)
                  00003218    00000068     driverlib.lib : interrupt.obj (.text:IntEnable)
                  00003280    00000068     rtsv7M4_T_le_v4SPD16_eabi.lib : copy_decompress_lzss.c.obj (.text:decompress:lzss:__TI_decompress_lzss)
                  000032e8    00000060     driverlib.lib : timer.obj (.text:TimerConfigure)
                  00003348    0000005c     delay.obj (.text)
                  000033a4    00000058     driverlib.lib : gpio.obj (.text:GPIOIntTypeSet)
                  000033fc    00000050                   : adc.obj (.text:ADCSequenceConfigure)
                  0000344c    00000050                   : adc.obj (.text:_ADCIntNumberGet)
                  0000349c    0000004c                   : gpio.obj (.text:GPIOPinConfigure)
                  000034e8    00000046                   : uart.obj (.text:UARTConfigSetExpClk)
                  0000352e    00000002     rtsv7M4_T_le_v4SPD16_eabi.lib : div0.asm.obj (.text)
                  00003530    00000044     OrbitOLEDInterface.obj (.text)
                  00003574    00000044     driverlib.lib : gpio.obj (.text:_GPIOIntNumberGet)
                  000035b8    00000044     rtsv7M4_T_le_v4SPD16_eabi.lib : autoinit.c.obj (.text:__TI_auto_init_nobinit_nopinit:__TI_auto_init_nobinit_nopinit)
                  000035fc    00000040                                   : u_divt2.asm.obj (.text)
                  0000363c    0000003c     driverlib.lib : ssi.obj (.text:SSIConfigSetExpClk)
                  00003678    0000003c     rtsv7M4_T_le_v4SPD16_eabi.lib : memory.c.obj (.text:minsert)
                  000036b4    00000038                                   : boot_cortex_m.c.obj (.text:_c_int00_noargs:_c_int00_noargs)
                  000036ec    00000038                                   : memory.c.obj (.text:minit)
                  00003724    00000034     driverlib.lib : interrupt.obj (.text:IntRegister)
                  00003758    00000034                   : sysctl.obj (.text:SysCtlPeripheralEnable)
                  0000378c    0000002c                   : gpio.obj (.text:GPIODirModeSet)
                  000037b8    0000002a     rtsv7M4_T_le_v4SPD16_eabi.lib : memory.c.obj (.text:calloc)
                  000037e2    00000002     --HOLE-- [fill = 0]
                  000037e4    00000028                                   : memory.c.obj (.text:mremove)
                  0000380c    00000022     driverlib.lib : pwm.obj (.text:PWMGenConfigure)
                  0000382e    00000002     --HOLE-- [fill = 0]
                  00003830    00000020                   : uart.obj (.text:UARTDisable)
                  00003850    0000001e                   : adc.obj (.text:ADCSequenceDataGet)
                  0000386e    0000001e                   : pwm.obj (.text:PWMPulseWidthSet)
                  0000388c    0000001c                   : systick.obj (.text:SysTickIntRegister)
                  000038a8    00000018                   : adc.obj (.text:ADCIntRegister)
                  000038c0    00000018                   : adc.obj (.text:ADCProcessorTrigger)
                  000038d8    00000018                   : gpio.obj (.text:GPIOIntRegister)
                  000038f0    00000018                   : gpio.obj (.text:GPIOPinTypeGPIOOutput)
                  00003908    00000016                   : gpio.obj (.text:GPIOPinTypeGPIOInput)
                  0000391e    00000016                   : gpio.obj (.text:GPIOPinTypePWM)
                  00003934    00000016                   : gpio.obj (.text:GPIOPinTypeSSI)
                  0000394a    00000016                   : gpio.obj (.text:GPIOPinTypeUART)
                  00003960    00000014                   : sysctl.obj (.text:SysCtlPWMClockSet)
                  00003974    00000014                   : systick.obj (.text:SysTickEnable)
                  00003988    00000014                   : systick.obj (.text:SysTickIntEnable)
                  0000399c    00000014                   : uart.obj (.text:UARTEnable)
                  000039b0    00000012                   : pwm.obj (.text:PWMOutputState)
                  000039c2    00000010                   : adc.obj (.text:ADCIntEnable)
                  000039d2    00000010                   : interrupt.obj (.text:IntMasterEnable)
                  000039e2    00000010                   : pwm.obj (.text:PWMGenPeriodSet)
                  000039f2    00000002     --HOLE-- [fill = 0]
                  000039f4    00000010                   : systick.obj (.text:SysTickPeriodSet)
                  00003a04    0000000e                   : adc.obj (.text:ADCSequenceEnable)
                  00003a12    0000000e                   : gpio.obj (.text:GPIOIntStatus)
                  00003a20    0000000e                   : timer.obj (.text:TimerEnable)
                  00003a2e    0000000e     rtsv7M4_T_le_v4SPD16_eabi.lib : copy_decompress_none.c.obj (.text:decompress:none:__TI_decompress_none)
                  00003a3c    0000000c     driverlib.lib : cpu.obj (.text:CPUcpsie)
                  00003a48    0000000c                   : gpio.obj (.text:GPIOIntEnable)
                  00003a54    0000000c                   : pwm.obj (.text:PWMGenEnable)
                  00003a60    0000000c                   : ssi.obj (.text:SSIDataGet)
                  00003a6c    0000000c     rtsv7M4_T_le_v4SPD16_eabi.lib : copy_zero_init.c.obj (.text:decompress:ZI:__TI_zero_init)
                  00003a78    0000000c     tm4c123gh6pm_startup_ccs.obj (.text)
                  00003a84    0000000a     driverlib.lib : adc.obj (.text:ADCIntClear)
                  00003a8e    0000000a                   : ssi.obj (.text:SSIDataPut)
                  00003a98    0000000a                   : ssi.obj (.text:SSIEnable)
                  00003aa2    0000000a                   : timer.obj (.text:TimerValueGet)
                  00003aac    0000000a                   : uart.obj (.text:UARTCharPut)
                  00003ab6    0000000a                   : uart.obj (.text:UARTFIFOEnable)
                  00003ac0    00000008                   : ssi.obj (.text:SSIBusy)
                  00003ac8    00000006                   : gpio.obj (.text:GPIOIntClear)
                  00003ace    00000006                   : gpio.obj (.text:GPIOPinRead)
                  00003ad4    00000006                   : gpio.obj (.text:GPIOPinWrite)
                  00003ada    00000006                   : ssi.obj (.text:SSIClockSourceSet)
                  00003ae0    00000006                   : sysctl.obj (.text:SysCtlDelay)
                  00003ae6    00000004     rtsv7M4_T_le_v4SPD16_eabi.lib : pre_init.c.obj (.text:_system_pre_init)
                  00003aea    00000004                                   : exit.c.obj (.text:abort:abort)

.const     0    00003af0    00000648     
                  00003af0    00000300     ChrFont0.obj (.const:.string:rgbOledFont0)
                  00003df0    000000d8     driverlib.lib : gpio.obj (.const:g_ppui32GPIOIntMapSnowflake)
                  00003ec8    000000c0                   : gpio.obj (.const:g_ppui32GPIOIntMapBlizzard)
                  00003f88    00000090                   : gpio.obj (.const:g_pui32GPIOBaseAddrs)
                  00004018    0000006c                   : sysctl.obj (.const:g_pui32Xtals)
                  00004084    00000040     FillPat.obj (.const:.string:rgbFillPat)
                  000040c4    00000030     ustdlib.obj (.const:g_psDaysToMonth)
                  000040f4    00000018     ustdlib.obj (.const:g_pfExponents)
                  0000410c    00000014     driverlib.lib : interrupt.obj (.const:g_pui32EnRegs)
                  00004120    00000012     ustdlib.obj (.const:.string)
                  00004132    00000002     --HOLE-- [fill = 0]
                  00004134    00000004     ustdlib.obj (.const)

.cinit     0    00004138    00000058     
                  00004138    0000001d     (.cinit..data.load) [load image, compression = lzss]
                  00004155    00000003     --HOLE-- [fill = 0]
                  00004158    0000000c     (__TI_handler_table)
                  00004164    00000004     --HOLE-- [fill = 0]
                  00004168    00000008     (.cinit..bss.load) [load image, compression = zero_init]
                  00004170    00000008     (.cinit..vtable.load) [load image, compression = zero_init]
                  00004178    00000018     (__TI_cinit_table)

.init_array 
*          0    00000000    00000000     UNINITIALIZED

.vtable    0    20000000    0000026c     UNINITIALIZED
                  20000000    0000026c     driverlib.lib : interrupt.obj (.vtable)

.bss       0    2000026c    000003d0     UNINITIALIZED
                  2000026c    00000200     (.common:rgbOledBmp)
                  2000046c    00000100     (.common:rgbOledFontUser)
                  2000056c    00000014     (.common:g_inBuffer)
                  20000580    00000014     (.common:statusStr)
                  20000594    00000010     (.common:mainRotor)
                  200005a4    00000010     (.common:tailRotor)
                  200005b4    0000000f     project.obj (.bss)
                  200005c3    00000001     (.common:clrOledCur)
                  200005c4    0000000d     yaw.obj (.bss)
                  200005d1    00000008     buttons4.obj (.bss:but_count)
                  200005d9    00000008     buttons4.obj (.bss:but_flag)
                  200005e1    00000008     buttons4.obj (.bss:but_normal)
                  200005e9    00000008     buttons4.obj (.bss:but_state)
                  200005f1    00000001     --HOLE--
                  200005f2    00000002     (.common:yaw)
                  200005f4    00000008     motorControl.obj (.bss)
                  200005fc    00000004     (.common:bnOledCur)
                  20000600    00000004     (.common:dxcoOledFontCur)
                  20000604    00000004     (.common:dycoOledFontCur)
                  20000608    00000004     (.common:fOledCharUpdate)
                  2000060c    00000004     (.common:modOledCur)
                  20000610    00000004     (.common:pbOledCur)
                  20000614    00000004     (.common:pbOledFontCur)
                  20000618    00000004     (.common:pbOledFontUser)
                  2000061c    00000004     (.common:pbOledPatCur)
                  20000620    00000004     (.common:pfnDoRop)
                  20000624    00000004     (.common:xchOledCur)
                  20000628    00000004     (.common:xchOledMax)
                  2000062c    00000004     (.common:xcoOledCur)
                  20000630    00000004     (.common:ychOledCur)
                  20000634    00000004     (.common:ychOledMax)
                  20000638    00000004     (.common:ycoOledCur)

.stack     0    20000640    00000200     UNINITIALIZED
                  20000640    00000004     rtsv7M4_T_le_v4SPD16_eabi.lib : boot_cortex_m.c.obj (.stack)
                  20000644    000001fc     --HOLE--

.sysmem    0    20000840    00000200     UNINITIALIZED
                  20000840    00000008     rtsv7M4_T_le_v4SPD16_eabi.lib : memory.c.obj (.sysmem)
                  20000848    000001f8     --HOLE--

.data      0    20000a40    00000028     UNINITIALIZED
                  20000a40    0000000d     project.obj (.data)
                  20000a4d    00000003     --HOLE--
                  20000a50    0000000c     rtsv7M4_T_le_v4SPD16_eabi.lib : memory.c.obj (.data:$O1$$)
                  20000a5c    00000008                                   : _lock.c.obj (.data:$O1$$)
                  20000a64    00000004     ustdlib.obj (.data)

MODULE SUMMARY

       Module                         code    ro data   rw data
       ------                         ----    -------   -------
    ./
       ustdlib.obj                    3204    94        4      
       project.obj                    948     0         102    
       tm4c123gh6pm_startup_ccs.obj   12      620       0      
    +--+------------------------------+-------+---------+---------+
       Total:                         4164    714       106    
                                                               
    ./HeliModules/
       buttons4.obj                   620     0         32     
       yaw.obj                        520     0         13     
       heliPWM.obj                    500     0         0      
       display.obj                    332     0         0      
       circBufT.obj                   280     0         0      
       motorControl.obj               224     0         8      
       USBUART.obj                    116     0         0      
       heliADC.obj                    108     0         0      
    +--+------------------------------+-------+---------+---------+
       Total:                         2700    0         53     
                                                               
    ./OrbitOLED/
       OrbitOLEDInterface.obj         68      0         0      
    +--+------------------------------+-------+---------+---------+
       Total:                         68      0         0      
                                                               
    ./OrbitOLED/lib_OrbitOled/
       OrbitOledGrph.obj              2384    0         8      
       OrbitOled.obj                  892     0         553    
       OrbitOledChar.obj              516     0         272    
       ChrFont0.obj                   0       768       0      
       delay.obj                      92      0         0      
       FillPat.obj                    0       64        0      
    +--+------------------------------+-------+---------+---------+
       Total:                         3884    832       833    
                                                               
    /Applications/ti/ccsv8/tools/compiler/ti-cgt-arm_18.1.4.LTS/include/TivaWare_C_Series-2.1.4.178/driverlib/ccs/Debug/driverlib.lib
       gpio.obj                       762     552       0      
       interrupt.obj                  172     20        620    
       sysctl.obj                     594     108       0      
       adc.obj                        400     0         0      
       uart.obj                       142     0         0      
       timer.obj                      120     0         0      
       pwm.obj                        110     0         0      
       ssi.obj                        106     0         0      
       systick.obj                    84      0         0      
       cpu.obj                        12      0         0      
    +--+------------------------------+-------+---------+---------+
       Total:                         2502    680       620    
                                                               
    /Applications/ti/ccsv8/tools/compiler/ti-cgt-arm_18.1.5.LTS/lib/rtsv7M4_T_le_v4SPD16_eabi.lib
       memory.c.obj                   534     0         12     
       memcpy_t2.asm.obj              156     0         0      
       memset_t2.asm.obj              122     0         0      
       copy_decompress_lzss.c.obj     104     0         0      
       autoinit.c.obj                 68      0         0      
       u_divt2.asm.obj                64      0         0      
       boot_cortex_m.c.obj            56      0         0      
       copy_decompress_none.c.obj     14      0         0      
       copy_zero_init.c.obj           12      0         0      
       _lock.c.obj                    2       0         8      
       exit.c.obj                     4       0         0      
       pre_init.c.obj                 4       0         0      
       div0.asm.obj                   2       0         0      
    +--+------------------------------+-------+---------+---------+
       Total:                         1142    0         20     
                                                               
       Heap:                          0       0         512    
       Stack:                         0       0         512    
       Linker Generated:              0       81        0      
    +--+------------------------------+-------+---------+---------+
       Grand Total:                   14460   2307      2656   


LINKER GENERATED COPY TABLES

__TI_cinit_table @ 00004178 records: 3, size/record: 8, table size: 24
	.data: load addr=00004138, load size=0000001d bytes, run addr=20000a40, run size=00000028 bytes, compression=lzss
	.bss: load addr=00004168, load size=00000008 bytes, run addr=2000026c, run size=000003d0 bytes, compression=zero_init
	.vtable: load addr=00004170, load size=00000008 bytes, run addr=20000000, run size=0000026c bytes, compression=zero_init


LINKER GENERATED HANDLER TABLE

__TI_handler_table @ 00004158 records: 3, size/record: 4, table size: 12
	index: 0, handler: __TI_zero_init
	index: 1, handler: __TI_decompress_lzss
	index: 2, handler: __TI_decompress_none


GLOBAL SYMBOLS: SORTED ALPHABETICALLY BY Name 

address   name                          
-------   ----                          
00003a85  ADCIntClear                   
000039c3  ADCIntEnable                  
000031ad  ADCIntHandler                 
000038a9  ADCIntRegister                
000038c1  ADCProcessorTrigger           
000033fd  ADCSequenceConfigure          
00003851  ADCSequenceDataGet            
00003a05  ADCSequenceEnable             
00002fcd  ADCSequenceStepConfigure      
00003aeb  C$$EXIT                       
00003a3d  CPUcpsie                      
00003349  DelayInit                     
00003363  DelayMs                       
0000378d  GPIODirModeSet                
00003ac9  GPIOIntClear                  
00003a49  GPIOIntEnable                 
000038d9  GPIOIntRegister               
00003a13  GPIOIntStatus                 
000033a5  GPIOIntTypeSet                
00002929  GPIOPadConfigSet              
0000349d  GPIOPinConfigure              
00003acf  GPIOPinRead                   
00003909  GPIOPinTypeGPIOInput          
000038f1  GPIOPinTypeGPIOOutput         
0000391f  GPIOPinTypePWM                
00003935  GPIOPinTypeSSI                
0000394b  GPIOPinTypeUART               
00003ad5  GPIOPinWrite                  
00003219  IntEnable                     
000039d3  IntMasterEnable               
00003725  IntRegister                   
00003557  OLEDInitialise                
00003531  OLEDStringDraw                
0000257d  OrbitOledAdvanceCursor        
000017e1  OrbitOledClampXco             
00001801  OrbitOledClampYco             
00001dd1  OrbitOledClear                
00001ddd  OrbitOledClearBuffer          
0000244d  OrbitOledDefUserChar          
00001d4d  OrbitOledDevInit              
00001623  OrbitOledDrawChar             
00002505  OrbitOledDrawGlyph            
00000fe7  OrbitOledDrawPixel            
0000112d  OrbitOledDrawRect             
00001683  OrbitOledDrawString           
00001cd3  OrbitOledDvrInit              
000011b1  OrbitOledFillRect             
000012f5  OrbitOledGetBmp               
000024b5  OrbitOledGetCharUpdate        
00002431  OrbitOledGetCursor            
00000fe1  OrbitOledGetDrawMode          
00001013  OrbitOledGetPixel             
00000f37  OrbitOledGetPos               
00000f6b  OrbitOledGetStdPattern        
00001c09  OrbitOledHostInit             
00001bf5  OrbitOledInit                 
0000102d  OrbitOledLineTo               
00001779  OrbitOledMoveDown             
000017af  OrbitOledMoveLeft             
000017c7  OrbitOledMoveRight            
00000ef1  OrbitOledMoveTo               
00001741  OrbitOledMoveUp               
00001455  OrbitOledPutBmp               
00001e67  OrbitOledPutBuffer            
000024bb  OrbitOledPutChar              
000024d9  OrbitOledPutString            
000016ef  OrbitOledRopAnd               
000016cb  OrbitOledRopOr                
000016a1  OrbitOledRopSet               
00001713  OrbitOledRopXor               
0000249d  OrbitOledSetCharUpdate        
000023e5  OrbitOledSetCursor            
00000f53  OrbitOledSetDrawColor         
00000f8d  OrbitOledSetDrawMode          
00000f7d  OrbitOledSetFillPattern       
00001e0d  OrbitOledUpdate               
0000380d  PWMGenConfigure               
00003a55  PWMGenEnable                  
000039e3  PWMGenPeriodSet               
000039b1  PWMOutputState                
0000386f  PWMPulseWidthSet              
00003a79  ResetISR                      
00003ac1  SSIBusy                       
00003adb  SSIClockSourceSet             
0000363d  SSIConfigSetExpClk            
00003a61  SSIDataGet                    
00003a8f  SSIDataPut                    
00003a99  SSIEnable                     
00001ecd  Ssi3PutByte                   
00002b75  SysCtlClockGet                
00002c85  SysCtlClockSet                
00003ae1  SysCtlDelay                   
00003961  SysCtlPWMClockSet             
00003759  SysCtlPeripheralEnable        
00003975  SysTickEnable                 
00003989  SysTickIntEnable              
00001841  SysTickIntHandler             
0000388d  SysTickIntRegister            
000039f5  SysTickPeriodSet              
000032e9  TimerConfigure                
00003a21  TimerEnable                   
00003aa3  TimerValueGet                 
00003aad  UARTCharPut                   
000034e9  UARTConfigSetExpClk           
00003831  UARTDisable                   
0000399d  UARTEnable                    
00003ab7  UARTFIFOEnable                
0000317f  UARTSend                      
20000840  __STACK_END                   
00000200  __STACK_SIZE                  
20000840  __STACK_TOP                   
00000200  __SYSMEM_SIZE                 
00004178  __TI_CINIT_Base               
00004190  __TI_CINIT_Limit              
00004158  __TI_Handler_Table_Base       
00004164  __TI_Handler_Table_Limit      
000035b9  __TI_auto_init_nobinit_nopinit
00003281  __TI_decompress_lzss          
00003a2f  __TI_decompress_none          
ffffffff  __TI_pprof_out_hndl           
ffffffff  __TI_prof_data_size           
ffffffff  __TI_prof_data_start          
00000000  __TI_static_base__            
00003a6d  __TI_zero_init                
0000352f  __aeabi_idiv0                 
0000352f  __aeabi_ldiv0                 
00003047  __aeabi_memclr                
00003047  __aeabi_memclr4               
00003047  __aeabi_memclr8               
00002f31  __aeabi_memcpy                
00002f31  __aeabi_memcpy4               
00002f31  __aeabi_memcpy8               
00003049  __aeabi_memset                
00003049  __aeabi_memset4               
00003049  __aeabi_memset8               
000035fd  __aeabi_uidiv                 
000035fd  __aeabi_uidivmod              
ffffffff  __binit__                     
ffffffff  __c_args__                    
UNDEFED   __mpu_init                    
20000640  __stack                       
000036b5  _c_int00_noargs               
20000a5c  _lock                         
00002b73  _nop                          
20000840  _sys_memory                   
UNDEFED   _system_post_cinit            
00003ae7  _system_pre_init              
20000a60  _unlock                       
00003aeb  abort                         
ffffffff  binit                         
200005fc  bnOledCur                     
00002e25  calcAltError                  
00002b1f  calcMean                      
00002e37  calcYawError                  
000037b9  calloc                        
00002155  checkButton                   
200005c3  clrOledCur                    
00001971  controlDuty                   
0000285f  displayMeanVal                
000028c7  displayPWM                    
0000289d  displayYaw                    
20000600  dxcoOledFontCur               
20000604  dycoOledFontCur               
20000608  fOledCharUpdate               
00002e59  free                          
00002af9  freeCircBuf                   
2000056c  g_inBuffer                    
20000000  g_pfnRAMVectors               
00000000  g_pfnVectors                  
000018c7  handleHMI                     
000031cb  initADC                       
000018af  initAltitude                  
00001f71  initButtons                   
00002a5b  initCircBuf                   
00001879  initClock                     
000027dd  initDisplay                   
000025e9  initPWMMain                   
0000267d  initPWMTail                   
00003139  initUSB_UART                  
000022af  initYaw                       
00002e05  integrate                     
00001a7d  main                          
20000594  mainRotor                     
000030c1  malloc                        
000027e5  map                           
00002825  mapAlt                        
0000233f  mapYaw2Deg                    
00002f31  memcpy                        
0000304f  memset                        
000036ed  minit                         
2000060c  modOledCur                    
00002773  motorPower                    
20000610  pbOledCur                     
20000614  pbOledFontCur                 
20000618  pbOledFontUser                
2000061c  pbOledPatCur                  
20000620  pfnDoRop                      
00002ac5  readCircBuf                   
00004084  rgbFillPat                    
2000026c  rgbOledBmp                    
00003af0  rgbOledFont0                  
2000046c  rgbOledFontUser               
00002709  setPWM                        
20000a40  slowTick                      
20000580  statusStr                     
200005a4  tailRotor                     
00000751  ulocaltime                    
0000094f  umktime                       
00002063  updateButtons                 
000019f5  updateDesired                 
00002d79  updateMotors                  
00000ec9  urand                         
00000721  usnprintf                     
000006ef  usprintf                      
00000eb9  usrand                        
00000e31  ustrcasecmp                   
00000ea5  ustrcmp                       
00000d35  ustrlen                       
00000d8d  ustrncasecmp                  
00000e45  ustrncmp                      
0000026d  ustrncpy                      
00000d57  ustrstr                       
00000afd  ustrtof                       
000009c5  ustrtoul                      
000002c5  uvsnprintf                    
00002a8b  writeCircBuf                  
20000624  xchOledCur                    
20000628  xchOledMax                    
2000062c  xcoOledCur                    
200005f2  yaw                           
000021dd  yawIntHandler                 
00002293  yawRefIntHandler              
20000630  ychOledCur                    
20000634  ychOledMax                    
20000638  ycoOledCur                    


GLOBAL SYMBOLS: SORTED BY Symbol Address 

address   name                          
-------   ----                          
00000000  __TI_static_base__            
00000000  g_pfnVectors                  
00000200  __STACK_SIZE                  
00000200  __SYSMEM_SIZE                 
0000026d  ustrncpy                      
000002c5  uvsnprintf                    
000006ef  usprintf                      
00000721  usnprintf                     
00000751  ulocaltime                    
0000094f  umktime                       
000009c5  ustrtoul                      
00000afd  ustrtof                       
00000d35  ustrlen                       
00000d57  ustrstr                       
00000d8d  ustrncasecmp                  
00000e31  ustrcasecmp                   
00000e45  ustrncmp                      
00000ea5  ustrcmp                       
00000eb9  usrand                        
00000ec9  urand                         
00000ef1  OrbitOledMoveTo               
00000f37  OrbitOledGetPos               
00000f53  OrbitOledSetDrawColor         
00000f6b  OrbitOledGetStdPattern        
00000f7d  OrbitOledSetFillPattern       
00000f8d  OrbitOledSetDrawMode          
00000fe1  OrbitOledGetDrawMode          
00000fe7  OrbitOledDrawPixel            
00001013  OrbitOledGetPixel             
0000102d  OrbitOledLineTo               
0000112d  OrbitOledDrawRect             
000011b1  OrbitOledFillRect             
000012f5  OrbitOledGetBmp               
00001455  OrbitOledPutBmp               
00001623  OrbitOledDrawChar             
00001683  OrbitOledDrawString           
000016a1  OrbitOledRopSet               
000016cb  OrbitOledRopOr                
000016ef  OrbitOledRopAnd               
00001713  OrbitOledRopXor               
00001741  OrbitOledMoveUp               
00001779  OrbitOledMoveDown             
000017af  OrbitOledMoveLeft             
000017c7  OrbitOledMoveRight            
000017e1  OrbitOledClampXco             
00001801  OrbitOledClampYco             
00001841  SysTickIntHandler             
00001879  initClock                     
000018af  initAltitude                  
000018c7  handleHMI                     
00001971  controlDuty                   
000019f5  updateDesired                 
00001a7d  main                          
00001bf5  OrbitOledInit                 
00001c09  OrbitOledHostInit             
00001cd3  OrbitOledDvrInit              
00001d4d  OrbitOledDevInit              
00001dd1  OrbitOledClear                
00001ddd  OrbitOledClearBuffer          
00001e0d  OrbitOledUpdate               
00001e67  OrbitOledPutBuffer            
00001ecd  Ssi3PutByte                   
00001f71  initButtons                   
00002063  updateButtons                 
00002155  checkButton                   
000021dd  yawIntHandler                 
00002293  yawRefIntHandler              
000022af  initYaw                       
0000233f  mapYaw2Deg                    
000023e5  OrbitOledSetCursor            
00002431  OrbitOledGetCursor            
0000244d  OrbitOledDefUserChar          
0000249d  OrbitOledSetCharUpdate        
000024b5  OrbitOledGetCharUpdate        
000024bb  OrbitOledPutChar              
000024d9  OrbitOledPutString            
00002505  OrbitOledDrawGlyph            
0000257d  OrbitOledAdvanceCursor        
000025e9  initPWMMain                   
0000267d  initPWMTail                   
00002709  setPWM                        
00002773  motorPower                    
000027dd  initDisplay                   
000027e5  map                           
00002825  mapAlt                        
0000285f  displayMeanVal                
0000289d  displayYaw                    
000028c7  displayPWM                    
00002929  GPIOPadConfigSet              
00002a5b  initCircBuf                   
00002a8b  writeCircBuf                  
00002ac5  readCircBuf                   
00002af9  freeCircBuf                   
00002b1f  calcMean                      
00002b73  _nop                          
00002b75  SysCtlClockGet                
00002c85  SysCtlClockSet                
00002d79  updateMotors                  
00002e05  integrate                     
00002e25  calcAltError                  
00002e37  calcYawError                  
00002e59  free                          
00002f31  __aeabi_memcpy                
00002f31  __aeabi_memcpy4               
00002f31  __aeabi_memcpy8               
00002f31  memcpy                        
00002fcd  ADCSequenceStepConfigure      
00003047  __aeabi_memclr                
00003047  __aeabi_memclr4               
00003047  __aeabi_memclr8               
00003049  __aeabi_memset                
00003049  __aeabi_memset4               
00003049  __aeabi_memset8               
0000304f  memset                        
000030c1  malloc                        
00003139  initUSB_UART                  
0000317f  UARTSend                      
000031ad  ADCIntHandler                 
000031cb  initADC                       
00003219  IntEnable                     
00003281  __TI_decompress_lzss          
000032e9  TimerConfigure                
00003349  DelayInit                     
00003363  DelayMs                       
000033a5  GPIOIntTypeSet                
000033fd  ADCSequenceConfigure          
0000349d  GPIOPinConfigure              
000034e9  UARTConfigSetExpClk           
0000352f  __aeabi_idiv0                 
0000352f  __aeabi_ldiv0                 
00003531  OLEDStringDraw                
00003557  OLEDInitialise                
000035b9  __TI_auto_init_nobinit_nopinit
000035fd  __aeabi_uidiv                 
000035fd  __aeabi_uidivmod              
0000363d  SSIConfigSetExpClk            
000036b5  _c_int00_noargs               
000036ed  minit                         
00003725  IntRegister                   
00003759  SysCtlPeripheralEnable        
0000378d  GPIODirModeSet                
000037b9  calloc                        
0000380d  PWMGenConfigure               
00003831  UARTDisable                   
00003851  ADCSequenceDataGet            
0000386f  PWMPulseWidthSet              
0000388d  SysTickIntRegister            
000038a9  ADCIntRegister                
000038c1  ADCProcessorTrigger           
000038d9  GPIOIntRegister               
000038f1  GPIOPinTypeGPIOOutput         
00003909  GPIOPinTypeGPIOInput          
0000391f  GPIOPinTypePWM                
00003935  GPIOPinTypeSSI                
0000394b  GPIOPinTypeUART               
00003961  SysCtlPWMClockSet             
00003975  SysTickEnable                 
00003989  SysTickIntEnable              
0000399d  UARTEnable                    
000039b1  PWMOutputState                
000039c3  ADCIntEnable                  
000039d3  IntMasterEnable               
000039e3  PWMGenPeriodSet               
000039f5  SysTickPeriodSet              
00003a05  ADCSequenceEnable             
00003a13  GPIOIntStatus                 
00003a21  TimerEnable                   
00003a2f  __TI_decompress_none          
00003a3d  CPUcpsie                      
00003a49  GPIOIntEnable                 
00003a55  PWMGenEnable                  
00003a61  SSIDataGet                    
00003a6d  __TI_zero_init                
00003a79  ResetISR                      
00003a85  ADCIntClear                   
00003a8f  SSIDataPut                    
00003a99  SSIEnable                     
00003aa3  TimerValueGet                 
00003aad  UARTCharPut                   
00003ab7  UARTFIFOEnable                
00003ac1  SSIBusy                       
00003ac9  GPIOIntClear                  
00003acf  GPIOPinRead                   
00003ad5  GPIOPinWrite                  
00003adb  SSIClockSourceSet             
00003ae1  SysCtlDelay                   
00003ae7  _system_pre_init              
00003aeb  C$$EXIT                       
00003aeb  abort                         
00003af0  rgbOledFont0                  
00004084  rgbFillPat                    
00004158  __TI_Handler_Table_Base       
00004164  __TI_Handler_Table_Limit      
00004178  __TI_CINIT_Base               
00004190  __TI_CINIT_Limit              
20000000  g_pfnRAMVectors               
2000026c  rgbOledBmp                    
2000046c  rgbOledFontUser               
2000056c  g_inBuffer                    
20000580  statusStr                     
20000594  mainRotor                     
200005a4  tailRotor                     
200005c3  clrOledCur                    
200005f2  yaw                           
200005fc  bnOledCur                     
20000600  dxcoOledFontCur               
20000604  dycoOledFontCur               
20000608  fOledCharUpdate               
2000060c  modOledCur                    
20000610  pbOledCur                     
20000614  pbOledFontCur                 
20000618  pbOledFontUser                
2000061c  pbOledPatCur                  
20000620  pfnDoRop                      
20000624  xchOledCur                    
20000628  xchOledMax                    
2000062c  xcoOledCur                    
20000630  ychOledCur                    
20000634  ychOledMax                    
20000638  ycoOledCur                    
20000640  __stack                       
20000840  __STACK_END                   
20000840  __STACK_TOP                   
20000840  _sys_memory                   
20000a40  slowTick                      
20000a5c  _lock                         
20000a60  _unlock                       
ffffffff  __TI_pprof_out_hndl           
ffffffff  __TI_prof_data_size           
ffffffff  __TI_prof_data_start          
ffffffff  __binit__                     
ffffffff  __c_args__                    
ffffffff  binit                         
UNDEFED   __mpu_init                    
UNDEFED   _system_post_cinit            

[235 symbols]
