<?xml version="1.0" encoding="ISO-8859-1" ?>
<link_info>
   <banner>TI ARM Linker Unix v18.1.5.LTS</banner>
   <copyright>Copyright (c) 1996-2018 Texas Instruments Incorporated</copyright>
   <link_time>0x5cd36cf9</link_time>
   <link_errors>0x0</link_errors>
   <output_file>Milestone1.out</output_file>
   <entry_point>
      <name>_c_int00_noargs</name>
      <address>0x36a5</address>
   </entry_point>
   <input_file_list>
      <input_file id="fl-2">
         <path>./</path>
         <kind>object</kind>
         <file>project.obj</file>
         <name>project.obj</name>
      </input_file>
      <input_file id="fl-3">
         <path>./</path>
         <kind>object</kind>
         <file>tm4c123gh6pm_startup_ccs.obj</file>
         <name>tm4c123gh6pm_startup_ccs.obj</name>
      </input_file>
      <input_file id="fl-4">
         <path>./</path>
         <kind>object</kind>
         <file>ustdlib.obj</file>
         <name>ustdlib.obj</name>
      </input_file>
      <input_file id="fl-5">
         <path>./HeliModules/</path>
         <kind>object</kind>
         <file>USBUART.obj</file>
         <name>USBUART.obj</name>
      </input_file>
      <input_file id="fl-6">
         <path>./HeliModules/</path>
         <kind>object</kind>
         <file>buttons4.obj</file>
         <name>buttons4.obj</name>
      </input_file>
      <input_file id="fl-7">
         <path>./HeliModules/</path>
         <kind>object</kind>
         <file>circBufT.obj</file>
         <name>circBufT.obj</name>
      </input_file>
      <input_file id="fl-8">
         <path>./HeliModules/</path>
         <kind>object</kind>
         <file>display.obj</file>
         <name>display.obj</name>
      </input_file>
      <input_file id="fl-9">
         <path>./HeliModules/</path>
         <kind>object</kind>
         <file>heliADC.obj</file>
         <name>heliADC.obj</name>
      </input_file>
      <input_file id="fl-a">
         <path>./HeliModules/</path>
         <kind>object</kind>
         <file>heliPWM.obj</file>
         <name>heliPWM.obj</name>
      </input_file>
      <input_file id="fl-b">
         <path>./HeliModules/</path>
         <kind>object</kind>
         <file>motorControl.obj</file>
         <name>motorControl.obj</name>
      </input_file>
      <input_file id="fl-c">
         <path>./HeliModules/</path>
         <kind>object</kind>
         <file>yaw.obj</file>
         <name>yaw.obj</name>
      </input_file>
      <input_file id="fl-d">
         <path>./OrbitOLED/</path>
         <kind>object</kind>
         <file>OrbitOLEDInterface.obj</file>
         <name>OrbitOLEDInterface.obj</name>
      </input_file>
      <input_file id="fl-e">
         <path>./OrbitOLED/lib_OrbitOled/</path>
         <kind>object</kind>
         <file>ChrFont0.obj</file>
         <name>ChrFont0.obj</name>
      </input_file>
      <input_file id="fl-f">
         <path>./OrbitOLED/lib_OrbitOled/</path>
         <kind>object</kind>
         <file>FillPat.obj</file>
         <name>FillPat.obj</name>
      </input_file>
      <input_file id="fl-10">
         <path>./OrbitOLED/lib_OrbitOled/</path>
         <kind>object</kind>
         <file>OrbitOled.obj</file>
         <name>OrbitOled.obj</name>
      </input_file>
      <input_file id="fl-11">
         <path>./OrbitOLED/lib_OrbitOled/</path>
         <kind>object</kind>
         <file>OrbitOledChar.obj</file>
         <name>OrbitOledChar.obj</name>
      </input_file>
      <input_file id="fl-12">
         <path>./OrbitOLED/lib_OrbitOled/</path>
         <kind>object</kind>
         <file>OrbitOledGrph.obj</file>
         <name>OrbitOledGrph.obj</name>
      </input_file>
      <input_file id="fl-13">
         <path>./OrbitOLED/lib_OrbitOled/</path>
         <kind>object</kind>
         <file>delay.obj</file>
         <name>delay.obj</name>
      </input_file>
      <input_file id="fl-18">
         <kind>object</kind>
         <file>&lt;internal&gt;</file>
         <name>&lt;internal&gt;</name>
      </input_file>
      <input_file id="fl-ce">
         <path>/Applications/ti/ccsv8/tools/compiler/ti-cgt-arm_18.1.5.LTS/lib/</path>
         <kind>archive</kind>
         <file>rtsv7M4_T_le_v4SPD16_eabi.lib</file>
         <name>u_divt2.asm.obj</name>
      </input_file>
      <input_file id="fl-cf">
         <path>/Applications/ti/ccsv8/tools/compiler/ti-cgt-arm_18.1.5.LTS/lib/</path>
         <kind>archive</kind>
         <file>rtsv7M4_T_le_v4SPD16_eabi.lib</file>
         <name>copy_zero_init.c.obj</name>
      </input_file>
      <input_file id="fl-d0">
         <path>/Applications/ti/ccsv8/tools/compiler/ti-cgt-arm_18.1.5.LTS/lib/</path>
         <kind>archive</kind>
         <file>rtsv7M4_T_le_v4SPD16_eabi.lib</file>
         <name>copy_decompress_none.c.obj</name>
      </input_file>
      <input_file id="fl-d1">
         <path>/Applications/ti/ccsv8/tools/compiler/ti-cgt-arm_18.1.5.LTS/lib/</path>
         <kind>archive</kind>
         <file>rtsv7M4_T_le_v4SPD16_eabi.lib</file>
         <name>copy_decompress_lzss.c.obj</name>
      </input_file>
      <input_file id="fl-d2">
         <path>/Applications/ti/ccsv8/tools/compiler/ti-cgt-arm_18.1.5.LTS/lib/</path>
         <kind>archive</kind>
         <file>rtsv7M4_T_le_v4SPD16_eabi.lib</file>
         <name>boot_cortex_m.c.obj</name>
      </input_file>
      <input_file id="fl-d3">
         <path>/Applications/ti/ccsv8/tools/compiler/ti-cgt-arm_18.1.5.LTS/lib/</path>
         <kind>archive</kind>
         <file>rtsv7M4_T_le_v4SPD16_eabi.lib</file>
         <name>exit.c.obj</name>
      </input_file>
      <input_file id="fl-d4">
         <path>/Applications/ti/ccsv8/tools/compiler/ti-cgt-arm_18.1.5.LTS/lib/</path>
         <kind>archive</kind>
         <file>rtsv7M4_T_le_v4SPD16_eabi.lib</file>
         <name>memory.c.obj</name>
      </input_file>
      <input_file id="fl-d5">
         <path>/Applications/ti/ccsv8/tools/compiler/ti-cgt-arm_18.1.5.LTS/lib/</path>
         <kind>archive</kind>
         <file>rtsv7M4_T_le_v4SPD16_eabi.lib</file>
         <name>_lock.c.obj</name>
      </input_file>
      <input_file id="fl-d6">
         <path>/Applications/ti/ccsv8/tools/compiler/ti-cgt-arm_18.1.5.LTS/lib/</path>
         <kind>archive</kind>
         <file>rtsv7M4_T_le_v4SPD16_eabi.lib</file>
         <name>args_main.c.obj</name>
      </input_file>
      <input_file id="fl-d7">
         <path>/Applications/ti/ccsv8/tools/compiler/ti-cgt-arm_18.1.5.LTS/lib/</path>
         <kind>archive</kind>
         <file>rtsv7M4_T_le_v4SPD16_eabi.lib</file>
         <name>div0.asm.obj</name>
      </input_file>
      <input_file id="fl-d8">
         <path>/Applications/ti/ccsv8/tools/compiler/ti-cgt-arm_18.1.5.LTS/lib/</path>
         <kind>archive</kind>
         <file>rtsv7M4_T_le_v4SPD16_eabi.lib</file>
         <name>memset_t2.asm.obj</name>
      </input_file>
      <input_file id="fl-d9">
         <path>/Applications/ti/ccsv8/tools/compiler/ti-cgt-arm_18.1.5.LTS/lib/</path>
         <kind>archive</kind>
         <file>rtsv7M4_T_le_v4SPD16_eabi.lib</file>
         <name>memcpy_t2.asm.obj</name>
      </input_file>
      <input_file id="fl-da">
         <path>/Applications/ti/ccsv8/tools/compiler/ti-cgt-arm_18.1.5.LTS/lib/</path>
         <kind>archive</kind>
         <file>rtsv7M4_T_le_v4SPD16_eabi.lib</file>
         <name>autoinit.c.obj</name>
      </input_file>
      <input_file id="fl-db">
         <path>/Applications/ti/ccsv8/tools/compiler/ti-cgt-arm_18.1.5.LTS/lib/</path>
         <kind>archive</kind>
         <file>rtsv7M4_T_le_v4SPD16_eabi.lib</file>
         <name>pre_init.c.obj</name>
      </input_file>
      <input_file id="fl-dc">
         <path>/Applications/ti/ccsv8/tools/compiler/ti-cgt-arm_18.1.5.LTS/lib/</path>
         <kind>archive</kind>
         <file>rtsv7M4_T_le_v4SPD16_eabi.lib</file>
         <name>cpy_tbl.c.obj</name>
      </input_file>
      <input_file id="fl-dd">
         <path>/Applications/ti/ccsv8/tools/compiler/ti-cgt-arm_18.1.4.LTS/include/TivaWare_C_Series-2.1.4.178/driverlib/ccs/Debug/</path>
         <kind>archive</kind>
         <file>driverlib.lib</file>
         <name>adc.obj</name>
      </input_file>
      <input_file id="fl-de">
         <path>/Applications/ti/ccsv8/tools/compiler/ti-cgt-arm_18.1.4.LTS/include/TivaWare_C_Series-2.1.4.178/driverlib/ccs/Debug/</path>
         <kind>archive</kind>
         <file>driverlib.lib</file>
         <name>gpio.obj</name>
      </input_file>
      <input_file id="fl-df">
         <path>/Applications/ti/ccsv8/tools/compiler/ti-cgt-arm_18.1.4.LTS/include/TivaWare_C_Series-2.1.4.178/driverlib/ccs/Debug/</path>
         <kind>archive</kind>
         <file>driverlib.lib</file>
         <name>interrupt.obj</name>
      </input_file>
      <input_file id="fl-e0">
         <path>/Applications/ti/ccsv8/tools/compiler/ti-cgt-arm_18.1.4.LTS/include/TivaWare_C_Series-2.1.4.178/driverlib/ccs/Debug/</path>
         <kind>archive</kind>
         <file>driverlib.lib</file>
         <name>pwm.obj</name>
      </input_file>
      <input_file id="fl-e1">
         <path>/Applications/ti/ccsv8/tools/compiler/ti-cgt-arm_18.1.4.LTS/include/TivaWare_C_Series-2.1.4.178/driverlib/ccs/Debug/</path>
         <kind>archive</kind>
         <file>driverlib.lib</file>
         <name>ssi.obj</name>
      </input_file>
      <input_file id="fl-e2">
         <path>/Applications/ti/ccsv8/tools/compiler/ti-cgt-arm_18.1.4.LTS/include/TivaWare_C_Series-2.1.4.178/driverlib/ccs/Debug/</path>
         <kind>archive</kind>
         <file>driverlib.lib</file>
         <name>sysctl.obj</name>
      </input_file>
      <input_file id="fl-e3">
         <path>/Applications/ti/ccsv8/tools/compiler/ti-cgt-arm_18.1.4.LTS/include/TivaWare_C_Series-2.1.4.178/driverlib/ccs/Debug/</path>
         <kind>archive</kind>
         <file>driverlib.lib</file>
         <name>systick.obj</name>
      </input_file>
      <input_file id="fl-e4">
         <path>/Applications/ti/ccsv8/tools/compiler/ti-cgt-arm_18.1.4.LTS/include/TivaWare_C_Series-2.1.4.178/driverlib/ccs/Debug/</path>
         <kind>archive</kind>
         <file>driverlib.lib</file>
         <name>timer.obj</name>
      </input_file>
      <input_file id="fl-e5">
         <path>/Applications/ti/ccsv8/tools/compiler/ti-cgt-arm_18.1.4.LTS/include/TivaWare_C_Series-2.1.4.178/driverlib/ccs/Debug/</path>
         <kind>archive</kind>
         <file>driverlib.lib</file>
         <name>uart.obj</name>
      </input_file>
      <input_file id="fl-e6">
         <path>/Applications/ti/ccsv8/tools/compiler/ti-cgt-arm_18.1.4.LTS/include/TivaWare_C_Series-2.1.4.178/driverlib/ccs/Debug/</path>
         <kind>archive</kind>
         <file>driverlib.lib</file>
         <name>cpu.obj</name>
      </input_file>
   </input_file_list>
   <object_component_list>
      <object_component id="oc-f">
         <name>.intvecs</name>
         <load_address>0x0</load_address>
         <run_address>0x0</run_address>
         <size>0x26c</size>
         <input_file_ref idref="fl-3"/>
      </object_component>
      <object_component id="oc-1a9">
         <name>.text</name>
         <load_address>0x26c</load_address>
         <run_address>0x26c</run_address>
         <size>0xc84</size>
         <input_file_ref idref="fl-4"/>
      </object_component>
      <object_component id="oc-3d2">
         <name>.text</name>
         <load_address>0xef0</load_address>
         <run_address>0xef0</run_address>
         <size>0x950</size>
         <input_file_ref idref="fl-12"/>
      </object_component>
      <object_component id="oc-eb">
         <name>.text</name>
         <load_address>0x1840</load_address>
         <run_address>0x1840</run_address>
         <size>0x3bc</size>
         <input_file_ref idref="fl-2"/>
      </object_component>
      <object_component id="oc-34b">
         <name>.text</name>
         <load_address>0x1bfc</load_address>
         <run_address>0x1bfc</run_address>
         <size>0x37c</size>
         <input_file_ref idref="fl-10"/>
      </object_component>
      <object_component id="oc-172">
         <name>.text</name>
         <load_address>0x1f78</load_address>
         <run_address>0x1f78</run_address>
         <size>0x220</size>
         <input_file_ref idref="fl-6"/>
      </object_component>
      <object_component id="oc-2d">
         <name>.text</name>
         <load_address>0x2198</load_address>
         <run_address>0x2198</run_address>
         <size>0x208</size>
         <input_file_ref idref="fl-c"/>
      </object_component>
      <object_component id="oc-345">
         <name>.text</name>
         <load_address>0x23a0</load_address>
         <run_address>0x23a0</run_address>
         <size>0x204</size>
         <input_file_ref idref="fl-11"/>
      </object_component>
      <object_component id="oc-1b5">
         <name>.text</name>
         <load_address>0x25a4</load_address>
         <run_address>0x25a4</run_address>
         <size>0x1f4</size>
         <input_file_ref idref="fl-a"/>
      </object_component>
      <object_component id="oc-1a3">
         <name>.text</name>
         <load_address>0x2798</load_address>
         <run_address>0x2798</run_address>
         <size>0x14c</size>
         <input_file_ref idref="fl-8"/>
      </object_component>
      <object_component id="oc-90">
         <name>.text:GPIOPadConfigSet</name>
         <load_address>0x28e4</load_address>
         <run_address>0x28e4</run_address>
         <size>0x132</size>
         <input_file_ref idref="fl-de"/>
      </object_component>
      <object_component id="oc-1c7">
         <name>.text</name>
         <load_address>0x2a16</load_address>
         <run_address>0x2a16</run_address>
         <size>0x118</size>
         <input_file_ref idref="fl-7"/>
      </object_component>
      <object_component id="oc-3b3">
         <name>.text:_nop</name>
         <load_address>0x2b2e</load_address>
         <run_address>0x2b2e</run_address>
         <size>0x2</size>
         <input_file_ref idref="fl-d5"/>
      </object_component>
      <object_component id="oc-1d3">
         <name>.text</name>
         <load_address>0x2b30</load_address>
         <run_address>0x2b30</run_address>
         <size>0x114</size>
         <input_file_ref idref="fl-b"/>
      </object_component>
      <object_component id="oc-17f">
         <name>.text:SysCtlClockGet</name>
         <load_address>0x2c44</load_address>
         <run_address>0x2c44</run_address>
         <size>0x110</size>
         <input_file_ref idref="fl-e2"/>
      </object_component>
      <object_component id="oc-178">
         <name>.text:SysCtlClockSet</name>
         <load_address>0x2d54</load_address>
         <run_address>0x2d54</run_address>
         <size>0xf4</size>
         <input_file_ref idref="fl-e2"/>
      </object_component>
      <object_component id="oc-2f9">
         <name>.text:free</name>
         <load_address>0x2e48</load_address>
         <run_address>0x2e48</run_address>
         <size>0xd8</size>
         <input_file_ref idref="fl-d4"/>
      </object_component>
      <object_component id="oc-41">
         <name>.text</name>
         <load_address>0x2f20</load_address>
         <run_address>0x2f20</run_address>
         <size>0x9c</size>
         <input_file_ref idref="fl-d9"/>
      </object_component>
      <object_component id="oc-2da">
         <name>.text:ADCSequenceStepConfigure</name>
         <load_address>0x2fbc</load_address>
         <run_address>0x2fbc</run_address>
         <size>0x7a</size>
         <input_file_ref idref="fl-dd"/>
      </object_component>
      <object_component id="oc-df">
         <name>.text</name>
         <load_address>0x3036</load_address>
         <run_address>0x3036</run_address>
         <size>0x7a</size>
         <input_file_ref idref="fl-d8"/>
      </object_component>
      <object_component id="oc-38c">
         <name>.text:malloc</name>
         <load_address>0x30b0</load_address>
         <run_address>0x30b0</run_address>
         <size>0x78</size>
         <input_file_ref idref="fl-d4"/>
      </object_component>
      <object_component id="oc-1af">
         <name>.text</name>
         <load_address>0x3128</load_address>
         <run_address>0x3128</run_address>
         <size>0x74</size>
         <input_file_ref idref="fl-5"/>
      </object_component>
      <object_component id="oc-1c1">
         <name>.text</name>
         <load_address>0x319c</load_address>
         <run_address>0x319c</run_address>
         <size>0x6c</size>
         <input_file_ref idref="fl-9"/>
      </object_component>
      <object_component id="oc-129">
         <name>.text:IntEnable</name>
         <load_address>0x3208</load_address>
         <run_address>0x3208</run_address>
         <size>0x68</size>
         <input_file_ref idref="fl-df"/>
      </object_component>
      <object_component id="oc-12">
         <name>.text:decompress:lzss:__TI_decompress_lzss</name>
         <load_address>0x3270</load_address>
         <run_address>0x3270</run_address>
         <size>0x68</size>
         <input_file_ref idref="fl-d1"/>
      </object_component>
      <object_component id="oc-45a">
         <name>.text:TimerConfigure</name>
         <load_address>0x32d8</load_address>
         <run_address>0x32d8</run_address>
         <size>0x60</size>
         <input_file_ref idref="fl-e4"/>
      </object_component>
      <object_component id="oc-3e7">
         <name>.text</name>
         <load_address>0x3338</load_address>
         <run_address>0x3338</run_address>
         <size>0x5c</size>
         <input_file_ref idref="fl-13"/>
      </object_component>
      <object_component id="oc-9c">
         <name>.text:GPIOIntTypeSet</name>
         <load_address>0x3394</load_address>
         <run_address>0x3394</run_address>
         <size>0x58</size>
         <input_file_ref idref="fl-de"/>
      </object_component>
      <object_component id="oc-2d4">
         <name>.text:ADCSequenceConfigure</name>
         <load_address>0x33ec</load_address>
         <run_address>0x33ec</run_address>
         <size>0x50</size>
         <input_file_ref idref="fl-dd"/>
      </object_component>
      <object_component id="oc-384">
         <name>.text:_ADCIntNumberGet</name>
         <load_address>0x343c</load_address>
         <run_address>0x343c</run_address>
         <size>0x50</size>
         <input_file_ref idref="fl-dd"/>
      </object_component>
      <object_component id="oc-279">
         <name>.text:GPIOPinConfigure</name>
         <load_address>0x348c</load_address>
         <run_address>0x348c</run_address>
         <size>0x4c</size>
         <input_file_ref idref="fl-de"/>
      </object_component>
      <object_component id="oc-27f">
         <name>.text:UARTConfigSetExpClk</name>
         <load_address>0x34d8</load_address>
         <run_address>0x34d8</run_address>
         <size>0x46</size>
         <input_file_ref idref="fl-e5"/>
      </object_component>
      <object_component id="oc-353">
         <name>.text</name>
         <load_address>0x351e</load_address>
         <run_address>0x351e</run_address>
         <size>0x2</size>
         <input_file_ref idref="fl-d7"/>
      </object_component>
      <object_component id="oc-254">
         <name>.text</name>
         <load_address>0x3520</load_address>
         <run_address>0x3520</run_address>
         <size>0x44</size>
         <input_file_ref idref="fl-d"/>
      </object_component>
      <object_component id="oc-11d">
         <name>.text:_GPIOIntNumberGet</name>
         <load_address>0x3564</load_address>
         <run_address>0x3564</run_address>
         <size>0x44</size>
         <input_file_ref idref="fl-de"/>
      </object_component>
      <object_component id="oc-1ee">
         <name>.text:__TI_auto_init_nobinit_nopinit:__TI_auto_init_nobinit_nopinit</name>
         <load_address>0x35a8</load_address>
         <run_address>0x35a8</run_address>
         <size>0x44</size>
         <input_file_ref idref="fl-da"/>
      </object_component>
      <object_component id="oc-25b">
         <name>.text</name>
         <load_address>0x35ec</load_address>
         <run_address>0x35ec</run_address>
         <size>0x40</size>
         <input_file_ref idref="fl-ce"/>
      </object_component>
      <object_component id="oc-3f9">
         <name>.text:SSIConfigSetExpClk</name>
         <load_address>0x362c</load_address>
         <run_address>0x362c</run_address>
         <size>0x3c</size>
         <input_file_ref idref="fl-e1"/>
      </object_component>
      <object_component id="oc-39f">
         <name>.text:minsert</name>
         <load_address>0x3668</load_address>
         <run_address>0x3668</run_address>
         <size>0x3c</size>
         <input_file_ref idref="fl-d4"/>
      </object_component>
      <object_component id="oc-5f">
         <name>.text:_c_int00_noargs:_c_int00_noargs</name>
         <load_address>0x36a4</load_address>
         <run_address>0x36a4</run_address>
         <size>0x38</size>
         <input_file_ref idref="fl-d2"/>
      </object_component>
      <object_component id="oc-393">
         <name>.text:minit</name>
         <load_address>0x36dc</load_address>
         <run_address>0x36dc</run_address>
         <size>0x38</size>
         <input_file_ref idref="fl-d4"/>
      </object_component>
      <object_component id="oc-123">
         <name>.text:IntRegister</name>
         <load_address>0x3714</load_address>
         <run_address>0x3714</run_address>
         <size>0x34</size>
         <input_file_ref idref="fl-df"/>
      </object_component>
      <object_component id="oc-8a">
         <name>.text:SysCtlPeripheralEnable</name>
         <load_address>0x3748</load_address>
         <run_address>0x3748</run_address>
         <size>0x34</size>
         <input_file_ref idref="fl-e2"/>
      </object_component>
      <object_component id="oc-115">
         <name>.text:GPIODirModeSet</name>
         <load_address>0x377c</load_address>
         <run_address>0x377c</run_address>
         <size>0x2c</size>
         <input_file_ref idref="fl-de"/>
      </object_component>
      <object_component id="oc-2f3">
         <name>.text:calloc</name>
         <load_address>0x37a8</load_address>
         <run_address>0x37a8</run_address>
         <size>0x2a</size>
         <input_file_ref idref="fl-d4"/>
      </object_component>
      <object_component id="oc-399">
         <name>.text:mremove</name>
         <load_address>0x37d4</load_address>
         <run_address>0x37d4</run_address>
         <size>0x28</size>
         <input_file_ref idref="fl-d4"/>
      </object_component>
      <object_component id="oc-29f">
         <name>.text:PWMGenConfigure</name>
         <load_address>0x37fc</load_address>
         <run_address>0x37fc</run_address>
         <size>0x22</size>
         <input_file_ref idref="fl-e0"/>
      </object_component>
      <object_component id="oc-369">
         <name>.text:UARTDisable</name>
         <load_address>0x3820</load_address>
         <run_address>0x3820</run_address>
         <size>0x20</size>
         <input_file_ref idref="fl-e5"/>
      </object_component>
      <object_component id="oc-2c8">
         <name>.text:ADCSequenceDataGet</name>
         <load_address>0x3840</load_address>
         <run_address>0x3840</run_address>
         <size>0x1e</size>
         <input_file_ref idref="fl-dd"/>
      </object_component>
      <object_component id="oc-2b7">
         <name>.text:PWMPulseWidthSet</name>
         <load_address>0x385e</load_address>
         <run_address>0x385e</run_address>
         <size>0x1e</size>
         <input_file_ref idref="fl-e0"/>
      </object_component>
      <object_component id="oc-18b">
         <name>.text:SysTickIntRegister</name>
         <load_address>0x387c</load_address>
         <run_address>0x387c</run_address>
         <size>0x1c</size>
         <input_file_ref idref="fl-e3"/>
      </object_component>
      <object_component id="oc-2e6">
         <name>.text:ADCIntRegister</name>
         <load_address>0x3898</load_address>
         <run_address>0x3898</run_address>
         <size>0x18</size>
         <input_file_ref idref="fl-dd"/>
      </object_component>
      <object_component id="oc-16c">
         <name>.text:ADCProcessorTrigger</name>
         <load_address>0x38b0</load_address>
         <run_address>0x38b0</run_address>
         <size>0x18</size>
         <input_file_ref idref="fl-dd"/>
      </object_component>
      <object_component id="oc-a2">
         <name>.text:GPIOIntRegister</name>
         <load_address>0x38c8</load_address>
         <run_address>0x38c8</run_address>
         <size>0x18</size>
         <input_file_ref idref="fl-de"/>
      </object_component>
      <object_component id="oc-40b">
         <name>.text:GPIOPinTypeGPIOOutput</name>
         <load_address>0x38e0</load_address>
         <run_address>0x38e0</run_address>
         <size>0x18</size>
         <input_file_ref idref="fl-de"/>
      </object_component>
      <object_component id="oc-96">
         <name>.text:GPIOPinTypeGPIOInput</name>
         <load_address>0x38f8</load_address>
         <run_address>0x38f8</run_address>
         <size>0x16</size>
         <input_file_ref idref="fl-de"/>
      </object_component>
      <object_component id="oc-299">
         <name>.text:GPIOPinTypePWM</name>
         <load_address>0x390e</load_address>
         <run_address>0x390e</run_address>
         <size>0x16</size>
         <input_file_ref idref="fl-de"/>
      </object_component>
      <object_component id="oc-3ed">
         <name>.text:GPIOPinTypeSSI</name>
         <load_address>0x3924</load_address>
         <run_address>0x3924</run_address>
         <size>0x16</size>
         <input_file_ref idref="fl-de"/>
      </object_component>
      <object_component id="oc-273">
         <name>.text:GPIOPinTypeUART</name>
         <load_address>0x393a</load_address>
         <run_address>0x393a</run_address>
         <size>0x16</size>
         <input_file_ref idref="fl-de"/>
      </object_component>
      <object_component id="oc-191">
         <name>.text:SysCtlPWMClockSet</name>
         <load_address>0x3950</load_address>
         <run_address>0x3950</run_address>
         <size>0x14</size>
         <input_file_ref idref="fl-e2"/>
      </object_component>
      <object_component id="oc-19d">
         <name>.text:SysTickEnable</name>
         <load_address>0x3964</load_address>
         <run_address>0x3964</run_address>
         <size>0x14</size>
         <input_file_ref idref="fl-e3"/>
      </object_component>
      <object_component id="oc-197">
         <name>.text:SysTickIntEnable</name>
         <load_address>0x3978</load_address>
         <run_address>0x3978</run_address>
         <size>0x14</size>
         <input_file_ref idref="fl-e3"/>
      </object_component>
      <object_component id="oc-28b">
         <name>.text:UARTEnable</name>
         <load_address>0x398c</load_address>
         <run_address>0x398c</run_address>
         <size>0x14</size>
         <input_file_ref idref="fl-e5"/>
      </object_component>
      <object_component id="oc-2ab">
         <name>.text:PWMOutputState</name>
         <load_address>0x39a0</load_address>
         <run_address>0x39a0</run_address>
         <size>0x12</size>
         <input_file_ref idref="fl-e0"/>
      </object_component>
      <object_component id="oc-2ec">
         <name>.text:ADCIntEnable</name>
         <load_address>0x39b2</load_address>
         <run_address>0x39b2</run_address>
         <size>0x10</size>
         <input_file_ref idref="fl-dd"/>
      </object_component>
      <object_component id="oc-1cd">
         <name>.text:IntMasterEnable</name>
         <load_address>0x39c2</load_address>
         <run_address>0x39c2</run_address>
         <size>0x10</size>
         <input_file_ref idref="fl-df"/>
      </object_component>
      <object_component id="oc-2b1">
         <name>.text:PWMGenPeriodSet</name>
         <load_address>0x39d2</load_address>
         <run_address>0x39d2</run_address>
         <size>0x10</size>
         <input_file_ref idref="fl-e0"/>
      </object_component>
      <object_component id="oc-185">
         <name>.text:SysTickPeriodSet</name>
         <load_address>0x39e4</load_address>
         <run_address>0x39e4</run_address>
         <size>0x10</size>
         <input_file_ref idref="fl-e3"/>
      </object_component>
      <object_component id="oc-2e0">
         <name>.text:ADCSequenceEnable</name>
         <load_address>0x39f4</load_address>
         <run_address>0x39f4</run_address>
         <size>0xe</size>
         <input_file_ref idref="fl-dd"/>
      </object_component>
      <object_component id="oc-78">
         <name>.text:GPIOIntStatus</name>
         <load_address>0x3a02</load_address>
         <run_address>0x3a02</run_address>
         <size>0xe</size>
         <input_file_ref idref="fl-de"/>
      </object_component>
      <object_component id="oc-460">
         <name>.text:TimerEnable</name>
         <load_address>0x3a10</load_address>
         <run_address>0x3a10</run_address>
         <size>0xe</size>
         <input_file_ref idref="fl-e4"/>
      </object_component>
      <object_component id="oc-18">
         <name>.text:decompress:none:__TI_decompress_none</name>
         <load_address>0x3a1e</load_address>
         <run_address>0x3a1e</run_address>
         <size>0xe</size>
         <input_file_ref idref="fl-d0"/>
      </object_component>
      <object_component id="oc-301">
         <name>.text:CPUcpsie</name>
         <load_address>0x3a2c</load_address>
         <run_address>0x3a2c</run_address>
         <size>0xc</size>
         <input_file_ref idref="fl-e6"/>
      </object_component>
      <object_component id="oc-a8">
         <name>.text:GPIOIntEnable</name>
         <load_address>0x3a38</load_address>
         <run_address>0x3a38</run_address>
         <size>0xc</size>
         <input_file_ref idref="fl-de"/>
      </object_component>
      <object_component id="oc-2a5">
         <name>.text:PWMGenEnable</name>
         <load_address>0x3a44</load_address>
         <run_address>0x3a44</run_address>
         <size>0xc</size>
         <input_file_ref idref="fl-e0"/>
      </object_component>
      <object_component id="oc-41d">
         <name>.text:SSIDataGet</name>
         <load_address>0x3a50</load_address>
         <run_address>0x3a50</run_address>
         <size>0xc</size>
         <input_file_ref idref="fl-e1"/>
      </object_component>
      <object_component id="oc-53">
         <name>.text:decompress:ZI:__TI_zero_init</name>
         <load_address>0x3a5c</load_address>
         <run_address>0x3a5c</run_address>
         <size>0xc</size>
         <input_file_ref idref="fl-cf"/>
      </object_component>
      <object_component id="oc-27">
         <name>.text</name>
         <load_address>0x3a68</load_address>
         <run_address>0x3a68</run_address>
         <size>0xc</size>
         <input_file_ref idref="fl-3"/>
      </object_component>
      <object_component id="oc-2ce">
         <name>.text:ADCIntClear</name>
         <load_address>0x3a74</load_address>
         <run_address>0x3a74</run_address>
         <size>0xa</size>
         <input_file_ref idref="fl-dd"/>
      </object_component>
      <object_component id="oc-417">
         <name>.text:SSIDataPut</name>
         <load_address>0x3a7e</load_address>
         <run_address>0x3a7e</run_address>
         <size>0xa</size>
         <input_file_ref idref="fl-e1"/>
      </object_component>
      <object_component id="oc-3ff">
         <name>.text:SSIEnable</name>
         <load_address>0x3a88</load_address>
         <run_address>0x3a88</run_address>
         <size>0xa</size>
         <input_file_ref idref="fl-e1"/>
      </object_component>
      <object_component id="oc-466">
         <name>.text:TimerValueGet</name>
         <load_address>0x3a92</load_address>
         <run_address>0x3a92</run_address>
         <size>0xa</size>
         <input_file_ref idref="fl-e4"/>
      </object_component>
      <object_component id="oc-291">
         <name>.text:UARTCharPut</name>
         <load_address>0x3a9c</load_address>
         <run_address>0x3a9c</run_address>
         <size>0xa</size>
         <input_file_ref idref="fl-e5"/>
      </object_component>
      <object_component id="oc-285">
         <name>.text:UARTFIFOEnable</name>
         <load_address>0x3aa6</load_address>
         <run_address>0x3aa6</run_address>
         <size>0xa</size>
         <input_file_ref idref="fl-e5"/>
      </object_component>
      <object_component id="oc-411">
         <name>.text:SSIBusy</name>
         <load_address>0x3ab0</load_address>
         <run_address>0x3ab0</run_address>
         <size>0x8</size>
         <input_file_ref idref="fl-e1"/>
      </object_component>
      <object_component id="oc-7e">
         <name>.text:GPIOIntClear</name>
         <load_address>0x3ab8</load_address>
         <run_address>0x3ab8</run_address>
         <size>0x6</size>
         <input_file_ref idref="fl-de"/>
      </object_component>
      <object_component id="oc-84">
         <name>.text:GPIOPinRead</name>
         <load_address>0x3abe</load_address>
         <run_address>0x3abe</run_address>
         <size>0x6</size>
         <input_file_ref idref="fl-de"/>
      </object_component>
      <object_component id="oc-405">
         <name>.text:GPIOPinWrite</name>
         <load_address>0x3ac4</load_address>
         <run_address>0x3ac4</run_address>
         <size>0x6</size>
         <input_file_ref idref="fl-de"/>
      </object_component>
      <object_component id="oc-3f3">
         <name>.text:SSIClockSourceSet</name>
         <load_address>0x3aca</load_address>
         <run_address>0x3aca</run_address>
         <size>0x6</size>
         <input_file_ref idref="fl-e1"/>
      </object_component>
      <object_component id="oc-17e">
         <name>.text:SysCtlDelay</name>
         <load_address>0x3ad0</load_address>
         <run_address>0x3ad0</run_address>
         <size>0x6</size>
         <input_file_ref idref="fl-e2"/>
      </object_component>
      <object_component id="oc-e5">
         <name>.text:_system_pre_init</name>
         <load_address>0x3ad6</load_address>
         <run_address>0x3ad6</run_address>
         <size>0x4</size>
         <input_file_ref idref="fl-db"/>
      </object_component>
      <object_component id="oc-1e2">
         <name>.text:abort:abort</name>
         <load_address>0x3ada</load_address>
         <run_address>0x3ada</run_address>
         <size>0x4</size>
         <input_file_ref idref="fl-d3"/>
      </object_component>
      <object_component id="oc-423">
         <name>.const:.string:rgbOledFont0</name>
         <load_address>0x3ae0</load_address>
         <run_address>0x3ae0</run_address>
         <size>0x300</size>
         <input_file_ref idref="fl-e"/>
      </object_component>
      <object_component id="oc-22c">
         <name>.const:g_ppui32GPIOIntMapSnowflake</name>
         <load_address>0x3de0</load_address>
         <run_address>0x3de0</run_address>
         <size>0xd8</size>
         <input_file_ref idref="fl-de"/>
      </object_component>
      <object_component id="oc-229">
         <name>.const:g_ppui32GPIOIntMapBlizzard</name>
         <load_address>0x3eb8</load_address>
         <run_address>0x3eb8</run_address>
         <size>0xc0</size>
         <input_file_ref idref="fl-de"/>
      </object_component>
      <object_component id="oc-365">
         <name>.const:g_pui32GPIOBaseAddrs</name>
         <load_address>0x3f78</load_address>
         <run_address>0x3f78</run_address>
         <size>0x90</size>
         <input_file_ref idref="fl-de"/>
      </object_component>
      <object_component id="oc-24a">
         <name>.const:g_pui32Xtals</name>
         <load_address>0x4008</load_address>
         <run_address>0x4008</run_address>
         <size>0x6c</size>
         <input_file_ref idref="fl-e2"/>
      </object_component>
      <object_component id="oc-429">
         <name>.const:.string:rgbFillPat</name>
         <load_address>0x4074</load_address>
         <run_address>0x4074</run_address>
         <size>0x40</size>
         <input_file_ref idref="fl-f"/>
      </object_component>
      <object_component id="oc-263">
         <name>.const:g_psDaysToMonth</name>
         <load_address>0x40b4</load_address>
         <run_address>0x40b4</run_address>
         <size>0x30</size>
         <input_file_ref idref="fl-4"/>
      </object_component>
      <object_component id="oc-266">
         <name>.const:g_pfExponents</name>
         <load_address>0x40e4</load_address>
         <run_address>0x40e4</run_address>
         <size>0x18</size>
         <input_file_ref idref="fl-4"/>
      </object_component>
      <object_component id="oc-235">
         <name>.const:g_pui32EnRegs</name>
         <load_address>0x40fc</load_address>
         <run_address>0x40fc</run_address>
         <size>0x14</size>
         <input_file_ref idref="fl-df"/>
      </object_component>
      <object_component id="oc-359">
         <name>.const:.string</name>
         <load_address>0x4110</load_address>
         <run_address>0x4110</run_address>
         <size>0x12</size>
         <input_file_ref idref="fl-4"/>
      </object_component>
      <object_component id="oc-260">
         <name>.const</name>
         <load_address>0x4124</load_address>
         <run_address>0x4124</run_address>
         <size>0x4</size>
         <input_file_ref idref="fl-4"/>
      </object_component>
      <object_component id="oc-4b5">
         <name>.cinit..data.load</name>
         <load_address>0x4128</load_address>
         <run_address>0x4128</run_address>
         <size>0x1e</size>
      </object_component>
      <object_component id="oc-4b2">
         <name>__TI_handler_table</name>
         <load_address>0x4148</load_address>
         <run_address>0x4148</run_address>
         <size>0xc</size>
      </object_component>
      <object_component id="oc-4b6">
         <name>.cinit..bss.load</name>
         <load_address>0x4158</load_address>
         <run_address>0x4158</run_address>
         <size>0x8</size>
      </object_component>
      <object_component id="oc-4b4">
         <name>.cinit..vtable.load</name>
         <load_address>0x4160</load_address>
         <run_address>0x4160</run_address>
         <size>0x8</size>
      </object_component>
      <object_component id="oc-4b3">
         <name>__TI_cinit_table</name>
         <load_address>0x4168</load_address>
         <run_address>0x4168</run_address>
         <size>0x18</size>
      </object_component>
      <object_component id="oc-230">
         <name>.vtable</name>
         <uninitialized>true</uninitialized>
         <run_address>0x20000000</run_address>
         <size>0x26c</size>
         <input_file_ref idref="fl-df"/>
      </object_component>
      <object_component id="oc-1be">
         <name>.data</name>
         <load_address>0x20000a34</load_address>
         <run_address>0x20000a34</run_address>
         <size>0x7</size>
         <input_file_ref idref="fl-2"/>
      </object_component>
      <object_component id="oc-269">
         <name>.data</name>
         <load_address>0x20000a3c</load_address>
         <run_address>0x20000a3c</run_address>
         <size>0x4</size>
         <input_file_ref idref="fl-4"/>
      </object_component>
      <object_component id="oc-3a5">
         <name>.data:$O1$$</name>
         <load_address>0x20000a20</load_address>
         <run_address>0x20000a20</run_address>
         <size>0xc</size>
         <input_file_ref idref="fl-d4"/>
      </object_component>
      <object_component id="oc-30f">
         <name>.data:$O1$$</name>
         <load_address>0x20000a2c</load_address>
         <run_address>0x20000a2c</run_address>
         <size>0x8</size>
         <input_file_ref idref="fl-d5"/>
      </object_component>
      <object_component id="oc-1bb">
         <name>.bss</name>
         <uninitialized>true</uninitialized>
         <run_address>0x200005c4</run_address>
         <size>0x7</size>
         <input_file_ref idref="fl-2"/>
      </object_component>
      <object_component id="oc-23e">
         <name>.bss:but_state</name>
         <uninitialized>true</uninitialized>
         <run_address>0x200005d7</run_address>
         <size>0x4</size>
         <input_file_ref idref="fl-6"/>
      </object_component>
      <object_component id="oc-241">
         <name>.bss:but_count</name>
         <uninitialized>true</uninitialized>
         <run_address>0x200005cb</run_address>
         <size>0x4</size>
         <input_file_ref idref="fl-6"/>
      </object_component>
      <object_component id="oc-244">
         <name>.bss:but_flag</name>
         <uninitialized>true</uninitialized>
         <run_address>0x200005cf</run_address>
         <size>0x4</size>
         <input_file_ref idref="fl-6"/>
      </object_component>
      <object_component id="oc-23b">
         <name>.bss:but_normal</name>
         <uninitialized>true</uninitialized>
         <run_address>0x200005d3</run_address>
         <size>0x4</size>
         <input_file_ref idref="fl-6"/>
      </object_component>
      <object_component id="oc-ae">
         <name>.bss</name>
         <uninitialized>true</uninitialized>
         <run_address>0x200005b4</run_address>
         <size>0xd</size>
         <input_file_ref idref="fl-c"/>
      </object_component>
      <object_component id="oc-b1">
         <name>.common:yaw</name>
         <uninitialized>true</uninitialized>
         <run_address>0x2000061c</run_address>
         <size>0x2</size>
      </object_component>
      <object_component id="oc-1df">
         <name>.common:yawErrorInt</name>
         <uninitialized>true</uninitialized>
         <run_address>0x2000061e</run_address>
         <size>0x2</size>
      </object_component>
      <object_component id="oc-1dc">
         <name>.common:altErrorInt</name>
         <uninitialized>true</uninitialized>
         <run_address>0x200005c2</run_address>
         <size>0x2</size>
      </object_component>
      <object_component id="oc-1e0">
         <name>.common:g_inBuffer</name>
         <uninitialized>true</uninitialized>
         <run_address>0x2000056c</run_address>
         <size>0x14</size>
      </object_component>
      <object_component id="oc-1d9">
         <name>.common:statusStr</name>
         <uninitialized>true</uninitialized>
         <run_address>0x20000580</run_address>
         <size>0x14</size>
      </object_component>
      <object_component id="oc-1da">
         <name>.common:mainRotor</name>
         <uninitialized>true</uninitialized>
         <run_address>0x20000594</run_address>
         <size>0x10</size>
      </object_component>
      <object_component id="oc-1db">
         <name>.common:tailRotor</name>
         <uninitialized>true</uninitialized>
         <run_address>0x200005a4</run_address>
         <size>0x10</size>
      </object_component>
      <object_component id="oc-44e">
         <name>.common:xcoOledCur</name>
         <uninitialized>true</uninitialized>
         <run_address>0x2000060c</run_address>
         <size>0x4</size>
      </object_component>
      <object_component id="oc-44f">
         <name>.common:ycoOledCur</name>
         <uninitialized>true</uninitialized>
         <run_address>0x20000618</run_address>
         <size>0x4</size>
      </object_component>
      <object_component id="oc-3e5">
         <name>.common:pbOledCur</name>
         <uninitialized>true</uninitialized>
         <run_address>0x200005f0</run_address>
         <size>0x4</size>
      </object_component>
      <object_component id="oc-450">
         <name>.common:bnOledCur</name>
         <uninitialized>true</uninitialized>
         <run_address>0x200005dc</run_address>
         <size>0x4</size>
      </object_component>
      <object_component id="oc-427">
         <name>.common:clrOledCur</name>
         <uninitialized>true</uninitialized>
         <run_address>0x200005c1</run_address>
         <size>0x1</size>
      </object_component>
      <object_component id="oc-428">
         <name>.common:pbOledPatCur</name>
         <uninitialized>true</uninitialized>
         <run_address>0x200005fc</run_address>
         <size>0x4</size>
      </object_component>
      <object_component id="oc-3e3">
         <name>.common:fOledCharUpdate</name>
         <uninitialized>true</uninitialized>
         <run_address>0x200005e8</run_address>
         <size>0x4</size>
      </object_component>
      <object_component id="oc-3de">
         <name>.common:dxcoOledFontCur</name>
         <uninitialized>true</uninitialized>
         <run_address>0x200005e0</run_address>
         <size>0x4</size>
      </object_component>
      <object_component id="oc-3e1">
         <name>.common:dycoOledFontCur</name>
         <uninitialized>true</uninitialized>
         <run_address>0x200005e4</run_address>
         <size>0x4</size>
      </object_component>
      <object_component id="oc-3e4">
         <name>.common:pbOledFontCur</name>
         <uninitialized>true</uninitialized>
         <run_address>0x200005f4</run_address>
         <size>0x4</size>
      </object_component>
      <object_component id="oc-3e2">
         <name>.common:pbOledFontUser</name>
         <uninitialized>true</uninitialized>
         <run_address>0x200005f8</run_address>
         <size>0x4</size>
      </object_component>
      <object_component id="oc-42c">
         <name>.common:rgbOledBmp</name>
         <uninitialized>true</uninitialized>
         <run_address>0x2000026c</run_address>
         <size>0x200</size>
      </object_component>
      <object_component id="oc-3dc">
         <name>.common:xchOledCur</name>
         <uninitialized>true</uninitialized>
         <run_address>0x20000604</run_address>
         <size>0x4</size>
      </object_component>
      <object_component id="oc-3dd">
         <name>.common:ychOledCur</name>
         <uninitialized>true</uninitialized>
         <run_address>0x20000610</run_address>
         <size>0x4</size>
      </object_component>
      <object_component id="oc-3d8">
         <name>.common:xchOledMax</name>
         <uninitialized>true</uninitialized>
         <run_address>0x20000608</run_address>
         <size>0x4</size>
      </object_component>
      <object_component id="oc-3db">
         <name>.common:ychOledMax</name>
         <uninitialized>true</uninitialized>
         <run_address>0x20000614</run_address>
         <size>0x4</size>
      </object_component>
      <object_component id="oc-426">
         <name>.common:rgbOledFontUser</name>
         <uninitialized>true</uninitialized>
         <run_address>0x2000046c</run_address>
         <size>0x100</size>
      </object_component>
      <object_component id="oc-454">
         <name>.common:pfnDoRop</name>
         <uninitialized>true</uninitialized>
         <run_address>0x20000600</run_address>
         <size>0x4</size>
      </object_component>
      <object_component id="oc-451">
         <name>.common:modOledCur</name>
         <uninitialized>true</uninitialized>
         <run_address>0x200005ec</run_address>
         <size>0x4</size>
      </object_component>
      <object_component id="oc-24">
         <name>.sysmem</name>
         <uninitialized>true</uninitialized>
         <run_address>0x20000820</run_address>
         <size>0x8</size>
         <input_file_ref idref="fl-d4"/>
      </object_component>
      <object_component id="oc-4b8">
         <name>.sysmem</name>
         <uninitialized>true</uninitialized>
         <run_address>0x20000820</run_address>
         <size>0x0</size>
      </object_component>
      <object_component id="oc-21">
         <name>.stack</name>
         <uninitialized>true</uninitialized>
         <run_address>0x20000620</run_address>
         <size>0x4</size>
         <input_file_ref idref="fl-d2"/>
      </object_component>
      <object_component id="oc-4b7">
         <name>.stack</name>
         <uninitialized>true</uninitialized>
         <run_address>0x20000620</run_address>
         <size>0x0</size>
      </object_component>
      <object_component id="oc-b6">
         <name>.debug_info</name>
         <load_address>0x0</load_address>
         <run_address>0x0</run_address>
         <size>0x976</size>
         <input_file_ref idref="fl-2"/>
      </object_component>
      <object_component id="oc-1bc">
         <name>.debug_info</name>
         <load_address>0x976</load_address>
         <run_address>0x976</run_address>
         <size>0x11f</size>
         <input_file_ref idref="fl-2"/>
      </object_component>
      <object_component id="oc-1bf">
         <name>.debug_info</name>
         <load_address>0xa95</load_address>
         <run_address>0xa95</run_address>
         <size>0x11e</size>
         <input_file_ref idref="fl-2"/>
      </object_component>
      <object_component id="oc-ec">
         <name>.debug_info</name>
         <load_address>0xbb3</load_address>
         <run_address>0xbb3</run_address>
         <size>0x7f5</size>
         <input_file_ref idref="fl-2"/>
      </object_component>
      <object_component id="oc-14d">
         <name>.debug_info</name>
         <load_address>0x13a8</load_address>
         <run_address>0x13a8</run_address>
         <size>0x9a</size>
         <input_file_ref idref="fl-2"/>
      </object_component>
      <object_component id="oc-135">
         <name>.debug_info</name>
         <load_address>0x1442</load_address>
         <run_address>0x1442</run_address>
         <size>0xa6</size>
         <input_file_ref idref="fl-2"/>
      </object_component>
      <object_component id="oc-c5">
         <name>.debug_info</name>
         <load_address>0x14e8</load_address>
         <run_address>0x14e8</run_address>
         <size>0x26b</size>
         <input_file_ref idref="fl-2"/>
      </object_component>
      <object_component id="oc-13f">
         <name>.debug_info</name>
         <load_address>0x1753</load_address>
         <run_address>0x1753</run_address>
         <size>0x196</size>
         <input_file_ref idref="fl-2"/>
      </object_component>
      <object_component id="oc-be">
         <name>.debug_info</name>
         <load_address>0x18e9</load_address>
         <run_address>0x18e9</run_address>
         <size>0x8b</size>
         <input_file_ref idref="fl-2"/>
      </object_component>
      <object_component id="oc-157">
         <name>.debug_info</name>
         <load_address>0x1974</load_address>
         <run_address>0x1974</run_address>
         <size>0x297</size>
         <input_file_ref idref="fl-2"/>
      </object_component>
      <object_component id="oc-b9">
         <name>.debug_info</name>
         <load_address>0x1c0b</load_address>
         <run_address>0x1c0b</run_address>
         <size>0xbb</size>
         <input_file_ref idref="fl-2"/>
      </object_component>
      <object_component id="oc-26e">
         <name>.debug_info</name>
         <load_address>0x1cc6</load_address>
         <run_address>0x1cc6</run_address>
         <size>0x2c</size>
         <input_file_ref idref="fl-2"/>
      </object_component>
      <object_component id="oc-13a">
         <name>.debug_info</name>
         <load_address>0x1cf2</load_address>
         <run_address>0x1cf2</run_address>
         <size>0x35</size>
         <input_file_ref idref="fl-2"/>
      </object_component>
      <object_component id="oc-152">
         <name>.debug_info</name>
         <load_address>0x1d27</load_address>
         <run_address>0x1d27</run_address>
         <size>0x83</size>
         <input_file_ref idref="fl-2"/>
      </object_component>
      <object_component id="oc-146">
         <name>.debug_info</name>
         <load_address>0x1daa</load_address>
         <run_address>0x1daa</run_address>
         <size>0x7a</size>
         <input_file_ref idref="fl-2"/>
      </object_component>
      <object_component id="oc-2c1">
         <name>.debug_info</name>
         <load_address>0x1e24</load_address>
         <run_address>0x1e24</run_address>
         <size>0x51</size>
         <input_file_ref idref="fl-2"/>
      </object_component>
      <object_component id="oc-35">
         <name>.debug_info</name>
         <load_address>0x1e75</load_address>
         <run_address>0x1e75</run_address>
         <size>0x2fa</size>
         <input_file_ref idref="fl-3"/>
      </object_component>
      <object_component id="oc-10">
         <name>.debug_info</name>
         <load_address>0x216f</load_address>
         <run_address>0x216f</run_address>
         <size>0xef</size>
         <input_file_ref idref="fl-3"/>
      </object_component>
      <object_component id="oc-28">
         <name>.debug_info</name>
         <load_address>0x225e</load_address>
         <run_address>0x225e</run_address>
         <size>0x26b</size>
         <input_file_ref idref="fl-3"/>
      </object_component>
      <object_component id="oc-3c">
         <name>.debug_info</name>
         <load_address>0x24c9</load_address>
         <run_address>0x24c9</run_address>
         <size>0x84</size>
         <input_file_ref idref="fl-3"/>
      </object_component>
      <object_component id="oc-26d">
         <name>.debug_info</name>
         <load_address>0x254d</load_address>
         <run_address>0x254d</run_address>
         <size>0x2cc</size>
         <input_file_ref idref="fl-4"/>
      </object_component>
      <object_component id="oc-261">
         <name>.debug_info</name>
         <load_address>0x2819</load_address>
         <run_address>0x2819</run_address>
         <size>0xd3</size>
         <input_file_ref idref="fl-4"/>
      </object_component>
      <object_component id="oc-264">
         <name>.debug_info</name>
         <load_address>0x28ec</load_address>
         <run_address>0x28ec</run_address>
         <size>0xe4</size>
         <input_file_ref idref="fl-4"/>
      </object_component>
      <object_component id="oc-267">
         <name>.debug_info</name>
         <load_address>0x29d0</load_address>
         <run_address>0x29d0</run_address>
         <size>0xe0</size>
         <input_file_ref idref="fl-4"/>
      </object_component>
      <object_component id="oc-26a">
         <name>.debug_info</name>
         <load_address>0x2ab0</load_address>
         <run_address>0x2ab0</run_address>
         <size>0xe0</size>
         <input_file_ref idref="fl-4"/>
      </object_component>
      <object_component id="oc-1aa">
         <name>.debug_info</name>
         <load_address>0x2b90</load_address>
         <run_address>0x2b90</run_address>
         <size>0xe52</size>
         <input_file_ref idref="fl-4"/>
      </object_component>
      <object_component id="oc-298">
         <name>.debug_info</name>
         <load_address>0x39e2</load_address>
         <run_address>0x39e2</run_address>
         <size>0x40a</size>
         <input_file_ref idref="fl-5"/>
      </object_component>
      <object_component id="oc-1b0">
         <name>.debug_info</name>
         <load_address>0x3dec</load_address>
         <run_address>0x3dec</run_address>
         <size>0x2af</size>
         <input_file_ref idref="fl-5"/>
      </object_component>
      <object_component id="oc-248">
         <name>.debug_info</name>
         <load_address>0x409b</load_address>
         <run_address>0x409b</run_address>
         <size>0x37a</size>
         <input_file_ref idref="fl-6"/>
      </object_component>
      <object_component id="oc-23f">
         <name>.debug_info</name>
         <load_address>0x4415</load_address>
         <run_address>0x4415</run_address>
         <size>0xe4</size>
         <input_file_ref idref="fl-6"/>
      </object_component>
      <object_component id="oc-242">
         <name>.debug_info</name>
         <load_address>0x44f9</load_address>
         <run_address>0x44f9</run_address>
         <size>0xe4</size>
         <input_file_ref idref="fl-6"/>
      </object_component>
      <object_component id="oc-245">
         <name>.debug_info</name>
         <load_address>0x45dd</load_address>
         <run_address>0x45dd</run_address>
         <size>0xe2</size>
         <input_file_ref idref="fl-6"/>
      </object_component>
      <object_component id="oc-23c">
         <name>.debug_info</name>
         <load_address>0x46bf</load_address>
         <run_address>0x46bf</run_address>
         <size>0xe6</size>
         <input_file_ref idref="fl-6"/>
      </object_component>
      <object_component id="oc-173">
         <name>.debug_info</name>
         <load_address>0x47a5</load_address>
         <run_address>0x47a5</run_address>
         <size>0x3f4</size>
         <input_file_ref idref="fl-6"/>
      </object_component>
      <object_component id="oc-300">
         <name>.debug_info</name>
         <load_address>0x4b99</load_address>
         <run_address>0x4b99</run_address>
         <size>0x2e9</size>
         <input_file_ref idref="fl-7"/>
      </object_component>
      <object_component id="oc-1c8">
         <name>.debug_info</name>
         <load_address>0x4e82</load_address>
         <run_address>0x4e82</run_address>
         <size>0x47d</size>
         <input_file_ref idref="fl-7"/>
      </object_component>
      <object_component id="oc-3ab">
         <name>.debug_info</name>
         <load_address>0x52ff</load_address>
         <run_address>0x52ff</run_address>
         <size>0x110</size>
         <input_file_ref idref="fl-7"/>
      </object_component>
      <object_component id="oc-b2">
         <name>.debug_info</name>
         <load_address>0x540f</load_address>
         <run_address>0x540f</run_address>
         <size>0x360</size>
         <input_file_ref idref="fl-8"/>
      </object_component>
      <object_component id="oc-1a4">
         <name>.debug_info</name>
         <load_address>0x576f</load_address>
         <run_address>0x576f</run_address>
         <size>0x659</size>
         <input_file_ref idref="fl-8"/>
      </object_component>
      <object_component id="oc-1c2">
         <name>.debug_info</name>
         <load_address>0x5dc8</load_address>
         <run_address>0x5dc8</run_address>
         <size>0x280</size>
         <input_file_ref idref="fl-9"/>
      </object_component>
      <object_component id="oc-2be">
         <name>.debug_info</name>
         <load_address>0x6048</load_address>
         <run_address>0x6048</run_address>
         <size>0x45a</size>
         <input_file_ref idref="fl-a"/>
      </object_component>
      <object_component id="oc-1b6">
         <name>.debug_info</name>
         <load_address>0x64a2</load_address>
         <run_address>0x64a2</run_address>
         <size>0x5f5</size>
         <input_file_ref idref="fl-a"/>
      </object_component>
      <object_component id="oc-1dd">
         <name>.debug_info</name>
         <load_address>0x6a97</load_address>
         <run_address>0x6a97</run_address>
         <size>0x2e4</size>
         <input_file_ref idref="fl-b"/>
      </object_component>
      <object_component id="oc-1d4">
         <name>.debug_info</name>
         <load_address>0x6d7b</load_address>
         <run_address>0x6d7b</run_address>
         <size>0x528</size>
         <input_file_ref idref="fl-b"/>
      </object_component>
      <object_component id="oc-b4">
         <name>.debug_info</name>
         <load_address>0x72a3</load_address>
         <run_address>0x72a3</run_address>
         <size>0x48e</size>
         <input_file_ref idref="fl-c"/>
      </object_component>
      <object_component id="oc-af">
         <name>.debug_info</name>
         <load_address>0x7731</load_address>
         <run_address>0x7731</run_address>
         <size>0x147</size>
         <input_file_ref idref="fl-c"/>
      </object_component>
      <object_component id="oc-2e">
         <name>.debug_info</name>
         <load_address>0x7878</load_address>
         <run_address>0x7878</run_address>
         <size>0x49f</size>
         <input_file_ref idref="fl-c"/>
      </object_component>
      <object_component id="oc-352">
         <name>.debug_info</name>
         <load_address>0x7d17</load_address>
         <run_address>0x7d17</run_address>
         <size>0x34e</size>
         <input_file_ref idref="fl-d"/>
      </object_component>
      <object_component id="oc-255">
         <name>.debug_info</name>
         <load_address>0x8065</load_address>
         <run_address>0x8065</run_address>
         <size>0x2f9</size>
         <input_file_ref idref="fl-d"/>
      </object_component>
      <object_component id="oc-479">
         <name>.debug_info</name>
         <load_address>0x835e</load_address>
         <run_address>0x835e</run_address>
         <size>0xe3</size>
         <input_file_ref idref="fl-e"/>
      </object_component>
      <object_component id="oc-424">
         <name>.debug_info</name>
         <load_address>0x8441</load_address>
         <run_address>0x8441</run_address>
         <size>0xf7</size>
         <input_file_ref idref="fl-e"/>
      </object_component>
      <object_component id="oc-47c">
         <name>.debug_info</name>
         <load_address>0x8538</load_address>
         <run_address>0x8538</run_address>
         <size>0xe0</size>
         <input_file_ref idref="fl-f"/>
      </object_component>
      <object_component id="oc-42a">
         <name>.debug_info</name>
         <load_address>0x8618</load_address>
         <run_address>0x8618</run_address>
         <size>0xf2</size>
         <input_file_ref idref="fl-f"/>
      </object_component>
      <object_component id="oc-3df">
         <name>.debug_info</name>
         <load_address>0x870a</load_address>
         <run_address>0x870a</run_address>
         <size>0x850</size>
         <input_file_ref idref="fl-10"/>
      </object_component>
      <object_component id="oc-34c">
         <name>.debug_info</name>
         <load_address>0x8f5a</load_address>
         <run_address>0x8f5a</run_address>
         <size>0xbde</size>
         <input_file_ref idref="fl-10"/>
      </object_component>
      <object_component id="oc-3d9">
         <name>.debug_info</name>
         <load_address>0x9b38</load_address>
         <run_address>0x9b38</run_address>
         <size>0x4cd</size>
         <input_file_ref idref="fl-11"/>
      </object_component>
      <object_component id="oc-346">
         <name>.debug_info</name>
         <load_address>0xa005</load_address>
         <run_address>0xa005</run_address>
         <size>0x8b1</size>
         <input_file_ref idref="fl-11"/>
      </object_component>
      <object_component id="oc-452">
         <name>.debug_info</name>
         <load_address>0xa8b6</load_address>
         <run_address>0xa8b6</run_address>
         <size>0x4a7</size>
         <input_file_ref idref="fl-12"/>
      </object_component>
      <object_component id="oc-3d3">
         <name>.debug_info</name>
         <load_address>0xad5d</load_address>
         <run_address>0xad5d</run_address>
         <size>0x1b49</size>
         <input_file_ref idref="fl-12"/>
      </object_component>
      <object_component id="oc-3e8">
         <name>.debug_info</name>
         <load_address>0xc8a6</load_address>
         <run_address>0xc8a6</run_address>
         <size>0x244</size>
         <input_file_ref idref="fl-13"/>
      </object_component>
      <object_component id="oc-25c">
         <name>.debug_info</name>
         <load_address>0xcaea</load_address>
         <run_address>0xcaea</run_address>
         <size>0x145</size>
         <input_file_ref idref="fl-ce"/>
      </object_component>
      <object_component id="oc-de">
         <name>.debug_info</name>
         <load_address>0xcc2f</load_address>
         <run_address>0xcc2f</run_address>
         <size>0x31e</size>
         <input_file_ref idref="fl-cf"/>
      </object_component>
      <object_component id="oc-54">
         <name>.debug_info</name>
         <load_address>0xcf4d</load_address>
         <run_address>0xcf4d</run_address>
         <size>0x1b5</size>
         <input_file_ref idref="fl-cf"/>
      </object_component>
      <object_component id="oc-d9">
         <name>.debug_info</name>
         <load_address>0xd102</load_address>
         <run_address>0xd102</run_address>
         <size>0x46</size>
         <input_file_ref idref="fl-cf"/>
      </object_component>
      <object_component id="oc-163">
         <name>.debug_info</name>
         <load_address>0xd148</load_address>
         <run_address>0xd148</run_address>
         <size>0x2c</size>
         <input_file_ref idref="fl-cf"/>
      </object_component>
      <object_component id="oc-4c">
         <name>.debug_info</name>
         <load_address>0xd174</load_address>
         <run_address>0xd174</run_address>
         <size>0x2a8</size>
         <input_file_ref idref="fl-d0"/>
      </object_component>
      <object_component id="oc-19">
         <name>.debug_info</name>
         <load_address>0xd41c</load_address>
         <run_address>0xd41c</run_address>
         <size>0x1ea</size>
         <input_file_ref idref="fl-d0"/>
      </object_component>
      <object_component id="oc-47">
         <name>.debug_info</name>
         <load_address>0xd606</load_address>
         <run_address>0xd606</run_address>
         <size>0x46</size>
         <input_file_ref idref="fl-d0"/>
      </object_component>
      <object_component id="oc-d1">
         <name>.debug_info</name>
         <load_address>0xd64c</load_address>
         <run_address>0xd64c</run_address>
         <size>0x2c</size>
         <input_file_ref idref="fl-d0"/>
      </object_component>
      <object_component id="oc-cf">
         <name>.debug_info</name>
         <load_address>0xd678</load_address>
         <run_address>0xd678</run_address>
         <size>0x29e</size>
         <input_file_ref idref="fl-d1"/>
      </object_component>
      <object_component id="oc-13">
         <name>.debug_info</name>
         <load_address>0xd916</load_address>
         <run_address>0xd916</run_address>
         <size>0x250</size>
         <input_file_ref idref="fl-d1"/>
      </object_component>
      <object_component id="oc-37">
         <name>.debug_info</name>
         <load_address>0xdb66</load_address>
         <run_address>0xdb66</run_address>
         <size>0x60</size>
         <input_file_ref idref="fl-d1"/>
      </object_component>
      <object_component id="oc-15c">
         <name>.debug_info</name>
         <load_address>0xdbc6</load_address>
         <run_address>0xdbc6</run_address>
         <size>0x46</size>
         <input_file_ref idref="fl-d1"/>
      </object_component>
      <object_component id="oc-ca">
         <name>.debug_info</name>
         <load_address>0xdc0c</load_address>
         <run_address>0xdc0c</run_address>
         <size>0x39</size>
         <input_file_ref idref="fl-d1"/>
      </object_component>
      <object_component id="oc-22">
         <name>.debug_info</name>
         <load_address>0xdc45</load_address>
         <run_address>0xdc45</run_address>
         <size>0x10b</size>
         <input_file_ref idref="fl-d2"/>
      </object_component>
      <object_component id="oc-60">
         <name>.debug_info</name>
         <load_address>0xdd50</load_address>
         <run_address>0xdd50</run_address>
         <size>0x1af</size>
         <input_file_ref idref="fl-d2"/>
      </object_component>
      <object_component id="oc-1e3">
         <name>.debug_info</name>
         <load_address>0xdeff</load_address>
         <run_address>0xdeff</run_address>
         <size>0x122</size>
         <input_file_ref idref="fl-d3"/>
      </object_component>
      <object_component id="oc-75">
         <name>.debug_info</name>
         <load_address>0xe021</load_address>
         <run_address>0xe021</run_address>
         <size>0x3c6</size>
         <input_file_ref idref="fl-d4"/>
      </object_component>
      <object_component id="oc-25">
         <name>.debug_info</name>
         <load_address>0xe3e7</load_address>
         <run_address>0xe3e7</run_address>
         <size>0x10c</size>
         <input_file_ref idref="fl-d4"/>
      </object_component>
      <object_component id="oc-3a6">
         <name>.debug_info</name>
         <load_address>0xe4f3</load_address>
         <run_address>0xe4f3</run_address>
         <size>0x157</size>
         <input_file_ref idref="fl-d4"/>
      </object_component>
      <object_component id="oc-394">
         <name>.debug_info</name>
         <load_address>0xe64a</load_address>
         <run_address>0xe64a</run_address>
         <size>0x144</size>
         <input_file_ref idref="fl-d4"/>
      </object_component>
      <object_component id="oc-39a">
         <name>.debug_info</name>
         <load_address>0xe78e</load_address>
         <run_address>0xe78e</run_address>
         <size>0x17f</size>
         <input_file_ref idref="fl-d4"/>
      </object_component>
      <object_component id="oc-3a0">
         <name>.debug_info</name>
         <load_address>0xe90d</load_address>
         <run_address>0xe90d</run_address>
         <size>0x17d</size>
         <input_file_ref idref="fl-d4"/>
      </object_component>
      <object_component id="oc-38d">
         <name>.debug_info</name>
         <load_address>0xea8a</load_address>
         <run_address>0xea8a</run_address>
         <size>0x1e6</size>
         <input_file_ref idref="fl-d4"/>
      </object_component>
      <object_component id="oc-2fa">
         <name>.debug_info</name>
         <load_address>0xec70</load_address>
         <run_address>0xec70</run_address>
         <size>0x1f1</size>
         <input_file_ref idref="fl-d4"/>
      </object_component>
      <object_component id="oc-2f4">
         <name>.debug_info</name>
         <load_address>0xee61</load_address>
         <run_address>0xee61</run_address>
         <size>0x1bc</size>
         <input_file_ref idref="fl-d4"/>
      </object_component>
      <object_component id="oc-ff">
         <name>.debug_info</name>
         <load_address>0xf01d</load_address>
         <run_address>0xf01d</run_address>
         <size>0x2c</size>
         <input_file_ref idref="fl-d4"/>
      </object_component>
      <object_component id="oc-104">
         <name>.debug_info</name>
         <load_address>0xf049</load_address>
         <run_address>0xf049</run_address>
         <size>0x62</size>
         <input_file_ref idref="fl-d4"/>
      </object_component>
      <object_component id="oc-3bb">
         <name>.debug_info</name>
         <load_address>0xf0ab</load_address>
         <run_address>0xf0ab</run_address>
         <size>0x2c9</size>
         <input_file_ref idref="fl-d5"/>
      </object_component>
      <object_component id="oc-310">
         <name>.debug_info</name>
         <load_address>0xf374</load_address>
         <run_address>0xf374</run_address>
         <size>0x11e</size>
         <input_file_ref idref="fl-d5"/>
      </object_component>
      <object_component id="oc-3b4">
         <name>.debug_info</name>
         <load_address>0xf492</load_address>
         <run_address>0xf492</run_address>
         <size>0x12e</size>
         <input_file_ref idref="fl-d5"/>
      </object_component>
      <object_component id="oc-354">
         <name>.debug_info</name>
         <load_address>0xf5c0</load_address>
         <run_address>0xf5c0</run_address>
         <size>0x118</size>
         <input_file_ref idref="fl-d7"/>
      </object_component>
      <object_component id="oc-e0">
         <name>.debug_info</name>
         <load_address>0xf6d8</load_address>
         <run_address>0xf6d8</run_address>
         <size>0x14a</size>
         <input_file_ref idref="fl-d8"/>
      </object_component>
      <object_component id="oc-42">
         <name>.debug_info</name>
         <load_address>0xf822</load_address>
         <run_address>0xf822</run_address>
         <size>0x11c</size>
         <input_file_ref idref="fl-d9"/>
      </object_component>
      <object_component id="oc-316">
         <name>.debug_info</name>
         <load_address>0xf93e</load_address>
         <run_address>0xf93e</run_address>
         <size>0x552</size>
         <input_file_ref idref="fl-da"/>
      </object_component>
      <object_component id="oc-1ef">
         <name>.debug_info</name>
         <load_address>0xfe90</load_address>
         <run_address>0xfe90</run_address>
         <size>0x1a6</size>
         <input_file_ref idref="fl-da"/>
      </object_component>
      <object_component id="oc-3c1">
         <name>.debug_info</name>
         <load_address>0x10036</load_address>
         <run_address>0x10036</run_address>
         <size>0x39</size>
         <input_file_ref idref="fl-da"/>
      </object_component>
      <object_component id="oc-442">
         <name>.debug_info</name>
         <load_address>0x1006f</load_address>
         <run_address>0x1006f</run_address>
         <size>0x39</size>
         <input_file_ref idref="fl-da"/>
      </object_component>
      <object_component id="oc-3c6">
         <name>.debug_info</name>
         <load_address>0x100a8</load_address>
         <run_address>0x100a8</run_address>
         <size>0x39</size>
         <input_file_ref idref="fl-da"/>
      </object_component>
      <object_component id="oc-3cb">
         <name>.debug_info</name>
         <load_address>0x100e1</load_address>
         <run_address>0x100e1</run_address>
         <size>0xcd</size>
         <input_file_ref idref="fl-da"/>
      </object_component>
      <object_component id="oc-e6">
         <name>.debug_info</name>
         <load_address>0x101ae</load_address>
         <run_address>0x101ae</run_address>
         <size>0x153</size>
         <input_file_ref idref="fl-db"/>
      </object_component>
      <object_component id="oc-23a">
         <name>.debug_info</name>
         <load_address>0x10301</load_address>
         <run_address>0x10301</run_address>
         <size>0x356</size>
         <input_file_ref idref="fl-dd"/>
      </object_component>
      <object_component id="oc-2db">
         <name>.debug_info</name>
         <load_address>0x10657</load_address>
         <run_address>0x10657</run_address>
         <size>0x29c</size>
         <input_file_ref idref="fl-dd"/>
      </object_component>
      <object_component id="oc-2e1">
         <name>.debug_info</name>
         <load_address>0x108f3</load_address>
         <run_address>0x108f3</run_address>
         <size>0x209</size>
         <input_file_ref idref="fl-dd"/>
      </object_component>
      <object_component id="oc-2c9">
         <name>.debug_info</name>
         <load_address>0x10afc</load_address>
         <run_address>0x10afc</run_address>
         <size>0x268</size>
         <input_file_ref idref="fl-dd"/>
      </object_component>
      <object_component id="oc-2d5">
         <name>.debug_info</name>
         <load_address>0x10d64</load_address>
         <run_address>0x10d64</run_address>
         <size>0x28f</size>
         <input_file_ref idref="fl-dd"/>
      </object_component>
      <object_component id="oc-16d">
         <name>.debug_info</name>
         <load_address>0x10ff3</load_address>
         <run_address>0x10ff3</run_address>
         <size>0x20d</size>
         <input_file_ref idref="fl-dd"/>
      </object_component>
      <object_component id="oc-385">
         <name>.debug_info</name>
         <load_address>0x11200</load_address>
         <run_address>0x11200</run_address>
         <size>0x228</size>
         <input_file_ref idref="fl-dd"/>
      </object_component>
      <object_component id="oc-2e7">
         <name>.debug_info</name>
         <load_address>0x11428</load_address>
         <run_address>0x11428</run_address>
         <size>0x248</size>
         <input_file_ref idref="fl-dd"/>
      </object_component>
      <object_component id="oc-2ed">
         <name>.debug_info</name>
         <load_address>0x11670</load_address>
         <run_address>0x11670</run_address>
         <size>0x1ff</size>
         <input_file_ref idref="fl-dd"/>
      </object_component>
      <object_component id="oc-2cf">
         <name>.debug_info</name>
         <load_address>0x1186f</load_address>
         <run_address>0x1186f</run_address>
         <size>0x1fd</size>
         <input_file_ref idref="fl-dd"/>
      </object_component>
      <object_component id="oc-10a">
         <name>.debug_info</name>
         <load_address>0x11a6c</load_address>
         <run_address>0x11a6c</run_address>
         <size>0x18b</size>
         <input_file_ref idref="fl-dd"/>
      </object_component>
      <object_component id="oc-10f">
         <name>.debug_info</name>
         <load_address>0x11bf7</load_address>
         <run_address>0x11bf7</run_address>
         <size>0x385</size>
         <input_file_ref idref="fl-de"/>
      </object_component>
      <object_component id="oc-22a">
         <name>.debug_info</name>
         <load_address>0x11f7c</load_address>
         <run_address>0x11f7c</run_address>
         <size>0x11e</size>
         <input_file_ref idref="fl-de"/>
      </object_component>
      <object_component id="oc-22d">
         <name>.debug_info</name>
         <load_address>0x1209a</load_address>
         <run_address>0x1209a</run_address>
         <size>0x120</size>
         <input_file_ref idref="fl-de"/>
      </object_component>
      <object_component id="oc-366">
         <name>.debug_info</name>
         <load_address>0x121ba</load_address>
         <run_address>0x121ba</run_address>
         <size>0x112</size>
         <input_file_ref idref="fl-de"/>
      </object_component>
      <object_component id="oc-406">
         <name>.debug_info</name>
         <load_address>0x122cc</load_address>
         <run_address>0x122cc</run_address>
         <size>0x20c</size>
         <input_file_ref idref="fl-de"/>
      </object_component>
      <object_component id="oc-116">
         <name>.debug_info</name>
         <load_address>0x124d8</load_address>
         <run_address>0x124d8</run_address>
         <size>0x21c</size>
         <input_file_ref idref="fl-de"/>
      </object_component>
      <object_component id="oc-91">
         <name>.debug_info</name>
         <load_address>0x126f4</load_address>
         <run_address>0x126f4</run_address>
         <size>0x27f</size>
         <input_file_ref idref="fl-de"/>
      </object_component>
      <object_component id="oc-274">
         <name>.debug_info</name>
         <load_address>0x12973</load_address>
         <run_address>0x12973</run_address>
         <size>0x1fb</size>
         <input_file_ref idref="fl-de"/>
      </object_component>
      <object_component id="oc-3ee">
         <name>.debug_info</name>
         <load_address>0x12b6e</load_address>
         <run_address>0x12b6e</run_address>
         <size>0x1f9</size>
         <input_file_ref idref="fl-de"/>
      </object_component>
      <object_component id="oc-29a">
         <name>.debug_info</name>
         <load_address>0x12d67</load_address>
         <run_address>0x12d67</run_address>
         <size>0x1f9</size>
         <input_file_ref idref="fl-de"/>
      </object_component>
      <object_component id="oc-40c">
         <name>.debug_info</name>
         <load_address>0x12f60</load_address>
         <run_address>0x12f60</run_address>
         <size>0x220</size>
         <input_file_ref idref="fl-de"/>
      </object_component>
      <object_component id="oc-97">
         <name>.debug_info</name>
         <load_address>0x13180</load_address>
         <run_address>0x13180</run_address>
         <size>0x205</size>
         <input_file_ref idref="fl-de"/>
      </object_component>
      <object_component id="oc-85">
         <name>.debug_info</name>
         <load_address>0x13385</load_address>
         <run_address>0x13385</run_address>
         <size>0x1e4</size>
         <input_file_ref idref="fl-de"/>
      </object_component>
      <object_component id="oc-27a">
         <name>.debug_info</name>
         <load_address>0x13569</load_address>
         <run_address>0x13569</run_address>
         <size>0x1e9</size>
[...]
         <value>0x24c1</value>
         <object_component_ref idref="oc-345"/>
      </symbol>
      <symbol id="sm-3a1">
         <name>OrbitOledDefUserChar</name>
         <value>0x2409</value>
         <object_component_ref idref="oc-345"/>
      </symbol>
      <symbol id="sm-3a2">
         <name>OrbitOledGetCursor</name>
         <value>0x23ed</value>
         <object_component_ref idref="oc-345"/>
      </symbol>
      <symbol id="sm-3a3">
         <name>OrbitOledSetCursor</name>
         <value>0x23a1</value>
         <object_component_ref idref="oc-345"/>
      </symbol>
      <symbol id="sm-3a4">
         <name>OrbitOledPutChar</name>
         <value>0x2477</value>
         <object_component_ref idref="oc-345"/>
      </symbol>
      <symbol id="sm-3a5">
         <name>OrbitOledAdvanceCursor</name>
         <value>0x2539</value>
         <object_component_ref idref="oc-345"/>
      </symbol>
      <symbol id="sm-442">
         <name>pfnDoRop</name>
         <value>0x20000600</value>
      </symbol>
      <symbol id="sm-443">
         <name>modOledCur</name>
         <value>0x200005ec</value>
      </symbol>
      <symbol id="sm-444">
         <name>OrbitOledGetPixel</name>
         <value>0x1013</value>
         <object_component_ref idref="oc-3d2"/>
      </symbol>
      <symbol id="sm-445">
         <name>OrbitOledMoveUp</name>
         <value>0x1741</value>
         <object_component_ref idref="oc-3d2"/>
      </symbol>
      <symbol id="sm-446">
         <name>OrbitOledMoveTo</name>
         <value>0xef1</value>
         <object_component_ref idref="oc-3d2"/>
      </symbol>
      <symbol id="sm-447">
         <name>OrbitOledGetDrawMode</name>
         <value>0xfe1</value>
         <object_component_ref idref="oc-3d2"/>
      </symbol>
      <symbol id="sm-448">
         <name>OrbitOledDrawPixel</name>
         <value>0xfe7</value>
         <object_component_ref idref="oc-3d2"/>
      </symbol>
      <symbol id="sm-449">
         <name>OrbitOledDrawString</name>
         <value>0x1683</value>
         <object_component_ref idref="oc-3d2"/>
      </symbol>
      <symbol id="sm-44a">
         <name>OrbitOledDrawChar</name>
         <value>0x1623</value>
         <object_component_ref idref="oc-3d2"/>
      </symbol>
      <symbol id="sm-44b">
         <name>OrbitOledMoveDown</name>
         <value>0x1779</value>
         <object_component_ref idref="oc-3d2"/>
      </symbol>
      <symbol id="sm-44c">
         <name>OrbitOledMoveRight</name>
         <value>0x17c7</value>
         <object_component_ref idref="oc-3d2"/>
      </symbol>
      <symbol id="sm-44d">
         <name>OrbitOledFillRect</name>
         <value>0x11b1</value>
         <object_component_ref idref="oc-3d2"/>
      </symbol>
      <symbol id="sm-44e">
         <name>OrbitOledLineTo</name>
         <value>0x102d</value>
         <object_component_ref idref="oc-3d2"/>
      </symbol>
      <symbol id="sm-44f">
         <name>OrbitOledGetStdPattern</name>
         <value>0xf6b</value>
         <object_component_ref idref="oc-3d2"/>
      </symbol>
      <symbol id="sm-450">
         <name>OrbitOledSetDrawColor</name>
         <value>0xf53</value>
         <object_component_ref idref="oc-3d2"/>
      </symbol>
      <symbol id="sm-451">
         <name>OrbitOledDrawRect</name>
         <value>0x112d</value>
         <object_component_ref idref="oc-3d2"/>
      </symbol>
      <symbol id="sm-452">
         <name>OrbitOledClampYco</name>
         <value>0x1801</value>
         <object_component_ref idref="oc-3d2"/>
      </symbol>
      <symbol id="sm-453">
         <name>OrbitOledGetPos</name>
         <value>0xf37</value>
         <object_component_ref idref="oc-3d2"/>
      </symbol>
      <symbol id="sm-454">
         <name>OrbitOledRopSet</name>
         <value>0x16a1</value>
         <object_component_ref idref="oc-3d2"/>
      </symbol>
      <symbol id="sm-455">
         <name>OrbitOledRopXor</name>
         <value>0x1713</value>
         <object_component_ref idref="oc-3d2"/>
      </symbol>
      <symbol id="sm-456">
         <name>OrbitOledGetBmp</name>
         <value>0x12f5</value>
         <object_component_ref idref="oc-3d2"/>
      </symbol>
      <symbol id="sm-457">
         <name>OrbitOledMoveLeft</name>
         <value>0x17af</value>
         <object_component_ref idref="oc-3d2"/>
      </symbol>
      <symbol id="sm-458">
         <name>OrbitOledRopAnd</name>
         <value>0x16ef</value>
         <object_component_ref idref="oc-3d2"/>
      </symbol>
      <symbol id="sm-459">
         <name>OrbitOledPutBmp</name>
         <value>0x1455</value>
         <object_component_ref idref="oc-3d2"/>
      </symbol>
      <symbol id="sm-45a">
         <name>OrbitOledSetDrawMode</name>
         <value>0xf8d</value>
         <object_component_ref idref="oc-3d2"/>
      </symbol>
      <symbol id="sm-45b">
         <name>OrbitOledClampXco</name>
         <value>0x17e1</value>
         <object_component_ref idref="oc-3d2"/>
      </symbol>
      <symbol id="sm-45c">
         <name>OrbitOledSetFillPattern</name>
         <value>0xf7d</value>
         <object_component_ref idref="oc-3d2"/>
      </symbol>
      <symbol id="sm-45d">
         <name>OrbitOledRopOr</name>
         <value>0x16cb</value>
         <object_component_ref idref="oc-3d2"/>
      </symbol>
      <symbol id="sm-46f">
         <name>DelayMs</name>
         <value>0x3353</value>
         <object_component_ref idref="oc-3e7"/>
      </symbol>
      <symbol id="sm-470">
         <name>DelayInit</name>
         <value>0x3339</value>
         <object_component_ref idref="oc-3e7"/>
      </symbol>
      <symbol id="sm-47f">
         <name>__aeabi_uidivmod</name>
         <value>0x35ed</value>
         <object_component_ref idref="oc-25b"/>
      </symbol>
      <symbol id="sm-480">
         <name>__aeabi_uidiv</name>
         <value>0x35ed</value>
         <object_component_ref idref="oc-25b"/>
      </symbol>
      <symbol id="sm-497">
         <name>__TI_zero_init</name>
         <value>0x3a5d</value>
         <object_component_ref idref="oc-53"/>
      </symbol>
      <symbol id="sm-4ae">
         <name>__TI_decompress_none</name>
         <value>0x3a1f</value>
         <object_component_ref idref="oc-18"/>
      </symbol>
      <symbol id="sm-4d1">
         <name>__TI_decompress_lzss</name>
         <value>0x3271</value>
         <object_component_ref idref="oc-12"/>
      </symbol>
      <symbol id="sm-4e4">
         <name>__stack</name>
         <value>0x20000620</value>
         <object_component_ref idref="oc-21"/>
      </symbol>
      <symbol id="sm-4e5">
         <name>_c_int00_noargs</name>
         <value>0x36a5</value>
         <object_component_ref idref="oc-5f"/>
      </symbol>
      <symbol id="sm-4f0">
         <name>C$$EXIT</name>
         <value>0x3adb</value>
         <object_component_ref idref="oc-1e2"/>
      </symbol>
      <symbol id="sm-4f1">
         <name>abort</name>
         <value>0x3adb</value>
         <object_component_ref idref="oc-1e2"/>
      </symbol>
      <symbol id="sm-577">
         <name>_sys_memory</name>
         <value>0x20000820</value>
         <object_component_ref idref="oc-24"/>
      </symbol>
      <symbol id="sm-578">
         <name>free</name>
         <value>0x2e49</value>
         <object_component_ref idref="oc-2f9"/>
      </symbol>
      <symbol id="sm-579">
         <name>calloc</name>
         <value>0x37a9</value>
         <object_component_ref idref="oc-2f3"/>
      </symbol>
      <symbol id="sm-57a">
         <name>malloc</name>
         <value>0x30b1</value>
         <object_component_ref idref="oc-38c"/>
      </symbol>
      <symbol id="sm-57b">
         <name>minit</name>
         <value>0x36dd</value>
         <object_component_ref idref="oc-393"/>
      </symbol>
      <symbol id="sm-590">
         <name>_nop</name>
         <value>0x2b2f</value>
         <object_component_ref idref="oc-3b3"/>
      </symbol>
      <symbol id="sm-591">
         <name>_lock</name>
         <value>0x20000a2c</value>
         <object_component_ref idref="oc-30f"/>
      </symbol>
      <symbol id="sm-592">
         <name>_unlock</name>
         <value>0x20000a30</value>
         <object_component_ref idref="oc-30f"/>
      </symbol>
      <symbol id="sm-59d">
         <name>__aeabi_idiv0</name>
         <value>0x351f</value>
         <object_component_ref idref="oc-353"/>
      </symbol>
      <symbol id="sm-59e">
         <name>__aeabi_ldiv0</name>
         <value>0x351f</value>
         <object_component_ref idref="oc-353"/>
      </symbol>
      <symbol id="sm-5ad">
         <name>__aeabi_memset</name>
         <value>0x3039</value>
         <object_component_ref idref="oc-df"/>
      </symbol>
      <symbol id="sm-5ae">
         <name>memset</name>
         <value>0x303f</value>
         <object_component_ref idref="oc-df"/>
      </symbol>
      <symbol id="sm-5af">
         <name>__aeabi_memset8</name>
         <value>0x3039</value>
         <object_component_ref idref="oc-df"/>
      </symbol>
      <symbol id="sm-5b0">
         <name>__aeabi_memset4</name>
         <value>0x3039</value>
         <object_component_ref idref="oc-df"/>
      </symbol>
      <symbol id="sm-5b1">
         <name>__aeabi_memclr8</name>
         <value>0x3037</value>
         <object_component_ref idref="oc-df"/>
      </symbol>
      <symbol id="sm-5b2">
         <name>__aeabi_memclr4</name>
         <value>0x3037</value>
         <object_component_ref idref="oc-df"/>
      </symbol>
      <symbol id="sm-5b3">
         <name>__aeabi_memclr</name>
         <value>0x3037</value>
         <object_component_ref idref="oc-df"/>
      </symbol>
      <symbol id="sm-5ce">
         <name>memcpy</name>
         <value>0x2f21</value>
         <object_component_ref idref="oc-41"/>
      </symbol>
      <symbol id="sm-5cf">
         <name>__aeabi_memcpy</name>
         <value>0x2f21</value>
         <object_component_ref idref="oc-41"/>
      </symbol>
      <symbol id="sm-5d0">
         <name>__aeabi_memcpy8</name>
         <value>0x2f21</value>
         <object_component_ref idref="oc-41"/>
      </symbol>
      <symbol id="sm-5d1">
         <name>__aeabi_memcpy4</name>
         <value>0x2f21</value>
         <object_component_ref idref="oc-41"/>
      </symbol>
      <symbol id="sm-5f9">
         <name>__TI_auto_init_nobinit_nopinit</name>
         <value>0x35a9</value>
         <object_component_ref idref="oc-1ee"/>
      </symbol>
      <symbol id="sm-603">
         <name>_system_pre_init</name>
         <value>0x3ad7</value>
         <object_component_ref idref="oc-e5"/>
      </symbol>
      <symbol id="sm-667">
         <name>ADCProcessorTrigger</name>
         <value>0x38b1</value>
         <object_component_ref idref="oc-16c"/>
      </symbol>
      <symbol id="sm-668">
         <name>ADCSequenceEnable</name>
         <value>0x39f5</value>
         <object_component_ref idref="oc-2e0"/>
      </symbol>
      <symbol id="sm-669">
         <name>ADCSequenceConfigure</name>
         <value>0x33ed</value>
         <object_component_ref idref="oc-2d4"/>
      </symbol>
      <symbol id="sm-66a">
         <name>ADCIntEnable</name>
         <value>0x39b3</value>
         <object_component_ref idref="oc-2ec"/>
      </symbol>
      <symbol id="sm-66b">
         <name>ADCSequenceStepConfigure</name>
         <value>0x2fbd</value>
         <object_component_ref idref="oc-2da"/>
      </symbol>
      <symbol id="sm-66c">
         <name>ADCIntClear</name>
         <value>0x3a75</value>
         <object_component_ref idref="oc-2ce"/>
      </symbol>
      <symbol id="sm-66d">
         <name>ADCIntRegister</name>
         <value>0x3899</value>
         <object_component_ref idref="oc-2e6"/>
      </symbol>
      <symbol id="sm-66e">
         <name>ADCSequenceDataGet</name>
         <value>0x3841</value>
         <object_component_ref idref="oc-2c8"/>
      </symbol>
      <symbol id="sm-718">
         <name>GPIOPinTypePWM</name>
         <value>0x390f</value>
         <object_component_ref idref="oc-299"/>
      </symbol>
      <symbol id="sm-719">
         <name>GPIOIntRegister</name>
         <value>0x38c9</value>
         <object_component_ref idref="oc-a2"/>
      </symbol>
      <symbol id="sm-71a">
         <name>GPIOPinConfigure</name>
         <value>0x348d</value>
         <object_component_ref idref="oc-279"/>
      </symbol>
      <symbol id="sm-71b">
         <name>GPIOIntEnable</name>
         <value>0x3a39</value>
         <object_component_ref idref="oc-a8"/>
      </symbol>
      <symbol id="sm-71c">
         <name>GPIOIntTypeSet</name>
         <value>0x3395</value>
         <object_component_ref idref="oc-9c"/>
      </symbol>
      <symbol id="sm-71d">
         <name>GPIOPinTypeGPIOInput</name>
         <value>0x38f9</value>
         <object_component_ref idref="oc-96"/>
      </symbol>
      <symbol id="sm-71e">
         <name>GPIOIntClear</name>
         <value>0x3ab9</value>
         <object_component_ref idref="oc-7e"/>
      </symbol>
      <symbol id="sm-71f">
         <name>GPIOPinTypeUART</name>
         <value>0x393b</value>
         <object_component_ref idref="oc-273"/>
      </symbol>
      <symbol id="sm-720">
         <name>GPIOIntStatus</name>
         <value>0x3a03</value>
         <object_component_ref idref="oc-78"/>
      </symbol>
      <symbol id="sm-721">
         <name>GPIOPinTypeGPIOOutput</name>
         <value>0x38e1</value>
         <object_component_ref idref="oc-40b"/>
      </symbol>
      <symbol id="sm-722">
         <name>GPIOPinRead</name>
         <value>0x3abf</value>
         <object_component_ref idref="oc-84"/>
      </symbol>
      <symbol id="sm-723">
         <name>GPIODirModeSet</name>
         <value>0x377d</value>
         <object_component_ref idref="oc-115"/>
      </symbol>
      <symbol id="sm-724">
         <name>GPIOPinWrite</name>
         <value>0x3ac5</value>
         <object_component_ref idref="oc-405"/>
      </symbol>
      <symbol id="sm-725">
         <name>GPIOPadConfigSet</name>
         <value>0x28e5</value>
         <object_component_ref idref="oc-90"/>
      </symbol>
      <symbol id="sm-726">
         <name>GPIOPinTypeSSI</name>
         <value>0x3925</value>
         <object_component_ref idref="oc-3ed"/>
      </symbol>
      <symbol id="sm-760">
         <name>IntEnable</name>
         <value>0x3209</value>
         <object_component_ref idref="oc-129"/>
      </symbol>
      <symbol id="sm-761">
         <name>IntRegister</name>
         <value>0x3715</value>
         <object_component_ref idref="oc-123"/>
      </symbol>
      <symbol id="sm-762">
         <name>g_pfnRAMVectors</name>
         <value>0x20000000</value>
         <object_component_ref idref="oc-230"/>
      </symbol>
      <symbol id="sm-763">
         <name>IntMasterEnable</name>
         <value>0x39c3</value>
         <object_component_ref idref="oc-1cd"/>
      </symbol>
      <symbol id="sm-790">
         <name>PWMGenPeriodSet</name>
         <value>0x39d3</value>
         <object_component_ref idref="oc-2b1"/>
      </symbol>
      <symbol id="sm-791">
         <name>PWMPulseWidthSet</name>
         <value>0x385f</value>
         <object_component_ref idref="oc-2b7"/>
      </symbol>
      <symbol id="sm-792">
         <name>PWMOutputState</name>
         <value>0x39a1</value>
         <object_component_ref idref="oc-2ab"/>
      </symbol>
      <symbol id="sm-793">
         <name>PWMGenEnable</name>
         <value>0x3a45</value>
         <object_component_ref idref="oc-2a5"/>
      </symbol>
      <symbol id="sm-794">
         <name>PWMGenConfigure</name>
         <value>0x37fd</value>
         <object_component_ref idref="oc-29f"/>
      </symbol>
      <symbol id="sm-7cc">
         <name>SSIDataPut</name>
         <value>0x3a7f</value>
         <object_component_ref idref="oc-417"/>
      </symbol>
      <symbol id="sm-7cd">
         <name>SSIDataGet</name>
         <value>0x3a51</value>
         <object_component_ref idref="oc-41d"/>
      </symbol>
      <symbol id="sm-7ce">
         <name>SSIConfigSetExpClk</name>
         <value>0x362d</value>
         <object_component_ref idref="oc-3f9"/>
      </symbol>
      <symbol id="sm-7cf">
         <name>SSIEnable</name>
         <value>0x3a89</value>
         <object_component_ref idref="oc-3ff"/>
      </symbol>
      <symbol id="sm-7d0">
         <name>SSIClockSourceSet</name>
         <value>0x3acb</value>
         <object_component_ref idref="oc-3f3"/>
      </symbol>
      <symbol id="sm-7d1">
         <name>SSIBusy</name>
         <value>0x3ab1</value>
         <object_component_ref idref="oc-411"/>
      </symbol>
      <symbol id="sm-82c">
         <name>SysCtlClockSet</name>
         <value>0x2d55</value>
         <object_component_ref idref="oc-178"/>
      </symbol>
      <symbol id="sm-82d">
         <name>SysCtlDelay</name>
         <value>0x3ad1</value>
         <object_component_ref idref="oc-17e"/>
      </symbol>
      <symbol id="sm-82e">
         <name>SysCtlPeripheralEnable</name>
         <value>0x3749</value>
         <object_component_ref idref="oc-8a"/>
      </symbol>
      <symbol id="sm-82f">
         <name>SysCtlClockGet</name>
         <value>0x2c45</value>
         <object_component_ref idref="oc-17f"/>
      </symbol>
      <symbol id="sm-830">
         <name>SysCtlPWMClockSet</name>
         <value>0x3951</value>
         <object_component_ref idref="oc-191"/>
      </symbol>
      <symbol id="sm-85d">
         <name>SysTickEnable</name>
         <value>0x3965</value>
         <object_component_ref idref="oc-19d"/>
      </symbol>
      <symbol id="sm-85e">
         <name>SysTickIntRegister</name>
         <value>0x387d</value>
         <object_component_ref idref="oc-18b"/>
      </symbol>
      <symbol id="sm-85f">
         <name>SysTickIntEnable</name>
         <value>0x3979</value>
         <object_component_ref idref="oc-197"/>
      </symbol>
      <symbol id="sm-860">
         <name>SysTickPeriodSet</name>
         <value>0x39e5</value>
         <object_component_ref idref="oc-185"/>
      </symbol>
      <symbol id="sm-884">
         <name>TimerEnable</name>
         <value>0x3a11</value>
         <object_component_ref idref="oc-460"/>
      </symbol>
      <symbol id="sm-885">
         <name>TimerValueGet</name>
         <value>0x3a93</value>
         <object_component_ref idref="oc-466"/>
      </symbol>
      <symbol id="sm-886">
         <name>TimerConfigure</name>
         <value>0x32d9</value>
         <object_component_ref idref="oc-45a"/>
      </symbol>
      <symbol id="sm-8b8">
         <name>UARTConfigSetExpClk</name>
         <value>0x34d9</value>
         <object_component_ref idref="oc-27f"/>
      </symbol>
      <symbol id="sm-8b9">
         <name>UARTDisable</name>
         <value>0x3821</value>
         <object_component_ref idref="oc-369"/>
      </symbol>
      <symbol id="sm-8ba">
         <name>UARTCharPut</name>
         <value>0x3a9d</value>
         <object_component_ref idref="oc-291"/>
      </symbol>
      <symbol id="sm-8bb">
         <name>UARTEnable</name>
         <value>0x398d</value>
         <object_component_ref idref="oc-28b"/>
      </symbol>
      <symbol id="sm-8bc">
         <name>UARTFIFOEnable</name>
         <value>0x3aa7</value>
         <object_component_ref idref="oc-285"/>
      </symbol>
      <symbol id="sm-8c6">
         <name>CPUcpsie</name>
         <value>0x3a2d</value>
         <object_component_ref idref="oc-301"/>
      </symbol>
      <symbol id="sm-8c7">
         <name>__TI_static_base__</name>
         <value>0x0</value>
      </symbol>
      <symbol id="sm-8ca">
         <name>__mpu_init</name>
         <value>0x0</value>
      </symbol>
      <symbol id="sm-8cb">
         <name>_system_post_cinit</name>
         <value>0x0</value>
      </symbol>
   </symbol_table>
   <title>Link successful</title>
</link_info>
