******************************************************************************
                  TI ARM Linker Unix v18.1.5                   
******************************************************************************
>> Linked Thu May 16 11:08:57 2019

OUTPUT FILE NAME:   <Milestone1.out>
ENTRY POINT SYMBOL: "_c_int00_noargs"  address: 00003669


MEMORY CONFIGURATION

         name            origin    length      used     unused   attr    fill
----------------------  --------  ---------  --------  --------  ----  --------
  FLASH                 00000000   00040000  00004142  0003bebe  R  X
  SRAM                  20000000   00008000  00000a54  000075ac  RW X


SEGMENT ALLOCATION MAP

run origin  load origin   length   init length attrs members
----------  ----------- ---------- ----------- ----- -------
00000000    00000000    00004148   00004148    r-x
  00000000    00000000    0000026c   0000026c    r-- .intvecs
  0000026c    0000026c    00003836   00003836    r-x .text
  00003aa4    00003aa4    00000648   00000648    r-- .const
  000040f0    000040f0    00000058   00000058    r-- .cinit
20000000    20000000    00000a58   00000000    rw-
  20000000    20000000    0000026c   00000000    rw- .vtable
  2000026c    2000026c    000003c0   00000000    rw- .bss
  20000630    20000630    00000200   00000000    rw- .stack
  20000830    20000830    00000200   00000000    rw- .sysmem
  20000a30    20000a30    00000028   00000000    rw- .data


SECTION ALLOCATION MAP

 output                                  attributes/
section   page    origin      length       input sections
--------  ----  ----------  ----------   ----------------
.intvecs   0    00000000    0000026c     
                  00000000    0000026c     tm4c123gh6pm_startup_ccs.obj (.intvecs)

.text      0    0000026c    00003836     
                  0000026c    00000c84     ustdlib.obj (.text)
                  00000ef0    00000950     OrbitOledGrph.obj (.text)
                  00001840    000003b4     project.obj (.text)
                  00001bf4    0000037c     OrbitOled.obj (.text)
                  00001f70    00000220     buttons4.obj (.text)
                  00002190    00000208     yaw.obj (.text)
                  00002398    00000204     OrbitOledChar.obj (.text)
                  0000259c    000001f4     heliPWM.obj (.text)
                  00002790    0000014c     display.obj (.text)
                  000028dc    00000132     driverlib.lib : gpio.obj (.text:GPIOPadConfigSet)
                  00002a0e    00000118     circBufT.obj (.text)
                  00002b26    00000002     rtsv7M4_T_le_v4SPD16_eabi.lib : _lock.c.obj (.text:_nop)
                  00002b28    00000110     driverlib.lib : sysctl.obj (.text:SysCtlClockGet)
                  00002c38    000000f4                   : sysctl.obj (.text:SysCtlClockSet)
                  00002d2c    000000e0     motorControl.obj (.text)
                  00002e0c    000000d8     rtsv7M4_T_le_v4SPD16_eabi.lib : memory.c.obj (.text:free)
                  00002ee4    0000009c                                   : memcpy_t2.asm.obj (.text)
                  00002f80    0000007a     driverlib.lib : adc.obj (.text:ADCSequenceStepConfigure)
                  00002ffa    0000007a     rtsv7M4_T_le_v4SPD16_eabi.lib : memset_t2.asm.obj (.text)
                  00003074    00000078                                   : memory.c.obj (.text:malloc)
                  000030ec    00000074     USBUART.obj (.text)
                  00003160    0000006c     heliADC.obj (.text)
                  000031cc    00000068     driverlib.lib : interrupt.obj (.text:IntEnable)
                  00003234    00000068     rtsv7M4_T_le_v4SPD16_eabi.lib : copy_decompress_lzss.c.obj (.text:decompress:lzss:__TI_decompress_lzss)
                  0000329c    00000060     driverlib.lib : timer.obj (.text:TimerConfigure)
                  000032fc    0000005c     delay.obj (.text)
                  00003358    00000058     driverlib.lib : gpio.obj (.text:GPIOIntTypeSet)
                  000033b0    00000050                   : adc.obj (.text:ADCSequenceConfigure)
                  00003400    00000050                   : adc.obj (.text:_ADCIntNumberGet)
                  00003450    0000004c                   : gpio.obj (.text:GPIOPinConfigure)
                  0000349c    00000046                   : uart.obj (.text:UARTConfigSetExpClk)
                  000034e2    00000002     rtsv7M4_T_le_v4SPD16_eabi.lib : div0.asm.obj (.text)
                  000034e4    00000044     OrbitOLEDInterface.obj (.text)
                  00003528    00000044     driverlib.lib : gpio.obj (.text:_GPIOIntNumberGet)
                  0000356c    00000044     rtsv7M4_T_le_v4SPD16_eabi.lib : autoinit.c.obj (.text:__TI_auto_init_nobinit_nopinit:__TI_auto_init_nobinit_nopinit)
                  000035b0    00000040                                   : u_divt2.asm.obj (.text)
                  000035f0    0000003c     driverlib.lib : ssi.obj (.text:SSIConfigSetExpClk)
                  0000362c    0000003c     rtsv7M4_T_le_v4SPD16_eabi.lib : memory.c.obj (.text:minsert)
                  00003668    00000038                                   : boot_cortex_m.c.obj (.text:_c_int00_noargs:_c_int00_noargs)
                  000036a0    00000038                                   : memory.c.obj (.text:minit)
                  000036d8    00000034     driverlib.lib : interrupt.obj (.text:IntRegister)
                  0000370c    00000034                   : sysctl.obj (.text:SysCtlPeripheralEnable)
                  00003740    0000002c                   : gpio.obj (.text:GPIODirModeSet)
                  0000376c    0000002a     rtsv7M4_T_le_v4SPD16_eabi.lib : memory.c.obj (.text:calloc)
                  00003796    00000002     --HOLE-- [fill = 0]
                  00003798    00000028                                   : memory.c.obj (.text:mremove)
                  000037c0    00000022     driverlib.lib : pwm.obj (.text:PWMGenConfigure)
                  000037e2    00000002     --HOLE-- [fill = 0]
                  000037e4    00000020                   : uart.obj (.text:UARTDisable)
                  00003804    0000001e                   : adc.obj (.text:ADCSequenceDataGet)
                  00003822    0000001e                   : pwm.obj (.text:PWMPulseWidthSet)
                  00003840    0000001c                   : systick.obj (.text:SysTickIntRegister)
                  0000385c    00000018                   : adc.obj (.text:ADCIntRegister)
                  00003874    00000018                   : adc.obj (.text:ADCProcessorTrigger)
                  0000388c    00000018                   : gpio.obj (.text:GPIOIntRegister)
                  000038a4    00000018                   : gpio.obj (.text:GPIOPinTypeGPIOOutput)
                  000038bc    00000016                   : gpio.obj (.text:GPIOPinTypeGPIOInput)
                  000038d2    00000016                   : gpio.obj (.text:GPIOPinTypePWM)
                  000038e8    00000016                   : gpio.obj (.text:GPIOPinTypeSSI)
                  000038fe    00000016                   : gpio.obj (.text:GPIOPinTypeUART)
                  00003914    00000014                   : sysctl.obj (.text:SysCtlPWMClockSet)
                  00003928    00000014                   : systick.obj (.text:SysTickEnable)
                  0000393c    00000014                   : systick.obj (.text:SysTickIntEnable)
                  00003950    00000014                   : uart.obj (.text:UARTEnable)
                  00003964    00000012                   : pwm.obj (.text:PWMOutputState)
                  00003976    00000010                   : adc.obj (.text:ADCIntEnable)
                  00003986    00000010                   : interrupt.obj (.text:IntMasterEnable)
                  00003996    00000010                   : pwm.obj (.text:PWMGenPeriodSet)
                  000039a6    00000002     --HOLE-- [fill = 0]
                  000039a8    00000010                   : systick.obj (.text:SysTickPeriodSet)
                  000039b8    0000000e                   : adc.obj (.text:ADCSequenceEnable)
                  000039c6    0000000e                   : gpio.obj (.text:GPIOIntStatus)
                  000039d4    0000000e                   : timer.obj (.text:TimerEnable)
                  000039e2    0000000e     rtsv7M4_T_le_v4SPD16_eabi.lib : copy_decompress_none.c.obj (.text:decompress:none:__TI_decompress_none)
                  000039f0    0000000c     driverlib.lib : cpu.obj (.text:CPUcpsie)
                  000039fc    0000000c                   : gpio.obj (.text:GPIOIntEnable)
                  00003a08    0000000c                   : pwm.obj (.text:PWMGenEnable)
                  00003a14    0000000c                   : ssi.obj (.text:SSIDataGet)
                  00003a20    0000000c     rtsv7M4_T_le_v4SPD16_eabi.lib : copy_zero_init.c.obj (.text:decompress:ZI:__TI_zero_init)
                  00003a2c    0000000c     tm4c123gh6pm_startup_ccs.obj (.text)
                  00003a38    0000000a     driverlib.lib : adc.obj (.text:ADCIntClear)
                  00003a42    0000000a                   : ssi.obj (.text:SSIDataPut)
                  00003a4c    0000000a                   : ssi.obj (.text:SSIEnable)
                  00003a56    0000000a                   : timer.obj (.text:TimerValueGet)
                  00003a60    0000000a                   : uart.obj (.text:UARTCharPut)
                  00003a6a    0000000a                   : uart.obj (.text:UARTFIFOEnable)
                  00003a74    00000008                   : ssi.obj (.text:SSIBusy)
                  00003a7c    00000006                   : gpio.obj (.text:GPIOIntClear)
                  00003a82    00000006                   : gpio.obj (.text:GPIOPinRead)
                  00003a88    00000006                   : gpio.obj (.text:GPIOPinWrite)
                  00003a8e    00000006                   : ssi.obj (.text:SSIClockSourceSet)
                  00003a94    00000006                   : sysctl.obj (.text:SysCtlDelay)
                  00003a9a    00000004     rtsv7M4_T_le_v4SPD16_eabi.lib : pre_init.c.obj (.text:_system_pre_init)
                  00003a9e    00000004                                   : exit.c.obj (.text:abort:abort)

.const     0    00003aa4    00000648     
                  00003aa4    00000300     ChrFont0.obj (.const:.string:rgbOledFont0)
                  00003da4    000000d8     driverlib.lib : gpio.obj (.const:g_ppui32GPIOIntMapSnowflake)
                  00003e7c    000000c0                   : gpio.obj (.const:g_ppui32GPIOIntMapBlizzard)
                  00003f3c    00000090                   : gpio.obj (.const:g_pui32GPIOBaseAddrs)
                  00003fcc    0000006c                   : sysctl.obj (.const:g_pui32Xtals)
                  00004038    00000040     FillPat.obj (.const:.string:rgbFillPat)
                  00004078    00000030     ustdlib.obj (.const:g_psDaysToMonth)
                  000040a8    00000018     ustdlib.obj (.const:g_pfExponents)
                  000040c0    00000014     driverlib.lib : interrupt.obj (.const:g_pui32EnRegs)
                  000040d4    00000012     ustdlib.obj (.const:.string)
                  000040e6    00000002     --HOLE-- [fill = 0]
                  000040e8    00000004     ustdlib.obj (.const)

.cinit     0    000040f0    00000058     
                  000040f0    0000001d     (.cinit..data.load) [load image, compression = lzss]
                  0000410d    00000003     --HOLE-- [fill = 0]
                  00004110    0000000c     (__TI_handler_table)
                  0000411c    00000004     --HOLE-- [fill = 0]
                  00004120    00000008     (.cinit..bss.load) [load image, compression = zero_init]
                  00004128    00000008     (.cinit..vtable.load) [load image, compression = zero_init]
                  00004130    00000018     (__TI_cinit_table)

.init_array 
*          0    00000000    00000000     UNINITIALIZED

.vtable    0    20000000    0000026c     UNINITIALIZED
                  20000000    0000026c     driverlib.lib : interrupt.obj (.vtable)

.bss       0    2000026c    000003c0     UNINITIALIZED
                  2000026c    00000200     (.common:rgbOledBmp)
                  2000046c    00000100     (.common:rgbOledFontUser)
                  2000056c    00000014     (.common:g_inBuffer)
                  20000580    00000014     (.common:statusStr)
                  20000594    00000010     (.common:mainRotor)
                  200005a4    00000010     (.common:tailRotor)
                  200005b4    0000000f     project.obj (.bss)
                  200005c3    00000001     (.common:clrOledCur)
                  200005c4    0000000d     yaw.obj (.bss)
                  200005d1    00000001     --HOLE--
                  200005d2    00000002     (.common:yaw)
                  200005d4    00000008     motorControl.obj (.bss)
                  200005dc    00000004     buttons4.obj (.bss:but_count)
                  200005e0    00000004     buttons4.obj (.bss:but_flag)
                  200005e4    00000004     buttons4.obj (.bss:but_normal)
                  200005e8    00000004     buttons4.obj (.bss:but_state)
                  200005ec    00000004     (.common:bnOledCur)
                  200005f0    00000004     (.common:dxcoOledFontCur)
                  200005f4    00000004     (.common:dycoOledFontCur)
                  200005f8    00000004     (.common:fOledCharUpdate)
                  200005fc    00000004     (.common:modOledCur)
                  20000600    00000004     (.common:pbOledCur)
                  20000604    00000004     (.common:pbOledFontCur)
                  20000608    00000004     (.common:pbOledFontUser)
                  2000060c    00000004     (.common:pbOledPatCur)
                  20000610    00000004     (.common:pfnDoRop)
                  20000614    00000004     (.common:xchOledCur)
                  20000618    00000004     (.common:xchOledMax)
                  2000061c    00000004     (.common:xcoOledCur)
                  20000620    00000004     (.common:ychOledCur)
                  20000624    00000004     (.common:ychOledMax)
                  20000628    00000004     (.common:ycoOledCur)

.stack     0    20000630    00000200     UNINITIALIZED
                  20000630    00000004     rtsv7M4_T_le_v4SPD16_eabi.lib : boot_cortex_m.c.obj (.stack)
                  20000634    000001fc     --HOLE--

.sysmem    0    20000830    00000200     UNINITIALIZED
                  20000830    00000008     rtsv7M4_T_le_v4SPD16_eabi.lib : memory.c.obj (.sysmem)
                  20000838    000001f8     --HOLE--

.data      0    20000a30    00000028     UNINITIALIZED
                  20000a30    0000000d     project.obj (.data)
                  20000a3d    00000003     --HOLE--
                  20000a40    0000000c     rtsv7M4_T_le_v4SPD16_eabi.lib : memory.c.obj (.data:$O1$$)
                  20000a4c    00000008                                   : _lock.c.obj (.data:$O1$$)
                  20000a54    00000004     ustdlib.obj (.data)

MODULE SUMMARY

       Module                         code    ro data   rw data
       ------                         ----    -------   -------
    ./
       ustdlib.obj                    3204    94        4      
       project.obj                    948     0         102    
       tm4c123gh6pm_startup_ccs.obj   12      620       0      
    +--+------------------------------+-------+---------+---------+
       Total:                         4164    714       106    
                                                               
    ./HeliModules/
       buttons4.obj                   544     0         16     
       yaw.obj                        520     0         13     
       heliPWM.obj                    500     0         0      
       display.obj                    332     0         0      
       circBufT.obj                   280     0         0      
       motorControl.obj               224     0         8      
       USBUART.obj                    116     0         0      
       heliADC.obj                    108     0         0      
    +--+------------------------------+-------+---------+---------+
       Total:                         2624    0         37     
                                                               
    ./OrbitOLED/
       OrbitOLEDInterface.obj         68      0         0      
    +--+------------------------------+-------+---------+---------+
       Total:                         68      0         0      
                                                               
    ./OrbitOLED/lib_OrbitOled/
       OrbitOledGrph.obj              2384    0         8      
       OrbitOled.obj                  892     0         553    
       OrbitOledChar.obj              516     0         272    
       ChrFont0.obj                   0       768       0      
       delay.obj                      92      0         0      
       FillPat.obj                    0       64        0      
    +--+------------------------------+-------+---------+---------+
       Total:                         3884    832       833    
                                                               
    /Applications/ti/ccsv8/tools/compiler/ti-cgt-arm_18.1.4.LTS/include/TivaWare_C_Series-2.1.4.178/driverlib/ccs/Debug/driverlib.lib
       gpio.obj                       762     552       0      
       interrupt.obj                  172     20        620    
       sysctl.obj                     594     108       0      
       adc.obj                        400     0         0      
       uart.obj                       142     0         0      
       timer.obj                      120     0         0      
       pwm.obj                        110     0         0      
       ssi.obj                        106     0         0      
       systick.obj                    84      0         0      
       cpu.obj                        12      0         0      
    +--+------------------------------+-------+---------+---------+
       Total:                         2502    680       620    
                                                               
    /Applications/ti/ccsv8/tools/compiler/ti-cgt-arm_18.1.5.LTS/lib/rtsv7M4_T_le_v4SPD16_eabi.lib
       memory.c.obj                   534     0         12     
       memcpy_t2.asm.obj              156     0         0      
       memset_t2.asm.obj              122     0         0      
       copy_decompress_lzss.c.obj     104     0         0      
       autoinit.c.obj                 68      0         0      
       u_divt2.asm.obj                64      0         0      
       boot_cortex_m.c.obj            56      0         0      
       copy_decompress_none.c.obj     14      0         0      
       copy_zero_init.c.obj           12      0         0      
       _lock.c.obj                    2       0         8      
       exit.c.obj                     4       0         0      
       pre_init.c.obj                 4       0         0      
       div0.asm.obj                   2       0         0      
    +--+------------------------------+-------+---------+---------+
       Total:                         1142    0         20     
                                                               
       Heap:                          0       0         512    
       Stack:                         0       0         512    
       Linker Generated:              0       81        0      
    +--+------------------------------+-------+---------+---------+
       Grand Total:                   14384   2307      2640   


LINKER GENERATED COPY TABLES

__TI_cinit_table @ 00004130 records: 3, size/record: 8, table size: 24
	.data: load addr=000040f0, load size=0000001d bytes, run addr=20000a30, run size=00000028 bytes, compression=lzss
	.bss: load addr=00004120, load size=00000008 bytes, run addr=2000026c, run size=000003c0 bytes, compression=zero_init
	.vtable: load addr=00004128, load size=00000008 bytes, run addr=20000000, run size=0000026c bytes, compression=zero_init


LINKER GENERATED HANDLER TABLE

__TI_handler_table @ 00004110 records: 3, size/record: 4, table size: 12
	index: 0, handler: __TI_zero_init
	index: 1, handler: __TI_decompress_lzss
	index: 2, handler: __TI_decompress_none


GLOBAL SYMBOLS: SORTED ALPHABETICALLY BY Name 

address   name                          
-------   ----                          
00003a39  ADCIntClear                   
00003977  ADCIntEnable                  
00003161  ADCIntHandler                 
0000385d  ADCIntRegister                
00003875  ADCProcessorTrigger           
000033b1  ADCSequenceConfigure          
00003805  ADCSequenceDataGet            
000039b9  ADCSequenceEnable             
00002f81  ADCSequenceStepConfigure      
00003a9f  C$$EXIT                       
000039f1  CPUcpsie                      
000032fd  DelayInit                     
00003317  DelayMs                       
00003741  GPIODirModeSet                
00003a7d  GPIOIntClear                  
000039fd  GPIOIntEnable                 
0000388d  GPIOIntRegister               
000039c7  GPIOIntStatus                 
00003359  GPIOIntTypeSet                
000028dd  GPIOPadConfigSet              
00003451  GPIOPinConfigure              
00003a83  GPIOPinRead                   
000038bd  GPIOPinTypeGPIOInput          
000038a5  GPIOPinTypeGPIOOutput         
000038d3  GPIOPinTypePWM                
000038e9  GPIOPinTypeSSI                
000038ff  GPIOPinTypeUART               
00003a89  GPIOPinWrite                  
000031cd  IntEnable                     
00003987  IntMasterEnable               
000036d9  IntRegister                   
0000350b  OLEDInitialise                
000034e5  OLEDStringDraw                
00002531  OrbitOledAdvanceCursor        
000017e1  OrbitOledClampXco             
00001801  OrbitOledClampYco             
00001dd1  OrbitOledClear                
00001ddd  OrbitOledClearBuffer          
00002401  OrbitOledDefUserChar          
00001d4d  OrbitOledDevInit              
00001623  OrbitOledDrawChar             
000024b9  OrbitOledDrawGlyph            
00000fe7  OrbitOledDrawPixel            
0000112d  OrbitOledDrawRect             
00001683  OrbitOledDrawString           
00001cd3  OrbitOledDvrInit              
000011b1  OrbitOledFillRect             
000012f5  OrbitOledGetBmp               
00002469  OrbitOledGetCharUpdate        
000023e5  OrbitOledGetCursor            
00000fe1  OrbitOledGetDrawMode          
00001013  OrbitOledGetPixel             
00000f37  OrbitOledGetPos               
00000f6b  OrbitOledGetStdPattern        
00001c09  OrbitOledHostInit             
00001bf5  OrbitOledInit                 
0000102d  OrbitOledLineTo               
00001779  OrbitOledMoveDown             
000017af  OrbitOledMoveLeft             
000017c7  OrbitOledMoveRight            
00000ef1  OrbitOledMoveTo               
00001741  OrbitOledMoveUp               
00001455  OrbitOledPutBmp               
00001e67  OrbitOledPutBuffer            
0000246f  OrbitOledPutChar              
0000248d  OrbitOledPutString            
000016ef  OrbitOledRopAnd               
000016cb  OrbitOledRopOr                
000016a1  OrbitOledRopSet               
00001713  OrbitOledRopXor               
00002451  OrbitOledSetCharUpdate        
00002399  OrbitOledSetCursor            
00000f53  OrbitOledSetDrawColor         
00000f8d  OrbitOledSetDrawMode          
00000f7d  OrbitOledSetFillPattern       
00001e0d  OrbitOledUpdate               
000037c1  PWMGenConfigure               
00003a09  PWMGenEnable                  
00003997  PWMGenPeriodSet               
00003965  PWMOutputState                
00003823  PWMPulseWidthSet              
00003a2d  ResetISR                      
00003a75  SSIBusy                       
00003a8f  SSIClockSourceSet             
000035f1  SSIConfigSetExpClk            
00003a15  SSIDataGet                    
00003a43  SSIDataPut                    
00003a4d  SSIEnable                     
00001ecd  Ssi3PutByte                   
00002b29  SysCtlClockGet                
00002c39  SysCtlClockSet                
00003a95  SysCtlDelay                   
00003915  SysCtlPWMClockSet             
0000370d  SysCtlPeripheralEnable        
00003929  SysTickEnable                 
0000393d  SysTickIntEnable              
00001841  SysTickIntHandler             
00003841  SysTickIntRegister            
000039a9  SysTickPeriodSet              
0000329d  TimerConfigure                
000039d5  TimerEnable                   
00003a57  TimerValueGet                 
00003a61  UARTCharPut                   
0000349d  UARTConfigSetExpClk           
000037e5  UARTDisable                   
00003951  UARTEnable                    
00003a6b  UARTFIFOEnable                
00003133  UARTSend                      
20000830  __STACK_END                   
00000200  __STACK_SIZE                  
20000830  __STACK_TOP                   
00000200  __SYSMEM_SIZE                 
00004130  __TI_CINIT_Base               
00004148  __TI_CINIT_Limit              
00004110  __TI_Handler_Table_Base       
0000411c  __TI_Handler_Table_Limit      
0000356d  __TI_auto_init_nobinit_nopinit
00003235  __TI_decompress_lzss          
000039e3  __TI_decompress_none          
ffffffff  __TI_pprof_out_hndl           
ffffffff  __TI_prof_data_size           
ffffffff  __TI_prof_data_start          
00000000  __TI_static_base__            
00003a21  __TI_zero_init                
000034e3  __aeabi_idiv0                 
000034e3  __aeabi_ldiv0                 
00002ffb  __aeabi_memclr                
00002ffb  __aeabi_memclr4               
00002ffb  __aeabi_memclr8               
00002ee5  __aeabi_memcpy                
00002ee5  __aeabi_memcpy4               
00002ee5  __aeabi_memcpy8               
00002ffd  __aeabi_memset                
00002ffd  __aeabi_memset4               
00002ffd  __aeabi_memset8               
000035b1  __aeabi_uidiv                 
000035b1  __aeabi_uidivmod              
ffffffff  __binit__                     
ffffffff  __c_args__                    
UNDEFED   __mpu_init                    
20000630  __stack                       
00003669  _c_int00_noargs               
20000a4c  _lock                         
00002b27  _nop                          
20000830  _sys_memory                   
UNDEFED   _system_post_cinit            
00003a9b  _system_pre_init              
20000a50  _unlock                       
00003a9f  abort                         
ffffffff  binit                         
200005ec  bnOledCur                     
00002dd9  calcAltError                  
00002ad3  calcMean                      
00002deb  calcYawError                  
0000376d  calloc                        
00002113  checkButton                   
200005c3  clrOledCur                    
00001971  controlDuty                   
00002813  displayMeanVal                
0000287b  displayPWM                    
00002851  displayYaw                    
200005f0  dxcoOledFontCur               
200005f4  dycoOledFontCur               
200005f8  fOledCharUpdate               
00002e0d  free                          
00002aad  freeCircBuf                   
2000056c  g_inBuffer                    
20000000  g_pfnRAMVectors               
00000000  g_pfnVectors                  
000018c7  handleHMI                     
0000317f  initADC                       
000018af  initAltitude                  
00001f71  initButtons                   
00002a0f  initCircBuf                   
00001879  initClock                     
00002791  initDisplay                   
0000259d  initPWMMain                   
00002631  initPWMTail                   
000030ed  initUSB_UART                  
00002263  initYaw                       
00002db9  integrate                     
00001a7d  main                          
20000594  mainRotor                     
00003075  malloc                        
00002799  map                           
000027d9  mapAlt                        
000022f3  mapYaw2Deg                    
00002ee5  memcpy                        
00003003  memset                        
000036a1  minit                         
200005fc  modOledCur                    
00002727  motorPower                    
20000600  pbOledCur                     
20000604  pbOledFontCur                 
20000608  pbOledFontUser                
2000060c  pbOledPatCur                  
20000610  pfnDoRop                      
00002a79  readCircBuf                   
00004038  rgbFillPat                    
2000026c  rgbOledBmp                    
00003aa4  rgbOledFont0                  
2000046c  rgbOledFontUser               
000026bd  setPWM                        
20000a30  slowTick                      
20000580  statusStr                     
200005a4  tailRotor                     
00000751  ulocaltime                    
0000094f  umktime                       
0000203f  updateButtons                 
000019f5  updateDesired                 
00002d2d  updateMotors                  
00000ec9  urand                         
00000721  usnprintf                     
000006ef  usprintf                      
00000eb9  usrand                        
00000e31  ustrcasecmp                   
00000ea5  ustrcmp                       
00000d35  ustrlen                       
00000d8d  ustrncasecmp                  
00000e45  ustrncmp                      
0000026d  ustrncpy                      
00000d57  ustrstr                       
00000afd  ustrtof                       
000009c5  ustrtoul                      
000002c5  uvsnprintf                    
00002a3f  writeCircBuf                  
20000614  xchOledCur                    
20000618  xchOledMax                    
2000061c  xcoOledCur                    
200005d2  yaw                           
00002191  yawIntHandler                 
00002247  yawRefIntHandler              
20000620  ychOledCur                    
20000624  ychOledMax                    
20000628  ycoOledCur                    


GLOBAL SYMBOLS: SORTED BY Symbol Address 

address   name                          
-------   ----                          
00000000  __TI_static_base__            
00000000  g_pfnVectors                  
00000200  __STACK_SIZE                  
00000200  __SYSMEM_SIZE                 
0000026d  ustrncpy                      
000002c5  uvsnprintf                    
000006ef  usprintf                      
00000721  usnprintf                     
00000751  ulocaltime                    
0000094f  umktime                       
000009c5  ustrtoul                      
00000afd  ustrtof                       
00000d35  ustrlen                       
00000d57  ustrstr                       
00000d8d  ustrncasecmp                  
00000e31  ustrcasecmp                   
00000e45  ustrncmp                      
00000ea5  ustrcmp                       
00000eb9  usrand                        
00000ec9  urand                         
00000ef1  OrbitOledMoveTo               
00000f37  OrbitOledGetPos               
00000f53  OrbitOledSetDrawColor         
00000f6b  OrbitOledGetStdPattern        
00000f7d  OrbitOledSetFillPattern       
00000f8d  OrbitOledSetDrawMode          
00000fe1  OrbitOledGetDrawMode          
00000fe7  OrbitOledDrawPixel            
00001013  OrbitOledGetPixel             
0000102d  OrbitOledLineTo               
0000112d  OrbitOledDrawRect             
000011b1  OrbitOledFillRect             
000012f5  OrbitOledGetBmp               
00001455  OrbitOledPutBmp               
00001623  OrbitOledDrawChar             
00001683  OrbitOledDrawString           
000016a1  OrbitOledRopSet               
000016cb  OrbitOledRopOr                
000016ef  OrbitOledRopAnd               
00001713  OrbitOledRopXor               
00001741  OrbitOledMoveUp               
00001779  OrbitOledMoveDown             
000017af  OrbitOledMoveLeft             
000017c7  OrbitOledMoveRight            
000017e1  OrbitOledClampXco             
00001801  OrbitOledClampYco             
00001841  SysTickIntHandler             
00001879  initClock                     
000018af  initAltitude                  
000018c7  handleHMI                     
00001971  controlDuty                   
000019f5  updateDesired                 
00001a7d  main                          
00001bf5  OrbitOledInit                 
00001c09  OrbitOledHostInit             
00001cd3  OrbitOledDvrInit              
00001d4d  OrbitOledDevInit              
00001dd1  OrbitOledClear                
00001ddd  OrbitOledClearBuffer          
00001e0d  OrbitOledUpdate               
00001e67  OrbitOledPutBuffer            
00001ecd  Ssi3PutByte                   
00001f71  initButtons                   
0000203f  updateButtons                 
00002113  checkButton                   
00002191  yawIntHandler                 
00002247  yawRefIntHandler              
00002263  initYaw                       
000022f3  mapYaw2Deg                    
00002399  OrbitOledSetCursor            
000023e5  OrbitOledGetCursor            
00002401  OrbitOledDefUserChar          
00002451  OrbitOledSetCharUpdate        
00002469  OrbitOledGetCharUpdate        
0000246f  OrbitOledPutChar              
0000248d  OrbitOledPutString            
000024b9  OrbitOledDrawGlyph            
00002531  OrbitOledAdvanceCursor        
0000259d  initPWMMain                   
00002631  initPWMTail                   
000026bd  setPWM                        
00002727  motorPower                    
00002791  initDisplay                   
00002799  map                           
000027d9  mapAlt                        
00002813  displayMeanVal                
00002851  displayYaw                    
0000287b  displayPWM                    
000028dd  GPIOPadConfigSet              
00002a0f  initCircBuf                   
00002a3f  writeCircBuf                  
00002a79  readCircBuf                   
00002aad  freeCircBuf                   
00002ad3  calcMean                      
00002b27  _nop                          
00002b29  SysCtlClockGet                
00002c39  SysCtlClockSet                
00002d2d  updateMotors                  
00002db9  integrate                     
00002dd9  calcAltError                  
00002deb  calcYawError                  
00002e0d  free                          
00002ee5  __aeabi_memcpy                
00002ee5  __aeabi_memcpy4               
00002ee5  __aeabi_memcpy8               
00002ee5  memcpy                        
00002f81  ADCSequenceStepConfigure      
00002ffb  __aeabi_memclr                
00002ffb  __aeabi_memclr4               
00002ffb  __aeabi_memclr8               
00002ffd  __aeabi_memset                
00002ffd  __aeabi_memset4               
00002ffd  __aeabi_memset8               
00003003  memset                        
00003075  malloc                        
000030ed  initUSB_UART                  
00003133  UARTSend                      
00003161  ADCIntHandler                 
0000317f  initADC                       
000031cd  IntEnable                     
00003235  __TI_decompress_lzss          
0000329d  TimerConfigure                
000032fd  DelayInit                     
00003317  DelayMs                       
00003359  GPIOIntTypeSet                
000033b1  ADCSequenceConfigure          
00003451  GPIOPinConfigure              
0000349d  UARTConfigSetExpClk           
000034e3  __aeabi_idiv0                 
000034e3  __aeabi_ldiv0                 
000034e5  OLEDStringDraw                
0000350b  OLEDInitialise                
0000356d  __TI_auto_init_nobinit_nopinit
000035b1  __aeabi_uidiv                 
000035b1  __aeabi_uidivmod              
000035f1  SSIConfigSetExpClk            
00003669  _c_int00_noargs               
000036a1  minit                         
000036d9  IntRegister                   
0000370d  SysCtlPeripheralEnable        
00003741  GPIODirModeSet                
0000376d  calloc                        
000037c1  PWMGenConfigure               
000037e5  UARTDisable                   
00003805  ADCSequenceDataGet            
00003823  PWMPulseWidthSet              
00003841  SysTickIntRegister            
0000385d  ADCIntRegister                
00003875  ADCProcessorTrigger           
0000388d  GPIOIntRegister               
000038a5  GPIOPinTypeGPIOOutput         
000038bd  GPIOPinTypeGPIOInput          
000038d3  GPIOPinTypePWM                
000038e9  GPIOPinTypeSSI                
000038ff  GPIOPinTypeUART               
00003915  SysCtlPWMClockSet             
00003929  SysTickEnable                 
0000393d  SysTickIntEnable              
00003951  UARTEnable                    
00003965  PWMOutputState                
00003977  ADCIntEnable                  
00003987  IntMasterEnable               
00003997  PWMGenPeriodSet               
000039a9  SysTickPeriodSet              
000039b9  ADCSequenceEnable             
000039c7  GPIOIntStatus                 
000039d5  TimerEnable                   
000039e3  __TI_decompress_none          
000039f1  CPUcpsie                      
000039fd  GPIOIntEnable                 
00003a09  PWMGenEnable                  
00003a15  SSIDataGet                    
00003a21  __TI_zero_init                
00003a2d  ResetISR                      
00003a39  ADCIntClear                   
00003a43  SSIDataPut                    
00003a4d  SSIEnable                     
00003a57  TimerValueGet                 
00003a61  UARTCharPut                   
00003a6b  UARTFIFOEnable                
00003a75  SSIBusy                       
00003a7d  GPIOIntClear                  
00003a83  GPIOPinRead                   
00003a89  GPIOPinWrite                  
00003a8f  SSIClockSourceSet             
00003a95  SysCtlDelay                   
00003a9b  _system_pre_init              
00003a9f  C$$EXIT                       
00003a9f  abort                         
00003aa4  rgbOledFont0                  
00004038  rgbFillPat                    
00004110  __TI_Handler_Table_Base       
0000411c  __TI_Handler_Table_Limit      
00004130  __TI_CINIT_Base               
00004148  __TI_CINIT_Limit              
20000000  g_pfnRAMVectors               
2000026c  rgbOledBmp                    
2000046c  rgbOledFontUser               
2000056c  g_inBuffer                    
20000580  statusStr                     
20000594  mainRotor                     
200005a4  tailRotor                     
200005c3  clrOledCur                    
200005d2  yaw                           
200005ec  bnOledCur                     
200005f0  dxcoOledFontCur               
200005f4  dycoOledFontCur               
200005f8  fOledCharUpdate               
200005fc  modOledCur                    
20000600  pbOledCur                     
20000604  pbOledFontCur                 
20000608  pbOledFontUser                
2000060c  pbOledPatCur                  
20000610  pfnDoRop                      
20000614  xchOledCur                    
20000618  xchOledMax                    
2000061c  xcoOledCur                    
20000620  ychOledCur                    
20000624  ychOledMax                    
20000628  ycoOledCur                    
20000630  __stack                       
20000830  __STACK_END                   
20000830  __STACK_TOP                   
20000830  _sys_memory                   
20000a30  slowTick                      
20000a4c  _lock                         
20000a50  _unlock                       
ffffffff  __TI_pprof_out_hndl           
ffffffff  __TI_prof_data_size           
ffffffff  __TI_prof_data_start          
ffffffff  __binit__                     
ffffffff  __c_args__                    
ffffffff  binit                         
UNDEFED   __mpu_init                    
UNDEFED   _system_post_cinit            

[235 symbols]
