<?xml version="1.0" encoding="ISO-8859-1" ?>
<link_info>
   <banner>TI ARM Linker Unix v18.1.5.LTS</banner>
   <copyright>Copyright (c) 1996-2018 Texas Instruments Incorporated</copyright>
   <link_time>0x5c906434</link_time>
   <link_errors>0x0</link_errors>
   <output_file>Project.out</output_file>
   <entry_point>
      <name>_c_int00_noargs</name>
      <address>0x2eb5</address>
   </entry_point>
   <input_file_list>
      <input_file id="fl-2">
         <path>./</path>
         <kind>object</kind>
         <file>buttons4.obj</file>
         <name>buttons4.obj</name>
      </input_file>
      <input_file id="fl-3">
         <path>./</path>
         <kind>object</kind>
         <file>circBufT.obj</file>
         <name>circBufT.obj</name>
      </input_file>
      <input_file id="fl-4">
         <path>./</path>
         <kind>object</kind>
         <file>milestone1.obj</file>
         <name>milestone1.obj</name>
      </input_file>
      <input_file id="fl-5">
         <path>./</path>
         <kind>object</kind>
         <file>tm4c123gh6pm_startup_ccs.obj</file>
         <name>tm4c123gh6pm_startup_ccs.obj</name>
      </input_file>
      <input_file id="fl-6">
         <path>./</path>
         <kind>object</kind>
         <file>ustdlib.obj</file>
         <name>ustdlib.obj</name>
      </input_file>
      <input_file id="fl-7">
         <path>./OrbitOLED/</path>
         <kind>object</kind>
         <file>OrbitOLEDInterface.obj</file>
         <name>OrbitOLEDInterface.obj</name>
      </input_file>
      <input_file id="fl-8">
         <path>./OrbitOLED/lib_OrbitOled/</path>
         <kind>object</kind>
         <file>ChrFont0.obj</file>
         <name>ChrFont0.obj</name>
      </input_file>
      <input_file id="fl-9">
         <path>./OrbitOLED/lib_OrbitOled/</path>
         <kind>object</kind>
         <file>FillPat.obj</file>
         <name>FillPat.obj</name>
      </input_file>
      <input_file id="fl-a">
         <path>./OrbitOLED/lib_OrbitOled/</path>
         <kind>object</kind>
         <file>OrbitOled.obj</file>
         <name>OrbitOled.obj</name>
      </input_file>
      <input_file id="fl-b">
         <path>./OrbitOLED/lib_OrbitOled/</path>
         <kind>object</kind>
         <file>OrbitOledChar.obj</file>
         <name>OrbitOledChar.obj</name>
      </input_file>
      <input_file id="fl-c">
         <path>./OrbitOLED/lib_OrbitOled/</path>
         <kind>object</kind>
         <file>OrbitOledGrph.obj</file>
         <name>OrbitOledGrph.obj</name>
      </input_file>
      <input_file id="fl-d">
         <path>./OrbitOLED/lib_OrbitOled/</path>
         <kind>object</kind>
         <file>delay.obj</file>
         <name>delay.obj</name>
      </input_file>
      <input_file id="fl-12">
         <kind>object</kind>
         <file>&lt;internal&gt;</file>
         <name>&lt;internal&gt;</name>
      </input_file>
      <input_file id="fl-c8">
         <path>/Applications/ti/ccsv8/tools/compiler/ti-cgt-arm_18.1.5.LTS/lib/</path>
         <kind>archive</kind>
         <file>rtsv7M4_T_le_v4SPD16_eabi.lib</file>
         <name>u_divt2.asm.obj</name>
      </input_file>
      <input_file id="fl-c9">
         <path>/Applications/ti/ccsv8/tools/compiler/ti-cgt-arm_18.1.5.LTS/lib/</path>
         <kind>archive</kind>
         <file>rtsv7M4_T_le_v4SPD16_eabi.lib</file>
         <name>copy_zero_init.c.obj</name>
      </input_file>
      <input_file id="fl-ca">
         <path>/Applications/ti/ccsv8/tools/compiler/ti-cgt-arm_18.1.5.LTS/lib/</path>
         <kind>archive</kind>
         <file>rtsv7M4_T_le_v4SPD16_eabi.lib</file>
         <name>copy_decompress_none.c.obj</name>
      </input_file>
      <input_file id="fl-cb">
         <path>/Applications/ti/ccsv8/tools/compiler/ti-cgt-arm_18.1.5.LTS/lib/</path>
         <kind>archive</kind>
         <file>rtsv7M4_T_le_v4SPD16_eabi.lib</file>
         <name>copy_decompress_lzss.c.obj</name>
      </input_file>
      <input_file id="fl-cc">
         <path>/Applications/ti/ccsv8/tools/compiler/ti-cgt-arm_18.1.5.LTS/lib/</path>
         <kind>archive</kind>
         <file>rtsv7M4_T_le_v4SPD16_eabi.lib</file>
         <name>boot_cortex_m.c.obj</name>
      </input_file>
      <input_file id="fl-cd">
         <path>/Applications/ti/ccsv8/tools/compiler/ti-cgt-arm_18.1.5.LTS/lib/</path>
         <kind>archive</kind>
         <file>rtsv7M4_T_le_v4SPD16_eabi.lib</file>
         <name>exit.c.obj</name>
      </input_file>
      <input_file id="fl-ce">
         <path>/Applications/ti/ccsv8/tools/compiler/ti-cgt-arm_18.1.5.LTS/lib/</path>
         <kind>archive</kind>
         <file>rtsv7M4_T_le_v4SPD16_eabi.lib</file>
         <name>memory.c.obj</name>
      </input_file>
      <input_file id="fl-cf">
         <path>/Applications/ti/ccsv8/tools/compiler/ti-cgt-arm_18.1.5.LTS/lib/</path>
         <kind>archive</kind>
         <file>rtsv7M4_T_le_v4SPD16_eabi.lib</file>
         <name>_lock.c.obj</name>
      </input_file>
      <input_file id="fl-d0">
         <path>/Applications/ti/ccsv8/tools/compiler/ti-cgt-arm_18.1.5.LTS/lib/</path>
         <kind>archive</kind>
         <file>rtsv7M4_T_le_v4SPD16_eabi.lib</file>
         <name>args_main.c.obj</name>
      </input_file>
      <input_file id="fl-d1">
         <path>/Applications/ti/ccsv8/tools/compiler/ti-cgt-arm_18.1.5.LTS/lib/</path>
         <kind>archive</kind>
         <file>rtsv7M4_T_le_v4SPD16_eabi.lib</file>
         <name>div0.asm.obj</name>
      </input_file>
      <input_file id="fl-d2">
         <path>/Applications/ti/ccsv8/tools/compiler/ti-cgt-arm_18.1.5.LTS/lib/</path>
         <kind>archive</kind>
         <file>rtsv7M4_T_le_v4SPD16_eabi.lib</file>
         <name>memset_t2.asm.obj</name>
      </input_file>
      <input_file id="fl-d3">
         <path>/Applications/ti/ccsv8/tools/compiler/ti-cgt-arm_18.1.5.LTS/lib/</path>
         <kind>archive</kind>
         <file>rtsv7M4_T_le_v4SPD16_eabi.lib</file>
         <name>memcpy_t2.asm.obj</name>
      </input_file>
      <input_file id="fl-d4">
         <path>/Applications/ti/ccsv8/tools/compiler/ti-cgt-arm_18.1.5.LTS/lib/</path>
         <kind>archive</kind>
         <file>rtsv7M4_T_le_v4SPD16_eabi.lib</file>
         <name>autoinit.c.obj</name>
      </input_file>
      <input_file id="fl-d5">
         <path>/Applications/ti/ccsv8/tools/compiler/ti-cgt-arm_18.1.5.LTS/lib/</path>
         <kind>archive</kind>
         <file>rtsv7M4_T_le_v4SPD16_eabi.lib</file>
         <name>pre_init.c.obj</name>
      </input_file>
      <input_file id="fl-d6">
         <path>/Applications/ti/ccsv8/tools/compiler/ti-cgt-arm_18.1.5.LTS/lib/</path>
         <kind>archive</kind>
         <file>rtsv7M4_T_le_v4SPD16_eabi.lib</file>
         <name>cpy_tbl.c.obj</name>
      </input_file>
      <input_file id="fl-d7">
         <path>/Applications/ti/ccsv8/tools/compiler/ti-cgt-arm_18.1.4.LTS/include/TivaWare_C_Series-2.1.4.178/driverlib/ccs/Debug/</path>
         <kind>archive</kind>
         <file>driverlib.lib</file>
         <name>adc.obj</name>
      </input_file>
      <input_file id="fl-d8">
         <path>/Applications/ti/ccsv8/tools/compiler/ti-cgt-arm_18.1.4.LTS/include/TivaWare_C_Series-2.1.4.178/driverlib/ccs/Debug/</path>
         <kind>archive</kind>
         <file>driverlib.lib</file>
         <name>gpio.obj</name>
      </input_file>
      <input_file id="fl-d9">
         <path>/Applications/ti/ccsv8/tools/compiler/ti-cgt-arm_18.1.4.LTS/include/TivaWare_C_Series-2.1.4.178/driverlib/ccs/Debug/</path>
         <kind>archive</kind>
         <file>driverlib.lib</file>
         <name>interrupt.obj</name>
      </input_file>
      <input_file id="fl-da">
         <path>/Applications/ti/ccsv8/tools/compiler/ti-cgt-arm_18.1.4.LTS/include/TivaWare_C_Series-2.1.4.178/driverlib/ccs/Debug/</path>
         <kind>archive</kind>
         <file>driverlib.lib</file>
         <name>ssi.obj</name>
      </input_file>
      <input_file id="fl-db">
         <path>/Applications/ti/ccsv8/tools/compiler/ti-cgt-arm_18.1.4.LTS/include/TivaWare_C_Series-2.1.4.178/driverlib/ccs/Debug/</path>
         <kind>archive</kind>
         <file>driverlib.lib</file>
         <name>sysctl.obj</name>
      </input_file>
      <input_file id="fl-dc">
         <path>/Applications/ti/ccsv8/tools/compiler/ti-cgt-arm_18.1.4.LTS/include/TivaWare_C_Series-2.1.4.178/driverlib/ccs/Debug/</path>
         <kind>archive</kind>
         <file>driverlib.lib</file>
         <name>systick.obj</name>
      </input_file>
      <input_file id="fl-dd">
         <path>/Applications/ti/ccsv8/tools/compiler/ti-cgt-arm_18.1.4.LTS/include/TivaWare_C_Series-2.1.4.178/driverlib/ccs/Debug/</path>
         <kind>archive</kind>
         <file>driverlib.lib</file>
         <name>timer.obj</name>
      </input_file>
      <input_file id="fl-de">
         <path>/Applications/ti/ccsv8/tools/compiler/ti-cgt-arm_18.1.4.LTS/include/TivaWare_C_Series-2.1.4.178/driverlib/ccs/Debug/</path>
         <kind>archive</kind>
         <file>driverlib.lib</file>
         <name>uart.obj</name>
      </input_file>
      <input_file id="fl-df">
         <path>/Applications/ti/ccsv8/tools/compiler/ti-cgt-arm_18.1.4.LTS/include/TivaWare_C_Series-2.1.4.178/driverlib/ccs/Debug/</path>
         <kind>archive</kind>
         <file>driverlib.lib</file>
         <name>cpu.obj</name>
      </input_file>
   </input_file_list>
   <object_component_list>
      <object_component id="oc-f">
         <name>.intvecs</name>
         <load_address>0x0</load_address>
         <run_address>0x0</run_address>
         <size>0x26c</size>
         <input_file_ref idref="fl-5"/>
      </object_component>
      <object_component id="oc-168">
         <name>.text</name>
         <load_address>0x26c</load_address>
         <run_address>0x26c</run_address>
         <size>0xc84</size>
         <input_file_ref idref="fl-6"/>
      </object_component>
      <object_component id="oc-2db">
         <name>.text</name>
         <load_address>0xef0</load_address>
         <run_address>0xef0</run_address>
         <size>0x950</size>
         <input_file_ref idref="fl-c"/>
      </object_component>
      <object_component id="oc-9f">
         <name>.text</name>
         <load_address>0x1840</load_address>
         <run_address>0x1840</run_address>
         <size>0x404</size>
         <input_file_ref idref="fl-4"/>
      </object_component>
      <object_component id="oc-221">
         <name>.text</name>
         <load_address>0x1c44</load_address>
         <run_address>0x1c44</run_address>
         <size>0x37c</size>
         <input_file_ref idref="fl-a"/>
      </object_component>
      <object_component id="oc-de">
         <name>.text</name>
         <load_address>0x1fc0</load_address>
         <run_address>0x1fc0</run_address>
         <size>0x220</size>
         <input_file_ref idref="fl-2"/>
      </object_component>
      <object_component id="oc-21b">
         <name>.text</name>
         <load_address>0x21e0</load_address>
         <run_address>0x21e0</run_address>
         <size>0x204</size>
         <input_file_ref idref="fl-b"/>
      </object_component>
      <object_component id="oc-1ce">
         <name>.text:GPIOPadConfigSet</name>
         <load_address>0x23e4</load_address>
         <run_address>0x23e4</run_address>
         <size>0x132</size>
         <input_file_ref idref="fl-d8"/>
      </object_component>
      <object_component id="oc-355">
         <name>.text:_nop</name>
         <load_address>0x2516</load_address>
         <run_address>0x2516</run_address>
         <size>0x2</size>
         <input_file_ref idref="fl-cf"/>
      </object_component>
      <object_component id="oc-fc">
         <name>.text:SysCtlClockGet</name>
         <load_address>0x2518</load_address>
         <run_address>0x2518</run_address>
         <size>0x110</size>
         <input_file_ref idref="fl-db"/>
      </object_component>
      <object_component id="oc-f6">
         <name>.text:SysCtlClockSet</name>
         <load_address>0x2628</load_address>
         <run_address>0x2628</run_address>
         <size>0xf4</size>
         <input_file_ref idref="fl-db"/>
      </object_component>
      <object_component id="oc-1ee">
         <name>.text:free</name>
         <load_address>0x271c</load_address>
         <run_address>0x271c</run_address>
         <size>0xd8</size>
         <input_file_ref idref="fl-ce"/>
      </object_component>
      <object_component id="oc-ea">
         <name>.text</name>
         <load_address>0x27f4</load_address>
         <run_address>0x27f4</run_address>
         <size>0xb8</size>
         <input_file_ref idref="fl-3"/>
      </object_component>
      <object_component id="oc-3b">
         <name>.text</name>
         <load_address>0x28ac</load_address>
         <run_address>0x28ac</run_address>
         <size>0x9c</size>
         <input_file_ref idref="fl-d3"/>
      </object_component>
      <object_component id="oc-126">
         <name>.text:ADCSequenceStepConfigure</name>
         <load_address>0x2948</load_address>
         <run_address>0x2948</run_address>
         <size>0x7a</size>
         <input_file_ref idref="fl-d7"/>
      </object_component>
      <object_component id="oc-93">
         <name>.text</name>
         <load_address>0x29c2</load_address>
         <run_address>0x29c2</run_address>
         <size>0x7a</size>
         <input_file_ref idref="fl-d2"/>
      </object_component>
      <object_component id="oc-2a3">
         <name>.text:malloc</name>
         <load_address>0x2a3c</load_address>
         <run_address>0x2a3c</run_address>
         <size>0x78</size>
         <input_file_ref idref="fl-ce"/>
      </object_component>
      <object_component id="oc-213">
         <name>.text:IntEnable</name>
         <load_address>0x2ab4</load_address>
         <run_address>0x2ab4</run_address>
         <size>0x68</size>
         <input_file_ref idref="fl-d9"/>
      </object_component>
      <object_component id="oc-12">
         <name>.text:decompress:lzss:__TI_decompress_lzss</name>
         <load_address>0x2b1c</load_address>
         <run_address>0x2b1c</run_address>
         <size>0x68</size>
         <input_file_ref idref="fl-cb"/>
      </object_component>
      <object_component id="oc-38c">
         <name>.text:TimerConfigure</name>
         <load_address>0x2b84</load_address>
         <run_address>0x2b84</run_address>
         <size>0x60</size>
         <input_file_ref idref="fl-dd"/>
      </object_component>
      <object_component id="oc-2f0">
         <name>.text</name>
         <load_address>0x2be4</load_address>
         <run_address>0x2be4</run_address>
         <size>0x5c</size>
         <input_file_ref idref="fl-d"/>
      </object_component>
      <object_component id="oc-120">
         <name>.text:ADCSequenceConfigure</name>
         <load_address>0x2c40</load_address>
         <run_address>0x2c40</run_address>
         <size>0x50</size>
         <input_file_ref idref="fl-d7"/>
      </object_component>
      <object_component id="oc-20d">
         <name>.text:_ADCIntNumberGet</name>
         <load_address>0x2c90</load_address>
         <run_address>0x2c90</run_address>
         <size>0x50</size>
         <input_file_ref idref="fl-d7"/>
      </object_component>
      <object_component id="oc-14a">
         <name>.text:GPIOPinConfigure</name>
         <load_address>0x2ce0</load_address>
         <run_address>0x2ce0</run_address>
         <size>0x4c</size>
         <input_file_ref idref="fl-d8"/>
      </object_component>
      <object_component id="oc-150">
         <name>.text:UARTConfigSetExpClk</name>
         <load_address>0x2d2c</load_address>
         <run_address>0x2d2c</run_address>
         <size>0x46</size>
         <input_file_ref idref="fl-de"/>
      </object_component>
      <object_component id="oc-341">
         <name>.text</name>
         <load_address>0x2d72</load_address>
         <run_address>0x2d72</run_address>
         <size>0x2</size>
         <input_file_ref idref="fl-d1"/>
      </object_component>
      <object_component id="oc-13e">
         <name>.text</name>
         <load_address>0x2d74</load_address>
         <run_address>0x2d74</run_address>
         <size>0x44</size>
         <input_file_ref idref="fl-7"/>
      </object_component>
      <object_component id="oc-18d">
         <name>.text:__TI_auto_init_nobinit_nopinit:__TI_auto_init_nobinit_nopinit</name>
         <load_address>0x2db8</load_address>
         <run_address>0x2db8</run_address>
         <size>0x44</size>
         <input_file_ref idref="fl-d4"/>
      </object_component>
      <object_component id="oc-240">
         <name>.text</name>
         <load_address>0x2dfc</load_address>
         <run_address>0x2dfc</run_address>
         <size>0x40</size>
         <input_file_ref idref="fl-c8"/>
      </object_component>
      <object_component id="oc-302">
         <name>.text:SSIConfigSetExpClk</name>
         <load_address>0x2e3c</load_address>
         <run_address>0x2e3c</run_address>
         <size>0x3c</size>
         <input_file_ref idref="fl-da"/>
      </object_component>
      <object_component id="oc-2b6">
         <name>.text:minsert</name>
         <load_address>0x2e78</load_address>
         <run_address>0x2e78</run_address>
         <size>0x3c</size>
         <input_file_ref idref="fl-ce"/>
      </object_component>
      <object_component id="oc-59">
         <name>.text:_c_int00_noargs:_c_int00_noargs</name>
         <load_address>0x2eb4</load_address>
         <run_address>0x2eb4</run_address>
         <size>0x38</size>
         <input_file_ref idref="fl-cc"/>
      </object_component>
      <object_component id="oc-2aa">
         <name>.text:minit</name>
         <load_address>0x2eec</load_address>
         <run_address>0x2eec</run_address>
         <size>0x38</size>
         <input_file_ref idref="fl-ce"/>
      </object_component>
      <object_component id="oc-200">
         <name>.text:IntRegister</name>
         <load_address>0x2f24</load_address>
         <run_address>0x2f24</run_address>
         <size>0x34</size>
         <input_file_ref idref="fl-d9"/>
      </object_component>
      <object_component id="oc-11a">
         <name>.text:SysCtlPeripheralEnable</name>
         <load_address>0x2f58</load_address>
         <run_address>0x2f58</run_address>
         <size>0x34</size>
         <input_file_ref idref="fl-db"/>
      </object_component>
      <object_component id="oc-229">
         <name>.text:GPIODirModeSet</name>
         <load_address>0x2f8c</load_address>
         <run_address>0x2f8c</run_address>
         <size>0x2c</size>
         <input_file_ref idref="fl-d8"/>
      </object_component>
      <object_component id="oc-1e8">
         <name>.text:calloc</name>
         <load_address>0x2fb8</load_address>
         <run_address>0x2fb8</run_address>
         <size>0x2a</size>
         <input_file_ref idref="fl-ce"/>
      </object_component>
      <object_component id="oc-2b0">
         <name>.text:mremove</name>
         <load_address>0x2fe4</load_address>
         <run_address>0x2fe4</run_address>
         <size>0x28</size>
         <input_file_ref idref="fl-ce"/>
      </object_component>
      <object_component id="oc-235">
         <name>.text:UARTDisable</name>
         <load_address>0x300c</load_address>
         <run_address>0x300c</run_address>
         <size>0x20</size>
         <input_file_ref idref="fl-de"/>
      </object_component>
      <object_component id="oc-e4">
         <name>.text:ADCSequenceDataGet</name>
         <load_address>0x302c</load_address>
         <run_address>0x302c</run_address>
         <size>0x1e</size>
         <input_file_ref idref="fl-d7"/>
      </object_component>
      <object_component id="oc-108">
         <name>.text:SysTickIntRegister</name>
         <load_address>0x304c</load_address>
         <run_address>0x304c</run_address>
         <size>0x1c</size>
         <input_file_ref idref="fl-dc"/>
      </object_component>
      <object_component id="oc-132">
         <name>.text:ADCIntRegister</name>
         <load_address>0x3068</load_address>
         <run_address>0x3068</run_address>
         <size>0x18</size>
         <input_file_ref idref="fl-d7"/>
      </object_component>
      <object_component id="oc-d8">
         <name>.text:ADCProcessorTrigger</name>
         <load_address>0x3080</load_address>
         <run_address>0x3080</run_address>
         <size>0x18</size>
         <input_file_ref idref="fl-d7"/>
      </object_component>
      <object_component id="oc-314">
         <name>.text:GPIOPinTypeGPIOOutput</name>
         <load_address>0x3098</load_address>
         <run_address>0x3098</run_address>
         <size>0x18</size>
         <input_file_ref idref="fl-d8"/>
      </object_component>
      <object_component id="oc-1c8">
         <name>.text:GPIOPinTypeGPIOInput</name>
         <load_address>0x30b0</load_address>
         <run_address>0x30b0</run_address>
         <size>0x16</size>
         <input_file_ref idref="fl-d8"/>
      </object_component>
      <object_component id="oc-2f6">
         <name>.text:GPIOPinTypeSSI</name>
         <load_address>0x30c6</load_address>
         <run_address>0x30c6</run_address>
         <size>0x16</size>
         <input_file_ref idref="fl-d8"/>
      </object_component>
      <object_component id="oc-144">
         <name>.text:GPIOPinTypeUART</name>
         <load_address>0x30dc</load_address>
         <run_address>0x30dc</run_address>
         <size>0x16</size>
         <input_file_ref idref="fl-d8"/>
      </object_component>
      <object_component id="oc-114">
         <name>.text:SysTickEnable</name>
         <load_address>0x30f4</load_address>
         <run_address>0x30f4</run_address>
         <size>0x14</size>
         <input_file_ref idref="fl-dc"/>
      </object_component>
      <object_component id="oc-10e">
         <name>.text:SysTickIntEnable</name>
         <load_address>0x3108</load_address>
         <run_address>0x3108</run_address>
         <size>0x14</size>
         <input_file_ref idref="fl-dc"/>
      </object_component>
      <object_component id="oc-15c">
         <name>.text:UARTEnable</name>
         <load_address>0x311c</load_address>
         <run_address>0x311c</run_address>
         <size>0x14</size>
         <input_file_ref idref="fl-de"/>
      </object_component>
      <object_component id="oc-138">
         <name>.text:ADCIntEnable</name>
         <load_address>0x3130</load_address>
         <run_address>0x3130</run_address>
         <size>0x10</size>
         <input_file_ref idref="fl-d7"/>
      </object_component>
      <object_component id="oc-174">
         <name>.text:IntMasterEnable</name>
         <load_address>0x3140</load_address>
         <run_address>0x3140</run_address>
         <size>0x10</size>
         <input_file_ref idref="fl-d9"/>
      </object_component>
      <object_component id="oc-102">
         <name>.text:SysTickPeriodSet</name>
         <load_address>0x3150</load_address>
         <run_address>0x3150</run_address>
         <size>0x10</size>
         <input_file_ref idref="fl-dc"/>
      </object_component>
      <object_component id="oc-12c">
         <name>.text:ADCSequenceEnable</name>
         <load_address>0x3160</load_address>
         <run_address>0x3160</run_address>
         <size>0xe</size>
         <input_file_ref idref="fl-d7"/>
      </object_component>
      <object_component id="oc-392">
         <name>.text:TimerEnable</name>
         <load_address>0x316e</load_address>
         <run_address>0x316e</run_address>
         <size>0xe</size>
         <input_file_ref idref="fl-dd"/>
      </object_component>
      <object_component id="oc-18">
         <name>.text:decompress:none:__TI_decompress_none</name>
         <load_address>0x317c</load_address>
         <run_address>0x317c</run_address>
         <size>0xe</size>
         <input_file_ref idref="fl-ca"/>
      </object_component>
      <object_component id="oc-261">
         <name>.text:CPUcpsie</name>
         <load_address>0x318a</load_address>
         <run_address>0x318a</run_address>
         <size>0xc</size>
         <input_file_ref idref="fl-df"/>
      </object_component>
      <object_component id="oc-326">
         <name>.text:SSIDataGet</name>
         <load_address>0x3196</load_address>
         <run_address>0x3196</run_address>
         <size>0xc</size>
         <input_file_ref idref="fl-da"/>
      </object_component>
      <object_component id="oc-4d">
         <name>.text:decompress:ZI:__TI_zero_init</name>
         <load_address>0x31a2</load_address>
         <run_address>0x31a2</run_address>
         <size>0xc</size>
         <input_file_ref idref="fl-c9"/>
      </object_component>
      <object_component id="oc-27">
         <name>.text</name>
         <load_address>0x31ae</load_address>
         <run_address>0x31ae</run_address>
         <size>0xc</size>
         <input_file_ref idref="fl-5"/>
      </object_component>
      <object_component id="oc-f0">
         <name>.text:ADCIntClear</name>
         <load_address>0x31ba</load_address>
         <run_address>0x31ba</run_address>
         <size>0xa</size>
         <input_file_ref idref="fl-d7"/>
      </object_component>
      <object_component id="oc-320">
         <name>.text:SSIDataPut</name>
         <load_address>0x31c4</load_address>
         <run_address>0x31c4</run_address>
         <size>0xa</size>
         <input_file_ref idref="fl-da"/>
      </object_component>
      <object_component id="oc-308">
         <name>.text:SSIEnable</name>
         <load_address>0x31ce</load_address>
         <run_address>0x31ce</run_address>
         <size>0xa</size>
         <input_file_ref idref="fl-da"/>
      </object_component>
      <object_component id="oc-398">
         <name>.text:TimerValueGet</name>
         <load_address>0x31d8</load_address>
         <run_address>0x31d8</run_address>
         <size>0xa</size>
         <input_file_ref idref="fl-dd"/>
      </object_component>
      <object_component id="oc-162">
         <name>.text:UARTCharPut</name>
         <load_address>0x31e2</load_address>
         <run_address>0x31e2</run_address>
         <size>0xa</size>
         <input_file_ref idref="fl-de"/>
      </object_component>
      <object_component id="oc-156">
         <name>.text:UARTFIFOEnable</name>
         <load_address>0x31ec</load_address>
         <run_address>0x31ec</run_address>
         <size>0xa</size>
         <input_file_ref idref="fl-de"/>
      </object_component>
      <object_component id="oc-31a">
         <name>.text:SSIBusy</name>
         <load_address>0x31f6</load_address>
         <run_address>0x31f6</run_address>
         <size>0x8</size>
         <input_file_ref idref="fl-da"/>
      </object_component>
      <object_component id="oc-1d4">
         <name>.text:GPIOPinRead</name>
         <load_address>0x31fe</load_address>
         <run_address>0x31fe</run_address>
         <size>0x6</size>
         <input_file_ref idref="fl-d8"/>
      </object_component>
      <object_component id="oc-30e">
         <name>.text:GPIOPinWrite</name>
         <load_address>0x3204</load_address>
         <run_address>0x3204</run_address>
         <size>0x6</size>
         <input_file_ref idref="fl-d8"/>
      </object_component>
      <object_component id="oc-2fc">
         <name>.text:SSIClockSourceSet</name>
         <load_address>0x320a</load_address>
         <run_address>0x320a</run_address>
         <size>0x6</size>
         <input_file_ref idref="fl-da"/>
      </object_component>
      <object_component id="oc-1f7">
         <name>.text:SysCtlDelay</name>
         <load_address>0x3210</load_address>
         <run_address>0x3210</run_address>
         <size>0x6</size>
         <input_file_ref idref="fl-db"/>
      </object_component>
      <object_component id="oc-99">
         <name>.text:_system_pre_init</name>
         <load_address>0x3216</load_address>
         <run_address>0x3216</run_address>
         <size>0x4</size>
         <input_file_ref idref="fl-d5"/>
      </object_component>
      <object_component id="oc-181">
         <name>.text:abort:abort</name>
         <load_address>0x321a</load_address>
         <run_address>0x321a</run_address>
         <size>0x4</size>
         <input_file_ref idref="fl-cd"/>
      </object_component>
      <object_component id="oc-32c">
         <name>.const:.string:rgbOledFont0</name>
         <load_address>0x3220</load_address>
         <run_address>0x3220</run_address>
         <size>0x300</size>
         <input_file_ref idref="fl-8"/>
      </object_component>
      <object_component id="oc-231">
         <name>.const:g_pui32GPIOBaseAddrs</name>
         <load_address>0x3520</load_address>
         <run_address>0x3520</run_address>
         <size>0x90</size>
         <input_file_ref idref="fl-d8"/>
      </object_component>
      <object_component id="oc-1fa">
         <name>.const:g_pui32Xtals</name>
         <load_address>0x35b0</load_address>
         <run_address>0x35b0</run_address>
         <size>0x6c</size>
         <input_file_ref idref="fl-db"/>
      </object_component>
      <object_component id="oc-332">
         <name>.const:.string:rgbFillPat</name>
         <load_address>0x361c</load_address>
         <run_address>0x361c</run_address>
         <size>0x40</size>
         <input_file_ref idref="fl-9"/>
      </object_component>
      <object_component id="oc-248">
         <name>.const:g_psDaysToMonth</name>
         <load_address>0x365c</load_address>
         <run_address>0x365c</run_address>
         <size>0x30</size>
         <input_file_ref idref="fl-6"/>
      </object_component>
      <object_component id="oc-24b">
         <name>.const:g_pfExponents</name>
         <load_address>0x368c</load_address>
         <run_address>0x368c</run_address>
         <size>0x18</size>
         <input_file_ref idref="fl-6"/>
      </object_component>
      <object_component id="oc-2d7">
         <name>.const:g_pui32EnRegs</name>
         <load_address>0x36a4</load_address>
         <run_address>0x36a4</run_address>
         <size>0x14</size>
         <input_file_ref idref="fl-d9"/>
      </object_component>
      <object_component id="oc-347">
         <name>.const:.string</name>
         <load_address>0x36b8</load_address>
         <run_address>0x36b8</run_address>
         <size>0x12</size>
         <input_file_ref idref="fl-6"/>
      </object_component>
      <object_component id="oc-245">
         <name>.const</name>
         <load_address>0x36cc</load_address>
         <run_address>0x36cc</run_address>
         <size>0x4</size>
         <input_file_ref idref="fl-6"/>
      </object_component>
      <object_component id="oc-3f7">
         <name>.cinit..data.load</name>
         <load_address>0x36d0</load_address>
         <run_address>0x36d0</run_address>
         <size>0x1f</size>
      </object_component>
      <object_component id="oc-3f4">
         <name>__TI_handler_table</name>
         <load_address>0x36f0</load_address>
         <run_address>0x36f0</run_address>
         <size>0xc</size>
      </object_component>
      <object_component id="oc-3f8">
         <name>.cinit..bss.load</name>
         <load_address>0x3700</load_address>
         <run_address>0x3700</run_address>
         <size>0x8</size>
      </object_component>
      <object_component id="oc-3f6">
         <name>.cinit..vtable.load</name>
         <load_address>0x3708</load_address>
         <run_address>0x3708</run_address>
         <size>0x8</size>
      </object_component>
      <object_component id="oc-3f5">
         <name>__TI_cinit_table</name>
         <load_address>0x3710</load_address>
         <run_address>0x3710</run_address>
         <size>0x18</size>
      </object_component>
      <object_component id="oc-2d1">
         <name>.vtable</name>
         <uninitialized>true</uninitialized>
         <run_address>0x20000000</run_address>
         <size>0x26c</size>
         <input_file_ref idref="fl-d9"/>
      </object_component>
      <object_component id="oc-171">
         <name>.data</name>
         <load_address>0x200009fc</load_address>
         <run_address>0x200009fc</run_address>
         <size>0x5</size>
         <input_file_ref idref="fl-4"/>
      </object_component>
      <object_component id="oc-24e">
         <name>.data</name>
         <load_address>0x20000a04</load_address>
         <run_address>0x20000a04</run_address>
         <size>0x4</size>
         <input_file_ref idref="fl-6"/>
      </object_component>
      <object_component id="oc-2bc">
         <name>.data:$O1$$</name>
         <load_address>0x200009e8</load_address>
         <run_address>0x200009e8</run_address>
         <size>0xc</size>
         <input_file_ref idref="fl-ce"/>
      </object_component>
      <object_component id="oc-27a">
         <name>.data:$O1$$</name>
         <load_address>0x200009f4</load_address>
         <run_address>0x200009f4</run_address>
         <size>0x8</size>
         <input_file_ref idref="fl-cf"/>
      </object_component>
      <object_component id="oc-1dd">
         <name>.bss:but_state</name>
         <uninitialized>true</uninitialized>
         <run_address>0x200005a2</run_address>
         <size>0x4</size>
         <input_file_ref idref="fl-2"/>
      </object_component>
      <object_component id="oc-1e0">
         <name>.bss:but_count</name>
         <uninitialized>true</uninitialized>
         <run_address>0x20000596</run_address>
         <size>0x4</size>
         <input_file_ref idref="fl-2"/>
      </object_component>
      <object_component id="oc-1e3">
         <name>.bss:but_flag</name>
         <uninitialized>true</uninitialized>
         <run_address>0x2000059a</run_address>
         <size>0x4</size>
         <input_file_ref idref="fl-2"/>
      </object_component>
      <object_component id="oc-1da">
         <name>.bss:but_normal</name>
         <uninitialized>true</uninitialized>
         <run_address>0x2000059e</run_address>
         <size>0x4</size>
         <input_file_ref idref="fl-2"/>
      </object_component>
      <object_component id="oc-17a">
         <name>.bss:g_inBuffer</name>
         <uninitialized>true</uninitialized>
         <run_address>0x20000580</run_address>
         <size>0x10</size>
         <input_file_ref idref="fl-4"/>
      </object_component>
      <object_component id="oc-16e">
         <name>.bss</name>
         <uninitialized>true</uninitialized>
         <run_address>0x20000590</run_address>
         <size>0x6</size>
         <input_file_ref idref="fl-4"/>
      </object_component>
      <object_component id="oc-17d">
         <name>.common:statusStr</name>
         <uninitialized>true</uninitialized>
         <run_address>0x2000056c</run_address>
         <size>0x14</size>
      </object_component>
      <object_component id="oc-380">
         <name>.common:xcoOledCur</name>
         <uninitialized>true</uninitialized>
         <run_address>0x200005d8</run_address>
         <size>0x4</size>
      </object_component>
      <object_component id="oc-381">
         <name>.common:ycoOledCur</name>
         <uninitialized>true</uninitialized>
         <run_address>0x200005e4</run_address>
         <size>0x4</size>
      </object_component>
      <object_component id="oc-2ee">
         <name>.common:pbOledCur</name>
         <uninitialized>true</uninitialized>
         <run_address>0x200005bc</run_address>
         <size>0x4</size>
      </object_component>
      <object_component id="oc-382">
         <name>.common:bnOledCur</name>
         <uninitialized>true</uninitialized>
         <run_address>0x200005a8</run_address>
         <size>0x4</size>
      </object_component>
      <object_component id="oc-330">
         <name>.common:clrOledCur</name>
         <uninitialized>true</uninitialized>
         <run_address>0x200005a6</run_address>
         <size>0x1</size>
      </object_component>
      <object_component id="oc-331">
         <name>.common:pbOledPatCur</name>
         <uninitialized>true</uninitialized>
         <run_address>0x200005c8</run_address>
         <size>0x4</size>
      </object_component>
      <object_component id="oc-2ec">
         <name>.common:fOledCharUpdate</name>
         <uninitialized>true</uninitialized>
         <run_address>0x200005b4</run_address>
         <size>0x4</size>
      </object_component>
      <object_component id="oc-2e7">
         <name>.common:dxcoOledFontCur</name>
         <uninitialized>true</uninitialized>
         <run_address>0x200005ac</run_address>
         <size>0x4</size>
      </object_component>
      <object_component id="oc-2ea">
         <name>.common:dycoOledFontCur</name>
         <uninitialized>true</uninitialized>
         <run_address>0x200005b0</run_address>
         <size>0x4</size>
      </object_component>
      <object_component id="oc-2ed">
         <name>.common:pbOledFontCur</name>
         <uninitialized>true</uninitialized>
         <run_address>0x200005c0</run_address>
         <size>0x4</size>
      </object_component>
      <object_component id="oc-2eb">
         <name>.common:pbOledFontUser</name>
         <uninitialized>true</uninitialized>
         <run_address>0x200005c4</run_address>
         <size>0x4</size>
      </object_component>
      <object_component id="oc-335">
         <name>.common:rgbOledBmp</name>
         <uninitialized>true</uninitialized>
         <run_address>0x2000026c</run_address>
         <size>0x200</size>
      </object_component>
      <object_component id="oc-2e5">
         <name>.common:xchOledCur</name>
         <uninitialized>true</uninitialized>
         <run_address>0x200005d0</run_address>
         <size>0x4</size>
      </object_component>
      <object_component id="oc-2e6">
         <name>.common:ychOledCur</name>
         <uninitialized>true</uninitialized>
         <run_address>0x200005dc</run_address>
         <size>0x4</size>
      </object_component>
      <object_component id="oc-2e1">
         <name>.common:xchOledMax</name>
         <uninitialized>true</uninitialized>
         <run_address>0x200005d4</run_address>
         <size>0x4</size>
      </object_component>
      <object_component id="oc-2e4">
         <name>.common:ychOledMax</name>
         <uninitialized>true</uninitialized>
         <run_address>0x200005e0</run_address>
         <size>0x4</size>
      </object_component>
      <object_component id="oc-32f">
         <name>.common:rgbOledFontUser</name>
         <uninitialized>true</uninitialized>
         <run_address>0x2000046c</run_address>
         <size>0x100</size>
      </object_component>
      <object_component id="oc-386">
         <name>.common:pfnDoRop</name>
         <uninitialized>true</uninitialized>
         <run_address>0x200005cc</run_address>
         <size>0x4</size>
      </object_component>
      <object_component id="oc-383">
         <name>.common:modOledCur</name>
         <uninitialized>true</uninitialized>
         <run_address>0x200005b8</run_address>
         <size>0x4</size>
      </object_component>
      <object_component id="oc-24">
         <name>.sysmem</name>
         <uninitialized>true</uninitialized>
         <run_address>0x200007e8</run_address>
         <size>0x8</size>
         <input_file_ref idref="fl-ce"/>
      </object_component>
      <object_component id="oc-3fa">
         <name>.sysmem</name>
         <uninitialized>true</uninitialized>
         <run_address>0x200007e8</run_address>
         <size>0x0</size>
      </object_component>
      <object_component id="oc-21">
         <name>.stack</name>
         <uninitialized>true</uninitialized>
         <run_address>0x200005e8</run_address>
         <size>0x4</size>
         <input_file_ref idref="fl-cc"/>
      </object_component>
      <object_component id="oc-3f9">
         <name>.stack</name>
         <uninitialized>true</uninitialized>
         <run_address>0x200005e8</run_address>
         <size>0x0</size>
      </object_component>
      <object_component id="oc-c7">
         <name>.debug_info</name>
         <load_address>0x0</load_address>
         <run_address>0x0</run_address>
         <size>0x390</size>
         <input_file_ref idref="fl-2"/>
      </object_component>
      <object_component id="oc-1de">
         <name>.debug_info</name>
         <load_address>0x390</load_address>
         <run_address>0x390</run_address>
         <size>0xfa</size>
         <input_file_ref idref="fl-2"/>
      </object_component>
      <object_component id="oc-1e1">
         <name>.debug_info</name>
         <load_address>0x48a</load_address>
         <run_address>0x48a</run_address>
         <size>0xfa</size>
         <input_file_ref idref="fl-2"/>
      </object_component>
      <object_component id="oc-1e4">
         <name>.debug_info</name>
         <load_address>0x584</load_address>
         <run_address>0x584</run_address>
         <size>0xf8</size>
         <input_file_ref idref="fl-2"/>
      </object_component>
      <object_component id="oc-1db">
         <name>.debug_info</name>
         <load_address>0x67c</load_address>
         <run_address>0x67c</run_address>
         <size>0xfc</size>
         <input_file_ref idref="fl-2"/>
      </object_component>
      <object_component id="oc-df">
         <name>.debug_info</name>
         <load_address>0x778</load_address>
         <run_address>0x778</run_address>
         <size>0x3c2</size>
         <input_file_ref idref="fl-2"/>
      </object_component>
      <object_component id="oc-74">
         <name>.debug_info</name>
         <load_address>0xb3a</load_address>
         <run_address>0xb3a</run_address>
         <size>0x26b</size>
         <input_file_ref idref="fl-2"/>
      </object_component>
      <object_component id="oc-c2">
         <name>.debug_info</name>
         <load_address>0xda5</load_address>
         <run_address>0xda5</run_address>
         <size>0x8b</size>
         <input_file_ref idref="fl-2"/>
      </object_component>
      <object_component id="oc-bd">
         <name>.debug_info</name>
         <load_address>0xe30</load_address>
         <run_address>0xe30</run_address>
         <size>0x297</size>
         <input_file_ref idref="fl-2"/>
      </object_component>
      <object_component id="oc-79">
         <name>.debug_info</name>
         <load_address>0x10c7</load_address>
         <run_address>0x10c7</run_address>
         <size>0xbb</size>
         <input_file_ref idref="fl-2"/>
      </object_component>
      <object_component id="oc-1f5">
         <name>.debug_info</name>
         <load_address>0x1182</load_address>
         <run_address>0x1182</run_address>
         <size>0x2ff</size>
         <input_file_ref idref="fl-3"/>
      </object_component>
      <object_component id="oc-eb">
         <name>.debug_info</name>
         <load_address>0x1481</load_address>
         <run_address>0x1481</run_address>
         <size>0x350</size>
         <input_file_ref idref="fl-3"/>
      </object_component>
      <object_component id="oc-26a">
         <name>.debug_info</name>
         <load_address>0x17d1</load_address>
         <run_address>0x17d1</run_address>
         <size>0x86</size>
         <input_file_ref idref="fl-3"/>
      </object_component>
      <object_component id="oc-2c2">
         <name>.debug_info</name>
         <load_address>0x1857</load_address>
         <run_address>0x1857</run_address>
         <size>0x110</size>
         <input_file_ref idref="fl-3"/>
      </object_component>
      <object_component id="oc-36">
         <name>.debug_info</name>
         <load_address>0x1967</load_address>
         <run_address>0x1967</run_address>
         <size>0x84</size>
         <input_file_ref idref="fl-3"/>
      </object_component>
      <object_component id="oc-17e">
         <name>.debug_info</name>
         <load_address>0x19eb</load_address>
         <run_address>0x19eb</run_address>
         <size>0x94b</size>
         <input_file_ref idref="fl-4"/>
      </object_component>
      <object_component id="oc-17b">
         <name>.debug_info</name>
         <load_address>0x2336</load_address>
         <run_address>0x2336</run_address>
         <size>0xfe</size>
         <input_file_ref idref="fl-4"/>
      </object_component>
      <object_component id="oc-16f">
         <name>.debug_info</name>
         <load_address>0x2434</load_address>
         <run_address>0x2434</run_address>
         <size>0x11c</size>
         <input_file_ref idref="fl-4"/>
      </object_component>
      <object_component id="oc-172">
         <name>.debug_info</name>
         <load_address>0x2550</load_address>
         <run_address>0x2550</run_address>
         <size>0x117</size>
         <input_file_ref idref="fl-4"/>
      </object_component>
      <object_component id="oc-a0">
         <name>.debug_info</name>
         <load_address>0x2667</load_address>
         <run_address>0x2667</run_address>
         <size>0xb8d</size>
         <input_file_ref idref="fl-4"/>
      </object_component>
      <object_component id="oc-253">
         <name>.debug_info</name>
         <load_address>0x31f4</load_address>
         <run_address>0x31f4</run_address>
         <size>0x196</size>
         <input_file_ref idref="fl-4"/>
      </object_component>
      <object_component id="oc-258">
         <name>.debug_info</name>
         <load_address>0x338a</load_address>
         <run_address>0x338a</run_address>
         <size>0x2c</size>
         <input_file_ref idref="fl-4"/>
      </object_component>
      <object_component id="oc-271">
         <name>.debug_info</name>
         <load_address>0x33b6</load_address>
         <run_address>0x33b6</run_address>
         <size>0x35</size>
         <input_file_ref idref="fl-4"/>
      </object_component>
      <object_component id="oc-2f">
         <name>.debug_info</name>
         <load_address>0x33eb</load_address>
         <run_address>0x33eb</run_address>
         <size>0x2d2</size>
         <input_file_ref idref="fl-5"/>
      </object_component>
      <object_component id="oc-10">
         <name>.debug_info</name>
         <load_address>0x36bd</load_address>
         <run_address>0x36bd</run_address>
         <size>0x111</size>
         <input_file_ref idref="fl-5"/>
      </object_component>
      <object_component id="oc-28">
         <name>.debug_info</name>
         <load_address>0x37ce</load_address>
         <run_address>0x37ce</run_address>
         <size>0x28d</size>
         <input_file_ref idref="fl-5"/>
      </object_component>
      <object_component id="oc-252">
         <name>.debug_info</name>
         <load_address>0x3a5b</load_address>
         <run_address>0x3a5b</run_address>
         <size>0x351</size>
         <input_file_ref idref="fl-6"/>
      </object_component>
      <object_component id="oc-246">
         <name>.debug_info</name>
         <load_address>0x3dac</load_address>
         <run_address>0x3dac</run_address>
         <size>0x158</size>
         <input_file_ref idref="fl-6"/>
      </object_component>
      <object_component id="oc-249">
         <name>.debug_info</name>
         <load_address>0x3f04</load_address>
         <run_address>0x3f04</run_address>
         <size>0x169</size>
         <input_file_ref idref="fl-6"/>
      </object_component>
      <object_component id="oc-24c">
         <name>.debug_info</name>
         <load_address>0x406d</load_address>
         <run_address>0x406d</run_address>
         <size>0x165</size>
         <input_file_ref idref="fl-6"/>
      </object_component>
      <object_component id="oc-24f">
         <name>.debug_info</name>
         <load_address>0x41d2</load_address>
         <run_address>0x41d2</run_address>
         <size>0x165</size>
         <input_file_ref idref="fl-6"/>
      </object_component>
      <object_component id="oc-169">
         <name>.debug_info</name>
         <load_address>0x4337</load_address>
         <run_address>0x4337</run_address>
         <size>0x1bfd</size>
         <input_file_ref idref="fl-6"/>
      </object_component>
      <object_component id="oc-228">
         <name>.debug_info</name>
         <load_address>0x5f34</load_address>
         <run_address>0x5f34</run_address>
         <size>0x38a</size>
         <input_file_ref idref="fl-7"/>
      </object_component>
      <object_component id="oc-13f">
         <name>.debug_info</name>
         <load_address>0x62be</load_address>
         <run_address>0x62be</run_address>
         <size>0x39d</size>
         <input_file_ref idref="fl-7"/>
      </object_component>
      <object_component id="oc-3ab">
         <name>.debug_info</name>
         <load_address>0x665b</load_address>
         <run_address>0x665b</run_address>
         <size>0x11f</size>
         <input_file_ref idref="fl-8"/>
      </object_component>
      <object_component id="oc-32d">
         <name>.debug_info</name>
         <load_address>0x677a</load_address>
         <run_address>0x677a</run_address>
         <size>0x133</size>
         <input_file_ref idref="fl-8"/>
      </object_component>
      <object_component id="oc-3ae">
         <name>.debug_info</name>
         <load_address>0x68ad</load_address>
         <run_address>0x68ad</run_address>
         <size>0x11c</size>
         <input_file_ref idref="fl-9"/>
      </object_component>
      <object_component id="oc-333">
         <name>.debug_info</name>
         <load_address>0x69c9</load_address>
         <run_address>0x69c9</run_address>
         <size>0x12e</size>
         <input_file_ref idref="fl-9"/>
      </object_component>
      <object_component id="oc-2e8">
         <name>.debug_info</name>
         <load_address>0x6af7</load_address>
         <run_address>0x6af7</run_address>
         <size>0x88c</size>
         <input_file_ref idref="fl-a"/>
      </object_component>
      <object_component id="oc-222">
         <name>.debug_info</name>
         <load_address>0x7383</load_address>
         <run_address>0x7383</run_address>
         <size>0xdee</size>
         <input_file_ref idref="fl-a"/>
      </object_component>
      <object_component id="oc-2e2">
         <name>.debug_info</name>
         <load_address>0x8171</load_address>
         <run_address>0x8171</run_address>
         <size>0x509</size>
         <input_file_ref idref="fl-b"/>
      </object_component>
      <object_component id="oc-21c">
         <name>.debug_info</name>
         <load_address>0x867a</load_address>
         <run_address>0x867a</run_address>
         <size>0xac1</size>
         <input_file_ref idref="fl-b"/>
      </object_component>
      <object_component id="oc-384">
         <name>.debug_info</name>
         <load_address>0x913b</load_address>
         <run_address>0x913b</run_address>
         <size>0x4e3</size>
         <input_file_ref idref="fl-c"/>
      </object_component>
      <object_component id="oc-2dc">
         <name>.debug_info</name>
         <load_address>0x961e</load_address>
         <run_address>0x961e</run_address>
         <size>0x20cd</size>
         <input_file_ref idref="fl-c"/>
      </object_component>
      <object_component id="oc-2f1">
         <name>.debug_info</name>
         <load_address>0xb6eb</load_address>
         <run_address>0xb6eb</run_address>
         <size>0x2e8</size>
         <input_file_ref idref="fl-d"/>
      </object_component>
      <object_component id="oc-241">
         <name>.debug_info</name>
         <load_address>0xb9d3</load_address>
         <run_address>0xb9d3</run_address>
         <size>0x145</size>
         <input_file_ref idref="fl-c8"/>
      </object_component>
      <object_component id="oc-92">
         <name>.debug_info</name>
         <load_address>0xbb18</load_address>
         <run_address>0xbb18</run_address>
         <size>0x31e</size>
         <input_file_ref idref="fl-c9"/>
      </object_component>
      <object_component id="oc-4e">
         <name>.debug_info</name>
         <load_address>0xbe36</load_address>
         <run_address>0xbe36</run_address>
         <size>0x1b5</size>
         <input_file_ref idref="fl-c9"/>
      </object_component>
      <object_component id="oc-8d">
         <name>.debug_info</name>
         <load_address>0xbfeb</load_address>
         <run_address>0xbfeb</run_address>
         <size>0x46</size>
         <input_file_ref idref="fl-c9"/>
      </object_component>
      <object_component id="oc-cf">
         <name>.debug_info</name>
         <load_address>0xc031</load_address>
         <run_address>0xc031</run_address>
         <size>0x2c</size>
         <input_file_ref idref="fl-c9"/>
      </object_component>
      <object_component id="oc-46">
         <name>.debug_info</name>
         <load_address>0xc05d</load_address>
         <run_address>0xc05d</run_address>
         <size>0x2a8</size>
         <input_file_ref idref="fl-ca"/>
      </object_component>
      <object_component id="oc-19">
         <name>.debug_info</name>
         <load_address>0xc305</load_address>
         <run_address>0xc305</run_address>
         <size>0x1ea</size>
         <input_file_ref idref="fl-ca"/>
      </object_component>
      <object_component id="oc-41">
         <name>.debug_info</name>
         <load_address>0xc4ef</load_address>
         <run_address>0xc4ef</run_address>
         <size>0x46</size>
         <input_file_ref idref="fl-ca"/>
      </object_component>
      <object_component id="oc-85">
         <name>.debug_info</name>
         <load_address>0xc535</load_address>
         <run_address>0xc535</run_address>
         <size>0x2c</size>
         <input_file_ref idref="fl-ca"/>
      </object_component>
      <object_component id="oc-83">
         <name>.debug_info</name>
         <load_address>0xc561</load_address>
         <run_address>0xc561</run_address>
         <size>0x29e</size>
         <input_file_ref idref="fl-cb"/>
      </object_component>
      <object_component id="oc-13">
         <name>.debug_info</name>
         <load_address>0xc7ff</load_address>
         <run_address>0xc7ff</run_address>
         <size>0x250</size>
         <input_file_ref idref="fl-cb"/>
      </object_component>
      <object_component id="oc-31">
         <name>.debug_info</name>
         <load_address>0xca4f</load_address>
         <run_address>0xca4f</run_address>
         <size>0x60</size>
         <input_file_ref idref="fl-cb"/>
      </object_component>
      <object_component id="oc-c8">
         <name>.debug_info</name>
         <load_address>0xcaaf</load_address>
         <run_address>0xcaaf</run_address>
         <size>0x46</size>
         <input_file_ref idref="fl-cb"/>
      </object_component>
      <object_component id="oc-7e">
         <name>.debug_info</name>
         <load_address>0xcaf5</load_address>
         <run_address>0xcaf5</run_address>
         <size>0x39</size>
         <input_file_ref idref="fl-cb"/>
      </object_component>
      <object_component id="oc-22">
         <name>.debug_info</name>
         <load_address>0xcb2e</load_address>
         <run_address>0xcb2e</run_address>
         <size>0x10b</size>
         <input_file_ref idref="fl-cc"/>
      </object_component>
      <object_component id="oc-5a">
         <name>.debug_info</name>
         <load_address>0xcc39</load_address>
         <run_address>0xcc39</run_address>
         <size>0x1af</size>
         <input_file_ref idref="fl-cc"/>
      </object_component>
      <object_component id="oc-182">
         <name>.debug_info</name>
         <load_address>0xcde8</load_address>
         <run_address>0xcde8</run_address>
         <size>0x122</size>
         <input_file_ref idref="fl-cd"/>
      </object_component>
      <object_component id="oc-6f">
         <name>.debug_info</name>
         <load_address>0xcf0a</load_address>
         <run_address>0xcf0a</run_address>
         <size>0x3c6</size>
         <input_file_ref idref="fl-ce"/>
      </object_component>
      <object_component id="oc-25">
         <name>.debug_info</name>
         <load_address>0xd2d0</load_address>
         <run_address>0xd2d0</run_address>
         <size>0x10c</size>
         <input_file_ref idref="fl-ce"/>
      </object_component>
      <object_component id="oc-2bd">
         <name>.debug_info</name>
         <load_address>0xd3dc</load_address>
         <run_address>0xd3dc</run_address>
         <size>0x157</size>
         <input_file_ref idref="fl-ce"/>
      </object_component>
      <object_component id="oc-2ab">
         <name>.debug_info</name>
         <load_address>0xd533</load_address>
         <run_address>0xd533</run_address>
         <size>0x144</size>
         <input_file_ref idref="fl-ce"/>
      </object_component>
      <object_component id="oc-2b1">
         <name>.debug_info</name>
         <load_address>0xd677</load_address>
         <run_address>0xd677</run_address>
         <size>0x17f</size>
         <input_file_ref idref="fl-ce"/>
      </object_component>
      <object_component id="oc-2b7">
         <name>.debug_info</name>
         <load_address>0xd7f6</load_address>
         <run_address>0xd7f6</run_address>
         <size>0x17d</size>
         <input_file_ref idref="fl-ce"/>
      </object_component>
      <object_component id="oc-2a4">
         <name>.debug_info</name>
         <load_address>0xd973</load_address>
         <run_address>0xd973</run_address>
         <size>0x1e6</size>
         <input_file_ref idref="fl-ce"/>
      </object_component>
      <object_component id="oc-1ef">
         <name>.debug_info</name>
         <load_address>0xdb59</load_address>
         <run_address>0xdb59</run_address>
         <size>0x1f1</size>
         <input_file_ref idref="fl-ce"/>
      </object_component>
      <object_component id="oc-1e9">
         <name>.debug_info</name>
         <load_address>0xdd4a</load_address>
         <run_address>0xdd4a</run_address>
         <size>0x1bc</size>
         <input_file_ref idref="fl-ce"/>
      </object_component>
      <object_component id="oc-b3">
         <name>.debug_info</name>
         <load_address>0xdf06</load_address>
         <run_address>0xdf06</run_address>
         <size>0x2c</size>
         <input_file_ref idref="fl-ce"/>
      </object_component>
      <object_component id="oc-b8">
         <name>.debug_info</name>
         <load_address>0xdf32</load_address>
         <run_address>0xdf32</run_address>
         <size>0x62</size>
         <input_file_ref idref="fl-ce"/>
      </object_component>
      <object_component id="oc-35d">
         <name>.debug_info</name>
         <load_address>0xdf94</load_address>
         <run_address>0xdf94</run_address>
         <size>0x2c9</size>
         <input_file_ref idref="fl-cf"/>
      </object_component>
      <object_component id="oc-27b">
         <name>.debug_info</name>
         <load_address>0xe25d</load_address>
         <run_address>0xe25d</run_address>
         <size>0x11e</size>
         <input_file_ref idref="fl-cf"/>
      </object_component>
      <object_component id="oc-356">
         <name>.debug_info</name>
         <load_address>0xe37b</load_address>
         <run_address>0xe37b</run_address>
         <size>0x12e</size>
         <input_file_ref idref="fl-cf"/>
      </object_component>
      <object_component id="oc-342">
         <name>.debug_info</name>
         <load_address>0xe4a9</load_address>
         <run_address>0xe4a9</run_address>
         <size>0x118</size>
         <input_file_ref idref="fl-d1"/>
      </object_component>
      <object_component id="oc-94">
         <name>.debug_info</name>
         <load_address>0xe5c1</load_address>
         <run_address>0xe5c1</run_address>
         <size>0x14a</size>
         <input_file_ref idref="fl-d2"/>
      </object_component>
      <object_component id="oc-3d">
         <name>.debug_info</name>
         <load_address>0xe70b</load_address>
         <run_address>0xe70b</run_address>
         <size>0x11c</size>
         <input_file_ref idref="fl-d3"/>
      </object_component>
      <object_component id="oc-281">
         <name>.debug_info</name>
         <load_address>0xe827</load_address>
         <run_address>0xe827</run_address>
         <size>0x552</size>
         <input_file_ref idref="fl-d4"/>
      </object_component>
      <object_component id="oc-18e">
         <name>.debug_info</name>
         <load_address>0xed79</load_address>
         <run_address>0xed79</run_address>
         <size>0x1a6</size>
         <input_file_ref idref="fl-d4"/>
      </object_component>
      <object_component id="oc-363">
         <name>.debug_info</name>
         <load_address>0xef1f</load_address>
         <run_address>0xef1f</run_address>
         <size>0x39</size>
         <input_file_ref idref="fl-d4"/>
      </object_component>
      <object_component id="oc-3b3">
         <name>.debug_info</name>
         <load_address>0xef58</load_address>
         <run_address>0xef58</run_address>
         <size>0x39</size>
         <input_file_ref idref="fl-d4"/>
      </object_component>
      <object_component id="oc-368">
         <name>.debug_info</name>
         <load_address>0xef91</load_address>
         <run_address>0xef91</run_address>
         <size>0x39</size>
         <input_file_ref idref="fl-d4"/>
      </object_component>
      <object_component id="oc-36d">
         <name>.debug_info</name>
         <load_address>0xefca</load_address>
         <run_address>0xefca</run_address>
         <size>0xcd</size>
         <input_file_ref idref="fl-d4"/>
      </object_component>
      <object_component id="oc-9a">
         <name>.debug_info</name>
         <load_address>0xf097</load_address>
         <run_address>0xf097</run_address>
         <size>0x153</size>
         <input_file_ref idref="fl-d5"/>
      </object_component>
      <object_component id="oc-1c7">
         <name>.debug_info</name>
         <load_address>0xf1ea</load_address>
         <run_address>0xf1ea</run_address>
         <size>0x356</size>
         <input_file_ref idref="fl-d7"/>
      </object_component>
      <object_component id="oc-127">
         <name>.debug_info</name>
         <load_address>0xf540</load_address>
         <run_address>0xf540</run_address>
         <size>0x29c</size>
         <input_file_ref idref="fl-d7"/>
      </object_component>
      <object_component id="oc-12d">
         <name>.debug_info</name>
         <load_address>0xf7dc</load_address>
         <run_address>0xf7dc</run_address>
         <size>0x209</size>
         <input_file_ref idref="fl-d7"/>
      </object_component>
      <object_component id="oc-e5">
         <name>.debug_info</name>
         <load_address>0xf9e5</load_address>
         <run_address>0xf9e5</run_address>
         <size>0x268</size>
         <input_file_ref idref="fl-d7"/>
      </object_component>
      <object_component id="oc-121">
         <name>.debug_info</name>
         <load_address>0xfc4d</load_address>
         <run_address>0xfc4d</run_address>
         <size>0x28f</size>
         <input_file_ref idref="fl-d7"/>
      </object_component>
      <object_component id="oc-d9">
         <name>.debug_info</name>
         <load_address>0xfedc</load_address>
         <run_address>0xfedc</run_address>
         <size>0x20d</size>
         <input_file_ref idref="fl-d7"/>
      </object_component>
      <object_component id="oc-20e">
         <name>.debug_info</name>
         <load_address>0x100e9</load_address>
         <run_address>0x100e9</run_address>
         <size>0x228</size>
         <input_file_ref idref="fl-d7"/>
      </object_component>
      <object_component id="oc-133">
         <name>.debug_info</name>
         <load_address>0x10311</load_address>
         <run_address>0x10311</run_address>
         <size>0x248</size>
         <input_file_ref idref="fl-d7"/>
      </object_component>
      <object_component id="oc-139">
         <name>.debug_info</name>
         <load_address>0x10559</load_address>
         <run_address>0x10559</run_address>
         <size>0x1ff</size>
         <input_file_ref idref="fl-d7"/>
      </object_component>
      <object_component id="oc-f1">
         <name>.debug_info</name>
         <load_address>0x10758</load_address>
         <run_address>0x10758</run_address>
         <size>0x1fd</size>
         <input_file_ref idref="fl-d7"/>
      </object_component>
      <object_component id="oc-1c2">
         <name>.debug_info</name>
         <load_address>0x10955</load_address>
         <run_address>0x10955</run_address>
         <size>0x18b</size>
         <input_file_ref idref="fl-d7"/>
      </object_component>
      <object_component id="oc-230">
         <name>.debug_info</name>
         <load_address>0x10ae0</load_address>
         <run_address>0x10ae0</run_address>
         <size>0x385</size>
         <input_file_ref idref="fl-d8"/>
      </object_component>
      <object_component id="oc-232">
         <name>.debug_info</name>
         <load_address>0x10e65</load_address>
         <run_address>0x10e65</run_address>
         <size>0x112</size>
         <input_file_ref idref="fl-d8"/>
      </object_component>
      <object_component id="oc-30f">
         <name>.debug_info</name>
         <load_address>0x10f77</load_address>
         <run_address>0x10f77</run_address>
         <size>0x20c</size>
         <input_file_ref idref="fl-d8"/>
      </object_component>
      <object_component id="oc-22a">
         <name>.debug_info</name>
         <load_address>0x11183</load_address>
         <run_address>0x11183</run_address>
         <size>0x21c</size>
         <input_file_ref idref="fl-d8"/>
      </object_component>
      <object_component id="oc-1cf">
         <name>.debug_info</name>
         <load_address>0x1139f</load_address>
         <run_address>0x1139f</run_address>
         <size>0x27f</size>
         <input_file_ref idref="fl-d8"/>
      </object_component>
      <object_component id="oc-145">
         <name>.debug_info</name>
         <load_address>0x1161e</load_address>
         <run_address>0x1161e</run_address>
         <size>0x1fb</size>
         <input_file_ref idref="fl-d8"/>
      </object_component>
      <object_component id="oc-2f7">
         <name>.debug_info</name>
         <load_address>0x11819</load_address>
         <run_address>0x11819</run_address>
         <size>0x1f9</size>
         <input_file_ref idref="fl-d8"/>
      </object_component>
      <object_component id="oc-315">
         <name>.debug_info</name>
         <load_address>0x11a12</load_address>
         <run_address>0x11a12</run_address>
         <size>0x220</size>
         <input_file_ref idref="fl-d8"/>
      </object_component>
      <object_component id="oc-1c9">
         <name>.debug_info</name>
         <load_address>0x11c32</load_address>
         <run_address>0x11c32</run_address>
         <size>0x205</size>
         <input_file_ref idref="fl-d8"/>
      </object_component>
      <object_component id="oc-1d5">
         <name>.debug_info</name>
         <load_address>0x11e37</load_address>
         <run_address>0x11e37</run_address>
         <size>0x1e4</size>
         <input_file_ref idref="fl-d8"/>
      </object_component>
      <object_component id="oc-14b">
         <name>.debug_info</name>
         <load_address>0x1201b</load_address>
         <run_address>0x1201b</run_address>
         <size>0x1e9</size>
         <input_file_ref idref="fl-d8"/>
      </object_component>
      <object_component id="oc-2d5">
         <name>.debug_info</name>
         <load_address>0x12204</load_address>
         <run_address>0x12204</run_address>
         <size>0x353</size>
         <input_file_ref idref="fl-d9"/>
      </object_component>
      <object_component id="oc-2d8">
         <name>.debug_info</name>
         <load_address>0x12557</load_address>
         <run_address>0x12557</run_address>
         <size>0x109</size>
         <input_file_ref idref="fl-d9"/>
      </object_component>
      <object_component id="oc-2d2">
         <name>.debug_info</name>
         <load_address>0x12660</load_address>
         <run_address>0x12660</run_address>
         <size>0x10e</size>
         <input_file_ref idref="fl-d9"/>
      </object_component>
      <object_component id="oc-201">
         <name>.debug_info</name>
         <load_address>0x1276e</load_address>
         <run_address>0x1276e</run_address>
         <size>0x22a</size>
         <input_file_ref idref="fl-d9"/>
      </object_component>
      <object_component id="oc-175">
         <name>.debug_info</name>
         <load_address>0x12998</load_address>
         <run_address>0x12998</run_address>
         <size>0x1a7</size>
         <input_file_ref idref="fl-d9"/>
      </object_component>
      <object_component id="oc-214">
         <name>.debug_info</name>
         <load_address>0x12b3f</load_address>
         <run_address>0x12b3f</run_address>
         <size>0x1d1</size>
         <input_file_ref idref="fl-d9"/>
      </object_component>
      <object_component id="oc-3a1">
         <name>.debug_info</name>
         <load_address>0x12d10</load_address>
         <run_address>0x12d10</run_address>
         <size>0x361</size>
         <input_file_ref idref="fl-da"/>
      </object_component>
      <object_component id="oc-309">
         <name>.debug_info</name>
         <load_address>0x13071</load_address>
         <run_address>0x13071</run_address>
         <size>0x1ab</size>
         <input_file_ref idref="fl-da"/>
      </object_component>
      <object_component id="oc-321">
         <name>.debug_info</name>
         <load_address>0x1321c</load_address>
         <run_address>0x1321c</run_address>
         <size>0x1df</size>
         <input_file_ref idref="fl-da"/>
      </object_component>
      <object_component id="oc-327">
         <name>.debug_info</name>
         <load_address>0x133fb</load_address>
         <run_address>0x133fb</run_address>
         <size>0x1e3</size>
         <input_file_ref idref="fl-da"/>
      </object_component>
      <object_component id="oc-303">
         <name>.debug_info</name>
         <load_address>0x135de</load_address>
         <run_address>0x135de</run_address>
         <size>0x342</size>
         <input_file_ref idref="fl-da"/>
      </object_component>
      <object_component id="oc-2fd">
         <name>.debug_info</name>
         <load_address>0x13920</load_address>
         <run_address>0x13920</run_address>
         <size>0x1f5</size>
         <input_file_ref idref="fl-da"/>
      </object_component>
      <object_component id="oc-31b">
         <name>.debug_info</name>
         <load_address>0x13b15</load_address>
         <run_address>0x13b15</run_address>
         <size>0x1ab</size>
         <input_file_ref idref="fl-da"/>
      </object_component>
      <object_component id="oc-1f9">
         <name>.debug_info</name>
         <load_address>0x13cc0</load_address>
         <run_address>0x13cc0</run_address>
         <size>0x3dd</size>
         <input_file_ref idref="fl-db"/>
      </object_component>
      <object_component id="oc-1fb">
         <name>.debug_info</name>
         <load_address>0x1409d</load_address>
         <run_address>0x1409d</run_address>
         <size>0x104</size>
         <input_file_ref idref="fl-db"/>
      </object_component>
      <object_component id="oc-11b">
         <name>.debug_info</name>
         <load_address>0x141a1</load_address>
         <run_address>0x141a1</run_address>
         <size>0x1e6</size>
         <input_file_ref idref="fl-db"/>
      </object_component>
      <object_component id="oc-f7">
         <name>.debug_info</name>
         <load_address>0x14387</load_address>
         <run_address>0x14387</run_address>
         <size>0x244</size>
         <input_file_ref idref="fl-db"/>
      </object_component>
      <object_component id="oc-fd">
         <name>.debug_info</name>
         <load_address>0x145cb</load_address>
         <run_address>0x145cb</run_address>
         <size>0x21e</size>
         <input_file_ref idref="fl-db"/>
      </object_component>
      <object_component id="oc-2c9">
         <name>.debug_info</name>
         <load_address>0x147e9</load_address>
         <run_address>0x147e9</run_address>
         <size>0x51</size>
         <input_file_ref idref="fl-db"/>
      </object_component>
      <object_component id="oc-1ff">
         <name>.debug_info</name>
         <load_address>0x1483a</load_address>
         <run_address>0x1483a</run_address>
         <size>0x2e2</size>
         <input_file_ref idref="fl-dc"/>
      </object_component>
      <object_component id="oc-103">
         <name>.debug_info</name>
         <load_address>0x14b1c</load_address>
         <run_address>0x14b1c</run_address>
         <size>0x1ca</size>
         <input_file_ref idref="fl-dc"/>
      </object_component>
      <object_component id="oc-109">
         <name>.debug_info</name>
         <load_address>0x14ce6</load_address>
         <run_address>0x14ce6</run_address>
         <size>0x1e0</size>
         <input_file_ref idref="fl-dc"/>
      </object_component>
      <object_component id="oc-10f">
         <name>.debug_info</name>
         <load_address>0x14ec6</load_address>
         <run_address>0x14ec6</run_address>
         <size>0x190</size>
         <input_file_ref idref="fl-dc"/>
      </object_component>
      <object_component id="oc-115">
         <name>.debug_info</name>
         <load_address>0x15056</load_address>
         <run_address>0x15056</run_address>
         <size>0x18a</size>
         <input_file_ref idref="fl-dc"/>
      </object_component>
      <object_component id="oc-3c2">
         <name>.debug_info</name>
         <load_address>0x151e0</load_address>
         <run_address>0x151e0</run_address>
         <size>0x368</size>
         <input_file_ref idref="fl-dd"/>
      </object_component>
      <object_component id="oc-399">
         <name>.debug_info</name>
         <load_address>0x15548</load_address>
         <run_address>0x15548</run_address>
         <size>0x1f3</size>
         <input_file_ref idref="fl-dd"/>
      </object_component>
      <object_component id="oc-393">
         <name>.debug_info</name>
         <load_address>0x1573b</load_address>
         <run_address>0x1573b</run_address>
         <size>0x1e8</size>
         <input_file_ref idref="fl-dd"/>
      </object_component>
      <object_component id="oc-38d">
         <name>.debug_info</name>
         <load_address>0x15923</load_address>
         <run_address>0x15923</run_address>
         <size>0x1f5</size>
         <input_file_ref idref="fl-dd"/>
      </object_component>
      <object_component id="oc-23c">
         <name>.debug_info</name>
         <load_address>0x15b18</load_address>
         <run_address>0x15b18</run_address>
         <size>0x36c</size>
         <input_file_ref idref="fl-de"/>
      </object_component>
      <object_component id="oc-157">
         <name>.debug_info</name>
         <load_address>0x15e84</load_address>
         <run_address>0x15e84</run_address>
         <size>0x1b8</size>
         <input_file_ref idref="fl-de"/>
      </object_component>
      <object_component id="oc-15d">
         <name>.debug_info</name>
         <load_address>0x1603c</load_address>
         <run_address>0x1603c</run_address>
         <size>0x1b0</size>
         <input_file_ref idref="fl-de"/>
      </object_component>
      <object_component id="oc-236">
         <name>.debug_info</name>
         <load_address>0x161ec</load_address>
         <run_address>0x161ec</run_address>
         <size>0x1b2</size>
         <input_file_ref idref="fl-de"/>
      </object_component>
      <object_component id="oc-151">
         <name>.debug_info</name>
         <load_address>0x1639e</load_address>
         <run_address>0x1639e</run_address>
         <size>0x28f</size>
         <input_file_ref idref="fl-de"/>
      </object_component>
      <object_component id="oc-163">
         <name>.debug_info</name>
         <load_address>0x1662d</load_address>
         <run_address>0x1662d</run_address>
         <size>0x1dc</size>
         <input_file_ref idref="fl-de"/>
      </object_component>
      <object_component id="oc-262">
         <name>.debug_info</name>
         <load_address>0x16809</load_address>
         <run_address>0x16809</run_address>
         <size>0x17b</size>
         <input_file_ref idref="fl-df"/>
      </object_component>
      <object_component id="oc-3fb">
         <name>.debug_info</name>
         <load_address>0x16984</load_address>
         <run_address>0x16984</run_address>
         <size>0xc7</size>
      </object_component>
      <object_component id="oc-1c0">
         <name>.debug_line</name>
         <load_address>0x0</load_address>
         <run_address>0x0</run_address>
         <size>0x10a</size>
         <input_file_ref idref="fl-2"/>
      </object_component>
      <object_component id="oc-29e">
         <name>.debug_line</name>
         <load_address>0x10a</load_address>
         <run_address>0x10a</run_address>
         <size>0x31</size>
         <input_file_ref idref="fl-2"/>
      </object_component>
      <object_component id="oc-2a0">
         <name>.debug_line</name>
         <load_address>0x13b</load_address>
         <run_address>0x13b</run_address>
         <size>0x31</size>
         <input_file_ref idref="fl-2"/>
      </object_component>
      <object_component id="oc-2a2">
         <name>.debug_line</name>
         <load_address>0x16c</load_address>
         <run_address>0x16c</run_address>
         <size>0x31</size>
         <input_file_ref idref="fl-2"/>
      </object_component>
      <object_component id="oc-29c">
         <name>.debug_line</name>
         <load_address>0x19d</load_address>
         <run_address>0x19d</run_address>
         <size>0x31</size>
         <input_file_ref idref="fl-2"/>
      </object_component>
      <object_component id="oc-e2">
         <name>.debug_line</name>
         <load_address>0x1ce</load_address>
         <run_address>0x1ce</run_address>
         <size>0xdb</size>
         <input_file_ref idref="fl-2"/>
      </object_component>
      <object_component id="oc-77">
         <name>.debug_line</name>
         <load_address>0x2a9</load_address>
         <run_address>0x2a9</run_address>
         <size>0x74</size>
         <input_file_ref idref="fl-2"/>
      </object_component>
      <object_component id="oc-c5">
         <name>.debug_line</name>
         <load_address>0x31d</load_address>
         <run_address>0x31d</run_address>
         <size>0x20</size>
         <input_file_ref idref="fl-2"/>
      </object_component>
      <object_component id="oc-c0">
         <name>.debug_line</name>
         <load_address>0x33d</load_address>
         <run_address>0x33d</run_address>
         <size>0x78</size>
         <input_file_ref idref="fl-2"/>
      </object_component>
      <object_component id="oc-7c">
         <name>.debug_line</name>
         <load_address>0x3b5</load_address>
         <run_address>0x3b5</run_address>
         <size>0x75</size>
         <input_file_ref idref="fl-2"/>
      </object_component>
      <object_component id="oc-2c1">
         <name>.debug_line</name>
         <load_address>0x42a</load_address>
         <run_address>0x42a</run_address>
         <size>0x70</size>
         <input_file_ref idref="fl-3"/>
      </object_component>
      <object_component id="oc-ee">
         <name>.debug_line</name>
         <load_address>0x49a</load_address>
         <run_address>0x49a</run_address>
         <size>0xa8</size>
         <input_file_ref idref="fl-3"/>
      </object_component>
      <object_component id="oc-26d">
         <name>.debug_line</name>
         <load_address>0x542</load_address>
         <run_address>0x542</run_address>
         <size>0x31</size>
         <input_file_ref idref="fl-3"/>
      </object_component>
      <object_component id="oc-2c5">
         <name>.debug_line</name>
         <load_address>0x573</load_address>
         <run_address>0x573</run_address>
         <size>0x70</size>
         <input_file_ref idref="fl-3"/>
      </object_component>
      <object_component id="oc-39">
[...]
      <symbol id="sm-298">
         <name>OrbitOledDevInit</name>
         <value>0x1d9d</value>
         <object_component_ref idref="oc-221"/>
      </symbol>
      <symbol id="sm-299">
         <name>OrbitOledClearBuffer</name>
         <value>0x1e2d</value>
         <object_component_ref idref="oc-221"/>
      </symbol>
      <symbol id="sm-29a">
         <name>OrbitOledHostInit</name>
         <value>0x1c59</value>
         <object_component_ref idref="oc-221"/>
      </symbol>
      <symbol id="sm-29b">
         <name>OrbitOledInit</name>
         <value>0x1c45</value>
         <object_component_ref idref="oc-221"/>
      </symbol>
      <symbol id="sm-29c">
         <name>Ssi3PutByte</name>
         <value>0x1f1d</value>
         <object_component_ref idref="oc-221"/>
      </symbol>
      <symbol id="sm-2cf">
         <name>xchOledCur</name>
         <value>0x200005d0</value>
      </symbol>
      <symbol id="sm-2d0">
         <name>ychOledCur</name>
         <value>0x200005dc</value>
      </symbol>
      <symbol id="sm-2d1">
         <name>xchOledMax</name>
         <value>0x200005d4</value>
      </symbol>
      <symbol id="sm-2d2">
         <name>ychOledMax</name>
         <value>0x200005e0</value>
      </symbol>
      <symbol id="sm-2d3">
         <name>rgbOledFontUser</name>
         <value>0x2000046c</value>
      </symbol>
      <symbol id="sm-2d4">
         <name>OrbitOledPutString</name>
         <value>0x22d5</value>
         <object_component_ref idref="oc-21b"/>
      </symbol>
      <symbol id="sm-2d5">
         <name>OrbitOledGetCharUpdate</name>
         <value>0x22b1</value>
         <object_component_ref idref="oc-21b"/>
      </symbol>
      <symbol id="sm-2d6">
         <name>OrbitOledSetCharUpdate</name>
         <value>0x2299</value>
         <object_component_ref idref="oc-21b"/>
      </symbol>
      <symbol id="sm-2d7">
         <name>OrbitOledDrawGlyph</name>
         <value>0x2301</value>
         <object_component_ref idref="oc-21b"/>
      </symbol>
      <symbol id="sm-2d8">
         <name>OrbitOledDefUserChar</name>
         <value>0x2249</value>
         <object_component_ref idref="oc-21b"/>
      </symbol>
      <symbol id="sm-2d9">
         <name>OrbitOledGetCursor</name>
         <value>0x222d</value>
         <object_component_ref idref="oc-21b"/>
      </symbol>
      <symbol id="sm-2da">
         <name>OrbitOledSetCursor</name>
         <value>0x21e1</value>
         <object_component_ref idref="oc-21b"/>
      </symbol>
      <symbol id="sm-2db">
         <name>OrbitOledPutChar</name>
         <value>0x22b7</value>
         <object_component_ref idref="oc-21b"/>
      </symbol>
      <symbol id="sm-2dc">
         <name>OrbitOledAdvanceCursor</name>
         <value>0x2379</value>
         <object_component_ref idref="oc-21b"/>
      </symbol>
      <symbol id="sm-379">
         <name>pfnDoRop</name>
         <value>0x200005cc</value>
      </symbol>
      <symbol id="sm-37a">
         <name>modOledCur</name>
         <value>0x200005b8</value>
      </symbol>
      <symbol id="sm-37b">
         <name>OrbitOledGetPixel</name>
         <value>0x1013</value>
         <object_component_ref idref="oc-2db"/>
      </symbol>
      <symbol id="sm-37c">
         <name>OrbitOledMoveUp</name>
         <value>0x1741</value>
         <object_component_ref idref="oc-2db"/>
      </symbol>
      <symbol id="sm-37d">
         <name>OrbitOledMoveTo</name>
         <value>0xef1</value>
         <object_component_ref idref="oc-2db"/>
      </symbol>
      <symbol id="sm-37e">
         <name>OrbitOledGetDrawMode</name>
         <value>0xfe1</value>
         <object_component_ref idref="oc-2db"/>
      </symbol>
      <symbol id="sm-37f">
         <name>OrbitOledDrawPixel</name>
         <value>0xfe7</value>
         <object_component_ref idref="oc-2db"/>
      </symbol>
      <symbol id="sm-380">
         <name>OrbitOledDrawString</name>
         <value>0x1683</value>
         <object_component_ref idref="oc-2db"/>
      </symbol>
      <symbol id="sm-381">
         <name>OrbitOledDrawChar</name>
         <value>0x1623</value>
         <object_component_ref idref="oc-2db"/>
      </symbol>
      <symbol id="sm-382">
         <name>OrbitOledMoveDown</name>
         <value>0x1779</value>
         <object_component_ref idref="oc-2db"/>
      </symbol>
      <symbol id="sm-383">
         <name>OrbitOledMoveRight</name>
         <value>0x17c7</value>
         <object_component_ref idref="oc-2db"/>
      </symbol>
      <symbol id="sm-384">
         <name>OrbitOledFillRect</name>
         <value>0x11b1</value>
         <object_component_ref idref="oc-2db"/>
      </symbol>
      <symbol id="sm-385">
         <name>OrbitOledLineTo</name>
         <value>0x102d</value>
         <object_component_ref idref="oc-2db"/>
      </symbol>
      <symbol id="sm-386">
         <name>OrbitOledGetStdPattern</name>
         <value>0xf6b</value>
         <object_component_ref idref="oc-2db"/>
      </symbol>
      <symbol id="sm-387">
         <name>OrbitOledSetDrawColor</name>
         <value>0xf53</value>
         <object_component_ref idref="oc-2db"/>
      </symbol>
      <symbol id="sm-388">
         <name>OrbitOledDrawRect</name>
         <value>0x112d</value>
         <object_component_ref idref="oc-2db"/>
      </symbol>
      <symbol id="sm-389">
         <name>OrbitOledClampYco</name>
         <value>0x1801</value>
         <object_component_ref idref="oc-2db"/>
      </symbol>
      <symbol id="sm-38a">
         <name>OrbitOledGetPos</name>
         <value>0xf37</value>
         <object_component_ref idref="oc-2db"/>
      </symbol>
      <symbol id="sm-38b">
         <name>OrbitOledRopSet</name>
         <value>0x16a1</value>
         <object_component_ref idref="oc-2db"/>
      </symbol>
      <symbol id="sm-38c">
         <name>OrbitOledRopXor</name>
         <value>0x1713</value>
         <object_component_ref idref="oc-2db"/>
      </symbol>
      <symbol id="sm-38d">
         <name>OrbitOledGetBmp</name>
         <value>0x12f5</value>
         <object_component_ref idref="oc-2db"/>
      </symbol>
      <symbol id="sm-38e">
         <name>OrbitOledMoveLeft</name>
         <value>0x17af</value>
         <object_component_ref idref="oc-2db"/>
      </symbol>
      <symbol id="sm-38f">
         <name>OrbitOledRopAnd</name>
         <value>0x16ef</value>
         <object_component_ref idref="oc-2db"/>
      </symbol>
      <symbol id="sm-390">
         <name>OrbitOledPutBmp</name>
         <value>0x1455</value>
         <object_component_ref idref="oc-2db"/>
      </symbol>
      <symbol id="sm-391">
         <name>OrbitOledSetDrawMode</name>
         <value>0xf8d</value>
         <object_component_ref idref="oc-2db"/>
      </symbol>
      <symbol id="sm-392">
         <name>OrbitOledClampXco</name>
         <value>0x17e1</value>
         <object_component_ref idref="oc-2db"/>
      </symbol>
      <symbol id="sm-393">
         <name>OrbitOledSetFillPattern</name>
         <value>0xf7d</value>
         <object_component_ref idref="oc-2db"/>
      </symbol>
      <symbol id="sm-394">
         <name>OrbitOledRopOr</name>
         <value>0x16cb</value>
         <object_component_ref idref="oc-2db"/>
      </symbol>
      <symbol id="sm-3a6">
         <name>DelayMs</name>
         <value>0x2bff</value>
         <object_component_ref idref="oc-2f0"/>
      </symbol>
      <symbol id="sm-3a7">
         <name>DelayInit</name>
         <value>0x2be5</value>
         <object_component_ref idref="oc-2f0"/>
      </symbol>
      <symbol id="sm-3b6">
         <name>__aeabi_uidivmod</name>
         <value>0x2dfd</value>
         <object_component_ref idref="oc-240"/>
      </symbol>
      <symbol id="sm-3b7">
         <name>__aeabi_uidiv</name>
         <value>0x2dfd</value>
         <object_component_ref idref="oc-240"/>
      </symbol>
      <symbol id="sm-3ce">
         <name>__TI_zero_init</name>
         <value>0x31a3</value>
         <object_component_ref idref="oc-4d"/>
      </symbol>
      <symbol id="sm-3e5">
         <name>__TI_decompress_none</name>
         <value>0x317d</value>
         <object_component_ref idref="oc-18"/>
      </symbol>
      <symbol id="sm-408">
         <name>__TI_decompress_lzss</name>
         <value>0x2b1d</value>
         <object_component_ref idref="oc-12"/>
      </symbol>
      <symbol id="sm-41b">
         <name>__stack</name>
         <value>0x200005e8</value>
         <object_component_ref idref="oc-21"/>
      </symbol>
      <symbol id="sm-41c">
         <name>_c_int00_noargs</name>
         <value>0x2eb5</value>
         <object_component_ref idref="oc-59"/>
      </symbol>
      <symbol id="sm-427">
         <name>C$$EXIT</name>
         <value>0x321b</value>
         <object_component_ref idref="oc-181"/>
      </symbol>
      <symbol id="sm-428">
         <name>abort</name>
         <value>0x321b</value>
         <object_component_ref idref="oc-181"/>
      </symbol>
      <symbol id="sm-4ae">
         <name>_sys_memory</name>
         <value>0x200007e8</value>
         <object_component_ref idref="oc-24"/>
      </symbol>
      <symbol id="sm-4af">
         <name>free</name>
         <value>0x271d</value>
         <object_component_ref idref="oc-1ee"/>
      </symbol>
      <symbol id="sm-4b0">
         <name>calloc</name>
         <value>0x2fb9</value>
         <object_component_ref idref="oc-1e8"/>
      </symbol>
      <symbol id="sm-4b1">
         <name>malloc</name>
         <value>0x2a3d</value>
         <object_component_ref idref="oc-2a3"/>
      </symbol>
      <symbol id="sm-4b2">
         <name>minit</name>
         <value>0x2eed</value>
         <object_component_ref idref="oc-2aa"/>
      </symbol>
      <symbol id="sm-4c7">
         <name>_nop</name>
         <value>0x2517</value>
         <object_component_ref idref="oc-355"/>
      </symbol>
      <symbol id="sm-4c8">
         <name>_lock</name>
         <value>0x200009f4</value>
         <object_component_ref idref="oc-27a"/>
      </symbol>
      <symbol id="sm-4c9">
         <name>_unlock</name>
         <value>0x200009f8</value>
         <object_component_ref idref="oc-27a"/>
      </symbol>
      <symbol id="sm-4d4">
         <name>__aeabi_idiv0</name>
         <value>0x2d73</value>
         <object_component_ref idref="oc-341"/>
      </symbol>
      <symbol id="sm-4d5">
         <name>__aeabi_ldiv0</name>
         <value>0x2d73</value>
         <object_component_ref idref="oc-341"/>
      </symbol>
      <symbol id="sm-4e4">
         <name>__aeabi_memset</name>
         <value>0x29c5</value>
         <object_component_ref idref="oc-93"/>
      </symbol>
      <symbol id="sm-4e5">
         <name>memset</name>
         <value>0x29cb</value>
         <object_component_ref idref="oc-93"/>
      </symbol>
      <symbol id="sm-4e6">
         <name>__aeabi_memset8</name>
         <value>0x29c5</value>
         <object_component_ref idref="oc-93"/>
      </symbol>
      <symbol id="sm-4e7">
         <name>__aeabi_memset4</name>
         <value>0x29c5</value>
         <object_component_ref idref="oc-93"/>
      </symbol>
      <symbol id="sm-4e8">
         <name>__aeabi_memclr8</name>
         <value>0x29c3</value>
         <object_component_ref idref="oc-93"/>
      </symbol>
      <symbol id="sm-4e9">
         <name>__aeabi_memclr4</name>
         <value>0x29c3</value>
         <object_component_ref idref="oc-93"/>
      </symbol>
      <symbol id="sm-4ea">
         <name>__aeabi_memclr</name>
         <value>0x29c3</value>
         <object_component_ref idref="oc-93"/>
      </symbol>
      <symbol id="sm-505">
         <name>memcpy</name>
         <value>0x28ad</value>
         <object_component_ref idref="oc-3b"/>
      </symbol>
      <symbol id="sm-506">
         <name>__aeabi_memcpy</name>
         <value>0x28ad</value>
         <object_component_ref idref="oc-3b"/>
      </symbol>
      <symbol id="sm-507">
         <name>__aeabi_memcpy8</name>
         <value>0x28ad</value>
         <object_component_ref idref="oc-3b"/>
      </symbol>
      <symbol id="sm-508">
         <name>__aeabi_memcpy4</name>
         <value>0x28ad</value>
         <object_component_ref idref="oc-3b"/>
      </symbol>
      <symbol id="sm-530">
         <name>__TI_auto_init_nobinit_nopinit</name>
         <value>0x2db9</value>
         <object_component_ref idref="oc-18d"/>
      </symbol>
      <symbol id="sm-53a">
         <name>_system_pre_init</name>
         <value>0x3217</value>
         <object_component_ref idref="oc-99"/>
      </symbol>
      <symbol id="sm-59e">
         <name>ADCProcessorTrigger</name>
         <value>0x3081</value>
         <object_component_ref idref="oc-d8"/>
      </symbol>
      <symbol id="sm-59f">
         <name>ADCSequenceEnable</name>
         <value>0x3161</value>
         <object_component_ref idref="oc-12c"/>
      </symbol>
      <symbol id="sm-5a0">
         <name>ADCSequenceConfigure</name>
         <value>0x2c41</value>
         <object_component_ref idref="oc-120"/>
      </symbol>
      <symbol id="sm-5a1">
         <name>ADCIntEnable</name>
         <value>0x3131</value>
         <object_component_ref idref="oc-138"/>
      </symbol>
      <symbol id="sm-5a2">
         <name>ADCSequenceStepConfigure</name>
         <value>0x2949</value>
         <object_component_ref idref="oc-126"/>
      </symbol>
      <symbol id="sm-5a3">
         <name>ADCIntClear</name>
         <value>0x31bb</value>
         <object_component_ref idref="oc-f0"/>
      </symbol>
      <symbol id="sm-5a4">
         <name>ADCIntRegister</name>
         <value>0x3069</value>
         <object_component_ref idref="oc-132"/>
      </symbol>
      <symbol id="sm-5a5">
         <name>ADCSequenceDataGet</name>
         <value>0x302d</value>
         <object_component_ref idref="oc-e4"/>
      </symbol>
      <symbol id="sm-600">
         <name>GPIOPinConfigure</name>
         <value>0x2ce1</value>
         <object_component_ref idref="oc-14a"/>
      </symbol>
      <symbol id="sm-601">
         <name>GPIOPinTypeGPIOInput</name>
         <value>0x30b1</value>
         <object_component_ref idref="oc-1c8"/>
      </symbol>
      <symbol id="sm-602">
         <name>GPIOPinTypeUART</name>
         <value>0x30dd</value>
         <object_component_ref idref="oc-144"/>
      </symbol>
      <symbol id="sm-603">
         <name>GPIOPinTypeGPIOOutput</name>
         <value>0x3099</value>
         <object_component_ref idref="oc-314"/>
      </symbol>
      <symbol id="sm-604">
         <name>GPIOPinRead</name>
         <value>0x31ff</value>
         <object_component_ref idref="oc-1d4"/>
      </symbol>
      <symbol id="sm-605">
         <name>GPIODirModeSet</name>
         <value>0x2f8d</value>
         <object_component_ref idref="oc-229"/>
      </symbol>
      <symbol id="sm-606">
         <name>GPIOPinWrite</name>
         <value>0x3205</value>
         <object_component_ref idref="oc-30e"/>
      </symbol>
      <symbol id="sm-607">
         <name>GPIOPadConfigSet</name>
         <value>0x23e5</value>
         <object_component_ref idref="oc-1ce"/>
      </symbol>
      <symbol id="sm-608">
         <name>GPIOPinTypeSSI</name>
         <value>0x30c7</value>
         <object_component_ref idref="oc-2f6"/>
      </symbol>
      <symbol id="sm-642">
         <name>IntEnable</name>
         <value>0x2ab5</value>
         <object_component_ref idref="oc-213"/>
      </symbol>
      <symbol id="sm-643">
         <name>IntRegister</name>
         <value>0x2f25</value>
         <object_component_ref idref="oc-200"/>
      </symbol>
      <symbol id="sm-644">
         <name>g_pfnRAMVectors</name>
         <value>0x20000000</value>
         <object_component_ref idref="oc-2d1"/>
      </symbol>
      <symbol id="sm-645">
         <name>IntMasterEnable</name>
         <value>0x3141</value>
         <object_component_ref idref="oc-174"/>
      </symbol>
      <symbol id="sm-67d">
         <name>SSIDataPut</name>
         <value>0x31c5</value>
         <object_component_ref idref="oc-320"/>
      </symbol>
      <symbol id="sm-67e">
         <name>SSIDataGet</name>
         <value>0x3197</value>
         <object_component_ref idref="oc-326"/>
      </symbol>
      <symbol id="sm-67f">
         <name>SSIConfigSetExpClk</name>
         <value>0x2e3d</value>
         <object_component_ref idref="oc-302"/>
      </symbol>
      <symbol id="sm-680">
         <name>SSIEnable</name>
         <value>0x31cf</value>
         <object_component_ref idref="oc-308"/>
      </symbol>
      <symbol id="sm-681">
         <name>SSIClockSourceSet</name>
         <value>0x320b</value>
         <object_component_ref idref="oc-2fc"/>
      </symbol>
      <symbol id="sm-682">
         <name>SSIBusy</name>
         <value>0x31f7</value>
         <object_component_ref idref="oc-31a"/>
      </symbol>
      <symbol id="sm-6d3">
         <name>SysCtlClockSet</name>
         <value>0x2629</value>
         <object_component_ref idref="oc-f6"/>
      </symbol>
      <symbol id="sm-6d4">
         <name>SysCtlDelay</name>
         <value>0x3211</value>
         <object_component_ref idref="oc-1f7"/>
      </symbol>
      <symbol id="sm-6d5">
         <name>SysCtlPeripheralEnable</name>
         <value>0x2f59</value>
         <object_component_ref idref="oc-11a"/>
      </symbol>
      <symbol id="sm-6d6">
         <name>SysCtlClockGet</name>
         <value>0x2519</value>
         <object_component_ref idref="oc-fc"/>
      </symbol>
      <symbol id="sm-703">
         <name>SysTickEnable</name>
         <value>0x30f5</value>
         <object_component_ref idref="oc-114"/>
      </symbol>
      <symbol id="sm-704">
         <name>SysTickIntRegister</name>
         <value>0x304d</value>
         <object_component_ref idref="oc-108"/>
      </symbol>
      <symbol id="sm-705">
         <name>SysTickIntEnable</name>
         <value>0x3109</value>
         <object_component_ref idref="oc-10e"/>
      </symbol>
      <symbol id="sm-706">
         <name>SysTickPeriodSet</name>
         <value>0x3151</value>
         <object_component_ref idref="oc-102"/>
      </symbol>
      <symbol id="sm-72a">
         <name>TimerEnable</name>
         <value>0x316f</value>
         <object_component_ref idref="oc-392"/>
      </symbol>
      <symbol id="sm-72b">
         <name>TimerValueGet</name>
         <value>0x31d9</value>
         <object_component_ref idref="oc-398"/>
      </symbol>
      <symbol id="sm-72c">
         <name>TimerConfigure</name>
         <value>0x2b85</value>
         <object_component_ref idref="oc-38c"/>
      </symbol>
      <symbol id="sm-75e">
         <name>UARTConfigSetExpClk</name>
         <value>0x2d2d</value>
         <object_component_ref idref="oc-150"/>
      </symbol>
      <symbol id="sm-75f">
         <name>UARTDisable</name>
         <value>0x300d</value>
         <object_component_ref idref="oc-235"/>
      </symbol>
      <symbol id="sm-760">
         <name>UARTCharPut</name>
         <value>0x31e3</value>
         <object_component_ref idref="oc-162"/>
      </symbol>
      <symbol id="sm-761">
         <name>UARTEnable</name>
         <value>0x311d</value>
         <object_component_ref idref="oc-15c"/>
      </symbol>
      <symbol id="sm-762">
         <name>UARTFIFOEnable</name>
         <value>0x31ed</value>
         <object_component_ref idref="oc-156"/>
      </symbol>
      <symbol id="sm-76c">
         <name>CPUcpsie</name>
         <value>0x318b</value>
         <object_component_ref idref="oc-261"/>
      </symbol>
      <symbol id="sm-76d">
         <name>__TI_static_base__</name>
         <value>0x0</value>
      </symbol>
      <symbol id="sm-770">
         <name>__mpu_init</name>
         <value>0x0</value>
      </symbol>
      <symbol id="sm-771">
         <name>_system_post_cinit</name>
         <value>0x0</value>
      </symbol>
   </symbol_table>
   <title>Link successful</title>
</link_info>
